--------- beginning of system
01-18 10:51:18.319  1449  1633 I ActivityManager: Force stopping com.microsoft.azure.spatialanchors.examples.unity.helloar appid=10630 user=-1: installPackageLI
01-18 10:51:18.320  1449  1653 I PackageManager: Update package com.microsoft.azure.spatialanchors.examples.unity.helloar code path from /data/app/com.microsoft.azure.spatialanchors.examples.unity.helloar-AUFN81DMLdx8eXPcXexYUw== to /data/app/com.microsoft.azure.spatialanchors.examples.unity.helloar-zKXiOAg3PEzppCL148Xang==; Retain data and using new
01-18 10:51:18.320  1449  1653 I PackageManager: Update package com.microsoft.azure.spatialanchors.examples.unity.helloar resource path from /data/app/com.microsoft.azure.spatialanchors.examples.unity.helloar-AUFN81DMLdx8eXPcXexYUw== to /data/app/com.microsoft.azure.spatialanchors.examples.unity.helloar-zKXiOAg3PEzppCL148Xang==; Retain data and using new
01-18 10:51:18.436  1449  1653 I PackageManager: Un-granting permission android.permission.MANAGE_DOCUMENTS from package com.google.android.youtube (protectionLevel=262146 flags=0x30dbbec5)
01-18 10:51:18.439  1449  1653 I PackageManager: Un-granting permission android.permission.MANAGE_USB from package com.google.android.googlequicksearchbox (protectionLevel=18 flags=0xb0dbbec5)
01-18 10:51:18.439  1449  1653 I PackageManager: Un-granting permission com.google.android.googleapps.permission.GOOGLE_AUTH from package com.android.providers.calendar (protectionLevel=2 flags=0x3088be45)
01-18 10:51:18.439  1449  1653 I PackageManager: Un-granting permission com.google.android.googleapps.permission.GOOGLE_AUTH.cl from package com.android.providers.calendar (protectionLevel=2 flags=0x3088be45)
01-18 10:51:18.442  1449  1653 I PackageManager: Un-granting permission com.google.android.setupwizard.READ_DEVICE_ORIGIN from package com.google.android.apps.messaging (protectionLevel=18 flags=0x38cbbec5)
01-18 10:51:18.443  1449  1653 I PackageManager: Un-granting permission android.permission.ACCESS_DOWNLOAD_MANAGER from package com.microsoft.office.officelens (protectionLevel=18 flags=0x30d83e44)
01-18 10:51:18.445  1449  1653 I PackageManager: Un-granting permission android.permission.SEND_DOWNLOAD_COMPLETED_INTENTS from package com.android.vending (protectionLevel=2 flags=0x38cabec5)
01-18 10:51:18.446  1449  1653 I PackageManager: Un-granting permission android.permission.WRITE_SETTINGS from package com.microsoft.skydrive (protectionLevel=1218 flags=0x30d83e44)
01-18 10:51:18.446  1449  1653 I PackageManager: Un-granting permission android.permission.REQUEST_INSTALL_PACKAGES from package com.microsoft.skydrive (protectionLevel=66 flags=0x30d83e44)
01-18 10:51:18.446  1449  1653 I PackageManager: Un-granting permission android.permission.SYSTEM_ALERT_WINDOW from package com.rnunitydemo (protectionLevel=1250 flags=0x3888be46)
01-18 10:51:18.450  1449  1653 I PackageManager: Un-granting permission android.permission.REQUEST_INSTALL_PACKAGES from package com.instagram.android (protectionLevel=66 flags=0x30c83e64)
01-18 10:51:18.451  1449  1653 I PackageManager: Un-granting permission com.google.android.providers.gsf.permission.WRITE_GSERVICES from package com.google.android.as (protectionLevel=18 flags=0x30c8be44)
01-18 10:51:18.451  1449  1653 I PackageManager: Un-granting permission android.permission.REQUEST_INSTALL_PACKAGES from package com.google.android.gm (protectionLevel=66 flags=0x38cbbec5)
01-18 10:51:18.453  1449  1653 I PackageManager: Un-granting permission android.permission.REQUEST_INSTALL_PACKAGES from package com.moodle.moodlemobile (protectionLevel=66 flags=0x38c8be44)
01-18 10:51:18.456  1449  1653 I PackageManager: Un-granting permission android.permission.WRITE_SETTINGS from package com.google.android.music (protectionLevel=1218 flags=0x38cbbe64)
01-18 10:51:18.456  1449  1653 I PackageManager: Un-granting permission android.permission.BIND_JOB_SERVICE from package com.google.android.music (protectionLevel=2 flags=0x38cbbe64)
01-18 10:51:18.457  1449  1653 I PackageManager: Un-granting permission android.permission.LOCATION_HARDWARE from package com.google.android.apps.wellbeing (protectionLevel=18 flags=0x20cbbec5)
01-18 10:51:18.457  1449  1653 I PackageManager: Un-granting permission android.permission.WRITE_SECURE_SETTINGS from package com.google.android.dialer (protectionLevel=50 flags=0x20cbbec5)
01-18 10:51:18.459  1449  1653 I PackageManager: Un-granting permission android.permission.REQUEST_INSTALL_PACKAGES from package com.google.android.apps.nbu.files (protectionLevel=66 flags=0x30c83ec5)
01-18 10:51:18.460  1449  1653 I PackageManager: Un-granting permission android.permission.REQUEST_INSTALL_PACKAGES from package com.google.android.apps.docs (protectionLevel=66 flags=0x38cbbec5)
01-18 10:51:18.460  1449  1653 I PackageManager: Un-granting permission android.permission.REQUEST_INSTALL_PACKAGES from package com.oculus.twilight (protectionLevel=66 flags=0x30c83e44)
01-18 10:51:18.461  1449  1653 I PackageManager: Un-granting permission com.google.android.gm.permission.READ_GMAIL from package com.google.android.contacts (protectionLevel=2 flags=0x30cbbec5)
01-18 10:51:18.461  1449  1653 I PackageManager: Un-granting permission com.google.android.googleapps.permission.GOOGLE_AUTH from package com.google.android.contacts (protectionLevel=2 flags=0x30cbbec5)
01-18 10:51:18.462  1449  1653 I PackageManager: Un-granting permission android.permission.INTERACT_ACROSS_USERS from package com.google.android.syncadapters.contacts (protectionLevel=50 flags=0x20883e45)
01-18 10:51:18.463  1449  1653 I PackageManager: Un-granting permission android.permission.REQUEST_INSTALL_PACKAGES from package com.android.chrome (protectionLevel=66 flags=0xa0cbbec5)
01-18 10:51:18.463  1449  1653 I PackageManager: Un-granting permission android.permission.CAPTURE_VIDEO_OUTPUT from package com.google.android.gms (protectionLevel=2 flags=0xa0cabec5)
01-18 10:51:18.464  1449  1653 I PackageManager: Un-granting permission android.permission.MANAGE_DEVICE_ADMINS from package com.google.android.gms (protectionLevel=2 flags=0xa0cabec5)
01-18 10:51:18.464  1449  1653 I PackageManager: Un-granting permission android.permission.MANAGE_ACTIVITY_STACKS from package com.google.android.gms (protectionLevel=2 flags=0xa0cabec5)
01-18 10:51:18.464  1449  1653 I PackageManager: Un-granting permission android.permission.CAPTURE_SECURE_VIDEO_OUTPUT from package com.google.android.gms (protectionLevel=2 flags=0xa0cabec5)
01-18 10:51:18.468  1449  1653 I PackageManager: Un-granting permission com.google.android.googleapps.permission.GOOGLE_AUTH from package com.google.android.videos (protectionLevel=2 flags=0x30dbbe44)
01-18 10:51:18.470  1449  1653 I PackageManager: Un-granting permission android.permission.WRITE_MEDIA_STORAGE from package com.google.android.apps.photos (protectionLevel=18 flags=0x38d9bec5)
01-18 10:51:18.471  1449  1653 I PackageManager: Un-granting permission android.permission.WRITE_SETTINGS from package com.glgjing.stark (protectionLevel=1218 flags=0x3088be44)
01-18 10:51:18.471  1449  1653 I PackageManager: Un-granting permission android.permission.SYSTEM_ALERT_WINDOW from package com.glgjing.stark (protectionLevel=1250 flags=0x3088be44)
01-18 10:51:18.471  1449  1653 I PackageManager: Un-granting permission android.permission.PACKAGE_USAGE_STATS from package com.glgjing.stark (protectionLevel=114 flags=0x3088be44)
01-18 10:51:18.474  1449  1653 I PackageManager: Un-granting permission android.permission.PACKAGE_USAGE_STATS from package com.hmdglobal.support (protectionLevel=114 flags=0x30c8bec5)
01-18 10:51:18.475  1449  1653 I PackageManager: Un-granting permission android.permission.DUMP from package com.google.android.apps.turbo (protectionLevel=50 flags=0x30cbbec5)
01-18 10:51:18.475  1449  1653 I PackageManager: Un-granting permission android.permission.READ_WALLPAPER_INTERNAL from package com.google.android.apps.wallpaper (protectionLevel=18 flags=0x38cbbec5)
01-18 10:51:19.508  1449  1653 I PackageManager: [SW3]StatsLog PKG_ADM__ADM__MODIFY, isSystemApp:false
01-18 10:51:19.556  1449  1653 I ActivityManager: Force stopping com.microsoft.azure.spatialanchors.examples.unity.helloar appid=10630 user=0: pkg removed
01-18 10:51:31.279  1449  1634 I ActivityManager: Start proc 28061:com.android.bluetooth/1002 for service {com.android.bluetooth/com.android.bluetooth.btservice.AdapterService}
01-18 10:51:31.282  1449  1634 D ActivityManager: handleProcessStartedLocked mDoneFinishBooting && app.pid != 0 ---> notifyProcessStart, app.processName = com.android.bluetooth, app.info = ApplicationInfo{9e8c93b com.android.bluetooth}, app.hostingType = service, getHostingName() = ComponentInfo{com.android.bluetooth/com.android.bluetooth.btservice.AdapterService}, getIntentFlag() = 0, getIsPackageRunning() = false, app = ProcessRecord{40fd858 28061:com.android.bluetooth/1002}, getExtraData() = Bundle[{SERVICE_INTENT=Intent { act=android.bluetooth.IBluetooth cmp=com.android.bluetooth/.btservice.AdapterService }, CALLER_PACKAGE=android}]
01-18 10:51:35.805  1449  1634 I ActivityManager: Start proc 28113:com.google.android.apps.messaging/u0a113 for broadcast {com.google.android.apps.messaging/com.google.android.apps.messaging.shared.analytics.AnalyticsAlarmReceiver}
01-18 10:51:35.806  1449  1634 D ActivityManager: handleProcessStartedLocked mDoneFinishBooting && app.pid != 0 ---> notifyProcessStart, app.processName = com.google.android.apps.messaging, app.info = ApplicationInfo{4080a2c com.google.android.apps.messaging}, app.hostingType = broadcast, getHostingName() = ComponentInfo{com.google.android.apps.messaging/com.google.android.apps.messaging.shared.analytics.AnalyticsAlarmReceiver}, getIntentFlag() = 20, getIsPackageRunning() = false, app = ProcessRecord{48decf5 28113:com.google.android.apps.messaging/u0a113}, getExtraData() = Bundle[{BROADCAST_INTENT=Intent { flg=0x14 cmp=com.google.android.apps.messaging/.shared.analytics.AnalyticsAlarmReceiver (has extras) }, CALLER_PACKAGE=com.google.android.apps.messaging}]
01-18 10:51:36.201  1449  2785 W ActivityManager: Background start not allowed: service Intent { cmp=com.google.android.apps.messaging/.shared.datamodel.action.execution.ActionExecutorImpl$EmptyService } to com.google.android.apps.messaging/.shared.datamodel.action.execution.ActionExecutorImpl$EmptyService from pid=28113 uid=10113 pkg=com.google.android.apps.messaging startFg?=false
01-18 10:51:36.219  1449  2785 W ActivityManager: Background start not allowed: service Intent { cmp=com.google.android.apps.messaging/.shared.datamodel.action.execution.ActionExecutorImpl$EmptyService } to com.google.android.apps.messaging/.shared.datamodel.action.execution.ActionExecutorImpl$EmptyService from pid=28113 uid=10113 pkg=com.google.android.apps.messaging startFg?=false
01-18 10:51:36.255  1449  6897 W ActivityManager: Background start not allowed: service Intent { cmp=com.google.android.apps.messaging/.shared.datamodel.action.execution.ActionExecutorImpl$EmptyService } to com.google.android.apps.messaging/.shared.datamodel.action.execution.ActionExecutorImpl$EmptyService from pid=28113 uid=10113 pkg=com.google.android.apps.messaging startFg?=false
01-18 10:51:36.279  1449  6897 W ActivityManager: Background start not allowed: service Intent { cmp=com.google.android.apps.messaging/.shared.datamodel.action.execution.ActionExecutorImpl$EmptyService } to com.google.android.apps.messaging/.shared.datamodel.action.execution.ActionExecutorImpl$EmptyService from pid=28113 uid=10113 pkg=com.google.android.apps.messaging startFg?=false
01-18 10:51:36.469  1449  2785 I ActivityManager: Killing 26621:com.evenwell.AprUploadService/u0a47 (adj 985): empty for 2937s
01-18 10:51:42.103  1449  5810 W ActivityManager: Background start not allowed: service Intent { cmp=com.google.android.apps.messaging/.shared.datamodel.action.execution.ActionExecutorImpl$EmptyService } to com.google.android.apps.messaging/.shared.datamodel.action.execution.ActionExecutorImpl$EmptyService from pid=28113 uid=10113 pkg=com.google.android.apps.messaging startFg?=false
01-18 10:51:47.579  1449  5810 W ActivityManager: Background start not allowed: service Intent { cmp=com.google.android.apps.messaging/.shared.datamodel.action.execution.ActionExecutorImpl$EmptyService } to com.google.android.apps.messaging/.shared.datamodel.action.execution.ActionExecutorImpl$EmptyService from pid=28113 uid=10113 pkg=com.google.android.apps.messaging startFg?=false
01-18 10:52:29.419  1449  7548 I ActivityManager: Process com.qualcomm.qti.workloadclassifier (pid 25874) has died: cch+95 SVC 
01-18 10:52:29.431  1449  7548 W ActivityManager: Scheduling restart of crashed service com.qualcomm.qti.workloadclassifier/.WLCService in 1000ms
01-18 10:52:30.469  1449  1634 I ActivityManager: Start proc 28226:com.qualcomm.qti.workloadclassifier/1000 for service {com.qualcomm.qti.workloadclassifier/com.qualcomm.qti.workloadclassifier.WLCService}
01-18 10:52:30.470  1449  1634 D ActivityManager: handleProcessStartedLocked mDoneFinishBooting && app.pid != 0 ---> notifyProcessStart, app.processName = com.qualcomm.qti.workloadclassifier, app.info = ApplicationInfo{e89bfcb com.qualcomm.qti.workloadclassifier}, app.hostingType = service, getHostingName() = ComponentInfo{com.qualcomm.qti.workloadclassifier/com.qualcomm.qti.workloadclassifier.WLCService}, getIntentFlag() = 0, getIsPackageRunning() = false, app = ProcessRecord{df7b64b 28226:com.qualcomm.qti.workloadclassifier/1000}, getExtraData() = Bundle[{SERVICE_INTENT=Intent { cmp=com.qualcomm.qti.workloadclassifier/.WLCService }, CALLER_PACKAGE=com.qualcomm.qti.workloadclassifier}]
01-18 10:52:35.338  1449  9452 I ActivityManager: Process com.android.bluetooth (pid 28061) has died: fore SVC 
01-18 10:52:36.640  1449  1615 D ActivityManager: Package [com.mit.reality.hack] have process
01-18 10:52:36.650  1449  1634 I ActivityManager: Start proc 28276:com.mit.reality.hack/u0a635 for activity {com.mit.reality.hack/com.unity3d.player.UnityPlayerActivity}
01-18 10:52:36.651  1449  1634 D ActivityManager: handleProcessStartedLocked mDoneFinishBooting && app.pid != 0 ---> notifyProcessStart, app.processName = com.mit.reality.hack, app.info = ApplicationInfo{2148dbb com.mit.reality.hack}, app.hostingType = activity, getHostingName() = ComponentInfo{com.mit.reality.hack/com.unity3d.player.UnityPlayerActivity}, getIntentFlag() = 0, getIsPackageRunning() = true, app = ProcessRecord{a2385eb 28276:com.mit.reality.hack/u0a635}, getExtraData() = null
01-18 10:52:38.836  1449  1523 I ActivityManager: Process com.evenwell.autoregistration (pid 24481) has died: cch+85 SVC 
01-18 10:52:38.842  1449  1523 W ActivityManager: Scheduling restart of crashed service com.evenwell.autoregistration/.Caivs.CavisService in 1000ms
01-18 10:52:38.843  1449  1523 W ActivityManager: Scheduling restart of crashed service com.evenwell.autoregistration/.Caivs.PhoneStateService in 10999ms
01-18 10:52:38.866  1449  3592 I ActivityManager: Process com.qualcomm.telephony (pid 26410) has died: cch+85 SVC 
01-18 10:52:38.868  1449  3592 W ActivityManager: Scheduling restart of crashed service com.qualcomm.atfwd/.AtFwdService in 20973ms
01-18 10:52:39.859  1449  1634 I ActivityManager: Start proc 28334:com.evenwell.autoregistration/1000 for service {com.evenwell.autoregistration/com.evenwell.autoregistration.Caivs.CavisService}
01-18 10:52:39.859  1449  1634 D ActivityManager: handleProcessStartedLocked mDoneFinishBooting && app.pid != 0 ---> notifyProcessStart, app.processName = com.evenwell.autoregistration, app.info = ApplicationInfo{e3954ef com.evenwell.autoregistration}, app.hostingType = service, getHostingName() = ComponentInfo{com.evenwell.autoregistration/com.evenwell.autoregistration.Caivs.CavisService}, getIntentFlag() = 0, getIsPackageRunning() = false, app = ProcessRecord{1e68f8f 28334:com.evenwell.autoregistration/1000}, getExtraData() = Bundle[{SERVICE_INTENT=Intent { act=com.evenwell.autoregistration.START_CAIVS_SERVICE pkg=com.evenwell.autoregistration }, CALLER_PACKAGE=com.evenwell.autoregistration}]
01-18 10:52:41.903  1449  9312 I ActivityManager: Process com.google.android.apps.turbo:aab (pid 26663) has died: cch+65 CEM 
01-18 10:52:42.024  1449  3592 I ActivityManager: Process com.google.android.partnersetup (pid 26857) has died: cch+65 CEM 
01-18 10:52:45.355  1449  1523 I ActivityManager: Process com.google.process.gapps (pid 26919) has died: cch+65 CEM 
01-18 10:52:45.430  1449  6960 I ActivityManager: Process com.google.android.ims (pid 24308) has died: cch+55 SVC 
01-18 10:52:45.434  1449  6960 W ActivityManager: Scheduling restart of crashed service com.google.android.ims/.services.RcsService in 1000ms
01-18 10:52:46.459  1449  1634 I ActivityManager: Start proc 28483:com.google.android.ims/u0a51 for service {com.google.android.ims/com.google.android.ims.services.RcsService}
01-18 10:52:46.459  1449  1634 D ActivityManager: handleProcessStartedLocked mDoneFinishBooting && app.pid != 0 ---> notifyProcessStart, app.processName = com.google.android.ims, app.info = ApplicationInfo{b938a84 com.google.android.ims}, app.hostingType = service, getHostingName() = ComponentInfo{com.google.android.ims/com.google.android.ims.services.RcsService}, getIntentFlag() = 0, getIsPackageRunning() = false, app = ProcessRecord{ad19e7c 28483:com.google.android.ims/u0a51}, getExtraData() = Bundle[{SERVICE_INTENT=Intent { act=csapk.created cmp=com.google.android.ims/.services.RcsService }, CALLER_PACKAGE=com.google.android.apps.messaging}]
01-18 10:52:46.922  1449  3633 I ActivityManager: Process com.google.android.contacts (pid 26946) has died: cch+95 CEM 
01-18 10:52:47.472  1449  3633 W ActivityManager: Unable to start service Intent { act=com.google.android.ims.SIM_ABSENT cmp=com.google.android.ims/cpp } U=0: not found
01-18 10:52:47.485  1449  8956 W ActivityManager: Receiver with filter android.content.IntentFilter@c6461a already registered for pid 28483, callerPackage is com.google.android.ims
01-18 10:52:47.486  1449  8956 W ActivityManager: Receiver with filter android.content.IntentFilter@fe3f54b already registered for pid 28483, callerPackage is com.google.android.ims
01-18 10:52:53.171  1449  1634 I ActivityManager: Start proc 28609:com.android.bluetooth/1002 for service {com.android.bluetooth/com.android.bluetooth.btservice.AdapterService}
01-18 10:52:53.171  1449  1634 D ActivityManager: handleProcessStartedLocked mDoneFinishBooting && app.pid != 0 ---> notifyProcessStart, app.processName = com.android.bluetooth, app.info = ApplicationInfo{b96b5e3 com.android.bluetooth}, app.hostingType = service, getHostingName() = ComponentInfo{com.android.bluetooth/com.android.bluetooth.btservice.AdapterService}, getIntentFlag() = 0, getIsPackageRunning() = false, app = ProcessRecord{b28cbe0 28609:com.android.bluetooth/1002}, getExtraData() = Bundle[{SERVICE_INTENT=Intent { act=android.bluetooth.IBluetooth cmp=com.android.bluetooth/.btservice.AdapterService }, CALLER_PACKAGE=android}]
01-18 10:52:53.208  1449  6007 I ActivityManager: Process com.mit.reality.hack (pid 28276) has died: cch+5 CEM 
01-18 10:52:53.227  1449  1615 W ActivityManager: setHasOverlayUi called on unknown pid: 28276
01-18 10:52:54.709  1449  3611 W ActivityManager: Unable to start service Intent { cmp=com.evenwell.faceplusrecognition/.FacePlusService } U=0: not found
01-18 10:52:59.868  1449  1634 I ActivityManager: Start proc 28669:com.qualcomm.telephony/u0a241 for service {com.qualcomm.atfwd/com.qualcomm.atfwd.AtFwdService}
01-18 10:52:59.869  1449  1634 D ActivityManager: handleProcessStartedLocked mDoneFinishBooting && app.pid != 0 ---> notifyProcessStart, app.processName = com.qualcomm.telephony, app.info = ApplicationInfo{139e136 com.qualcomm.atfwd}, app.hostingType = service, getHostingName() = ComponentInfo{com.qualcomm.atfwd/com.qualcomm.atfwd.AtFwdService}, getIntentFlag() = 0, getIsPackageRunning() = false, app = ProcessRecord{3799df4 28669:com.qualcomm.telephony/u0a241}, getExtraData() = Bundle[{SERVICE_INTENT=Intent { cmp=com.qualcomm.atfwd/.AtFwdService }, CALLER_PACKAGE=com.qualcomm.atfwd}]
01-18 10:52:59.899  1449  7759 I ActivityManager: Process com.android.bluetooth (pid 28609) has died: fore SVC 
01-18 10:53:36.283  1449  2932 W ActivityManager: Background start not allowed: service Intent { cmp=com.google.android.apps.messaging/.shared.datamodel.action.execution.ActionExecutorImpl$EmptyService } to com.google.android.apps.messaging/.shared.datamodel.action.execution.ActionExecutorImpl$EmptyService from pid=28113 uid=10113 pkg=com.google.android.apps.messaging startFg?=false
01-18 11:01:23.979  1449  1634 I ActivityManager: Start proc 28817:com.microsoft.skydrive/u0a213 for service {com.microsoft.skydrive/com.microsoft.skydrive.jobs.LocalNotificationDailyJob}
01-18 11:01:23.980  1449  1634 D ActivityManager: handleProcessStartedLocked mDoneFinishBooting && app.pid != 0 ---> notifyProcessStart, app.processName = com.microsoft.skydrive, app.info = ApplicationInfo{ea7825e com.microsoft.skydrive}, app.hostingType = service, getHostingName() = ComponentInfo{com.google.android.apps.nbu.files/com.google.android.apps.nbu.files.junkdetection.JunkDetectionService}, getIntentFlag() = 0, getIsPackageRunning() = false, app = ProcessRecord{bfb55d1 28817:com.microsoft.skydrive/u0a213}, getExtraData() = Bundle[{SERVICE_INTENT=Intent { cmp=com.google.android.apps.nbu.files/.junkdetection.JunkDetectionService }, CALLER_PACKAGE=android}]
01-18 11:01:24.003  1449  1634 I ActivityManager: Start proc 28829:com.google.android.apps.nbu.files/u0a60 for service {com.google.android.apps.nbu.files/com.google.android.apps.nbu.files.junkdetection.JunkDetectionService}
01-18 11:01:24.003  1449  1634 D ActivityManager: handleProcessStartedLocked mDoneFinishBooting && app.pid != 0 ---> notifyProcessStart, app.processName = com.google.android.apps.nbu.files, app.info = ApplicationInfo{fd40337 com.google.android.apps.nbu.files}, app.hostingType = service, getHostingName() = ComponentInfo{com.google.android.apps.nbu.files/com.google.android.apps.nbu.files.junkdetection.JunkDetectionService}, getIntentFlag() = 0, getIsPackageRunning() = false, app = ProcessRecord{9ca50a4 28829:com.google.android.apps.nbu.files/u0a60}, getExtraData() = Bundle[{SERVICE_INTENT=Intent { cmp=com.google.android.apps.nbu.files/.junkdetection.JunkDetectionService }, CALLER_PACKAGE=android}]
01-18 11:01:24.477  1449  1634 I ActivityManager: Start proc 28894:android.process.media/u0a56 for content provider {com.android.providers.media/com.android.providers.media.MediaProvider}
01-18 11:01:24.478  1449  1634 D ActivityManager: handleProcessStartedLocked mDoneFinishBooting && app.pid != 0 ---> notifyProcessStart, app.processName = android.process.media, app.info = ApplicationInfo{3201970 com.android.providers.media}, app.hostingType = content provider, getHostingName() = ComponentInfo{com.android.providers.media/com.android.providers.media.MediaProvider}, getIntentFlag() = 0, getIsPackageRunning() = false, app = ProcessRecord{90b24e9 28894:android.process.media/u0a56}, getExtraData() = null
01-18 11:01:25.417  1449  8956 W ActivityManager: Background start not allowed: service Intent { cmp=com.microsoft.skydrive/com.microsoft.odsp.task.TaskService } to com.microsoft.skydrive/com.microsoft.odsp.task.TaskService from pid=28817 uid=10213 pkg=com.microsoft.skydrive startFg?=false
01-18 11:01:25.764  1449  7759 I ActivityManager: Process com.evenwell.batteryprotect (pid 27197) has died: cch+65 SVC 
01-18 11:01:25.770  1449  7759 W ActivityManager: Scheduling restart of crashed service com.evenwell.batteryprotect/.DetectBatteryService in 1000ms
01-18 11:01:26.820  1449  1634 I ActivityManager: Start proc 29014:com.evenwell.batteryprotect/1000 for service {com.evenwell.batteryprotect/com.evenwell.batteryprotect.DetectBatteryService}
01-18 11:01:26.821  1449  1634 D ActivityManager: handleProcessStartedLocked mDoneFinishBooting && app.pid != 0 ---> notifyProcessStart, app.processName = com.evenwell.batteryprotect, app.info = ApplicationInfo{a19b81e com.evenwell.batteryprotect}, app.hostingType = service, getHostingName() = ComponentInfo{com.evenwell.batteryprotect/com.evenwell.batteryprotect.DetectBatteryService}, getIntentFlag() = 0, getIsPackageRunning() = false, app = ProcessRecord{6b73a9d 29014:com.evenwell.batteryprotect/1000}, getExtraData() = Bundle[{SERVICE_INTENT=Intent { cmp=com.evenwell.batteryprotect/.DetectBatteryService }, CALLER_PACKAGE=com.evenwell.batteryprotect}]
01-18 11:01:36.182  1449  1634 I ActivityManager: Start proc 29039:com.hmdglobal.support/u0a71 for service {com.hmdglobal.support/androidx.work.impl.background.systemjob.SystemJobService}
01-18 11:01:36.182  1449  1634 D ActivityManager: handleProcessStartedLocked mDoneFinishBooting && app.pid != 0 ---> notifyProcessStart, app.processName = com.hmdglobal.support, app.info = ApplicationInfo{dfb7237 com.hmdglobal.support}, app.hostingType = service, getHostingName() = ComponentInfo{com.hmdglobal.support/androidx.work.impl.background.systemjob.SystemJobService}, getIntentFlag() = 0, getIsPackageRunning() = false, app = ProcessRecord{e6693a4 29039:com.hmdglobal.support/u0a71}, getExtraData() = Bundle[{SERVICE_INTENT=Intent { cmp=com.hmdglobal.support/androidx.work.impl.background.systemjob.SystemJobService }, CALLER_PACKAGE=android}]
01-18 11:01:36.607  1449  3484 I ActivityManager: Process com.hmdglobal.datago (pid 27334) has died: cch+75 SVC 
01-18 11:01:36.611  1449  3484 W ActivityManager: Scheduling restart of crashed service com.hmdglobal.datago/.DataGoService in 1000ms
01-18 11:01:36.719  1449  3484 I ActivityManager: Process com.google.android.as (pid 27670) has died: cch+65 CEM 
01-18 11:01:37.380  1449  1634 I ActivityManager: Start proc 29128:com.google.android.webview:webview_service/u0a126 for service {com.google.android.webview/org.chromium.android_webview.services.VariationsSeedServer}
01-18 11:01:37.380  1449  1634 D ActivityManager: handleProcessStartedLocked mDoneFinishBooting && app.pid != 0 ---> notifyProcessStart, app.processName = com.google.android.webview:webview_service, app.info = ApplicationInfo{d040da5 com.google.android.webview}, app.hostingType = service, getHostingName() = ComponentInfo{com.google.android.webview/org.chromium.android_webview.services.VariationsSeedServer}, getIntentFlag() = 0, getIsPackageRunning() = false, app = ProcessRecord{980457a 29128:com.google.android.webview:webview_service/u0a126}, getExtraData() = Bundle[{SERVICE_INTENT=Intent { cmp=com.google.android.webview/org.chromium.android_webview.services.VariationsSeedServer }, CALLER_PACKAGE=com.hmdglobal.support}]
01-18 11:01:37.426  1449  3484 D ActivityManager: Package [com.hmdglobal.support] have process
01-18 11:01:37.451  1449  1634 I ActivityManager: Start proc 29150:com.google.android.webview:sandboxed_process0:org.chromium.content.app.SandboxedProcessService0/u0i17 for  {com.hmdglobal.support/org.chromium.content.app.SandboxedProcessService0}
01-18 11:01:37.452  1449  1634 D ActivityManager: handleProcessStartedLocked mDoneFinishBooting && app.pid != 0 ---> notifyProcessStart, app.processName = com.google.android.webview:sandboxed_process0:org.chromium.content.app.SandboxedProcessService0, app.info = ApplicationInfo{9e15159 com.hmdglobal.support}, app.hostingType = , getHostingName() = null, getIntentFlag() = 0, getIsPackageRunning() = true, app = ProcessRecord{f8ef11e 29150:com.google.android.webview:sandboxed_process0:org.chromium.content.app.SandboxedProcessService0/u0a71i17}, getExtraData() = Bundle[{SERVICE_INTENT=Intent { cmp=com.hmdglobal.support/org.chromium.content.app.SandboxedProcessService0 }, CALLER_PACKAGE=com.hmdglobal.support}]
01-18 11:01:37.665  1449  1634 I ActivityManager: Start proc 29171:com.hmdglobal.datago/u0a174 for service {com.hmdglobal.datago/com.hmdglobal.datago.DataGoService}
01-18 11:01:37.665  1449  1634 D ActivityManager: handleProcessStartedLocked mDoneFinishBooting && app.pid != 0 ---> notifyProcessStart, app.processName = com.hmdglobal.datago, app.info = ApplicationInfo{bc56278 com.hmdglobal.datago}, app.hostingType = service, getHostingName() = ComponentInfo{com.hmdglobal.datago/com.hmdglobal.datago.DataGoService}, getIntentFlag() = 0, getIsPackageRunning() = false, app = ProcessRecord{7e0d4b8 29171:com.hmdglobal.datago/u0a174}, getExtraData() = Bundle[{SERVICE_INTENT=Intent { cmp=com.hmdglobal.datago/.DataGoService }, CALLER_PACKAGE=com.hmdglobal.datago}]
01-18 11:01:54.531  1449  9312 I ActivityManager: Killing 26891:android.process.acore/u0a45 (adj 975): empty for 1968s
01-18 11:02:38.373  1449  1634 I ActivityManager: Start proc 29289:com.evenwell.AprUploadService/u0a47 for service {com.evenwell.AprUploadService/com.fihtdc.AprUploadService.service.job.PiggybackCheckJobService}
01-18 11:02:38.374  1449  1634 D ActivityManager: handleProcessStartedLocked mDoneFinishBooting && app.pid != 0 ---> notifyProcessStart, app.processName = com.evenwell.AprUploadService, app.info = ApplicationInfo{f2763b6 com.evenwell.AprUploadService}, app.hostingType = service, getHostingName() = ComponentInfo{com.evenwell.AprUploadService/com.fihtdc.AprUploadService.service.job.PiggybackCheckJobService}, getIntentFlag() = 0, getIsPackageRunning() = false, app = ProcessRecord{8eb18b7 29289:com.evenwell.AprUploadService/u0a47}, getExtraData() = Bundle[{SERVICE_INTENT=Intent { cmp=com.evenwell.AprUploadService/com.fihtdc.AprUploadService.service.job.PiggybackCheckJobService }, CALLER_PACKAGE=android}]
01-18 11:04:06.407  1449  1634 I ActivityManager: Start proc 29323:com.google.android.apps.turbo:aab/u0a173 for service {com.google.android.apps.turbo/com.google.android.libraries.smartbattery.appusage.library.InferAppBucketsJob}
01-18 11:04:06.407  1449  1634 D ActivityManager: handleProcessStartedLocked mDoneFinishBooting && app.pid != 0 ---> notifyProcessStart, app.processName = com.google.android.apps.turbo:aab, app.info = ApplicationInfo{9b183a8 com.google.android.apps.turbo}, app.hostingType = service, getHostingName() = ComponentInfo{com.google.android.apps.turbo/com.google.android.libraries.smartbattery.appusage.library.InferAppBucketsJob}, getIntentFlag() = 0, getIsPackageRunning() = false, app = ProcessRecord{2a26ec1 29323:com.google.android.apps.turbo:aab/u0a173}, getExtraData() = Bundle[{SERVICE_INTENT=Intent { cmp=com.google.android.apps.turbo/com.google.android.libraries.smartbattery.appusage.library.InferAppBucketsJob }, CALLER_PACKAGE=android}]
01-18 11:08:54.159  1449  9452 I ActivityManager: Killing 27745:com.android.providers.calendar/u0a49 (adj 985): empty for 1888s
01-18 11:12:55.227  1449  1634 I ActivityManager: Start proc 29484:com.google.android.partnersetup/u0a67 for service {com.google.android.partnersetup/com.google.android.partnersetup.InstalledAppJobService}
01-18 11:12:55.227  1449  1634 D ActivityManager: handleProcessStartedLocked mDoneFinishBooting && app.pid != 0 ---> notifyProcessStart, app.processName = com.google.android.partnersetup, app.info = ApplicationInfo{119bf37 com.google.android.partnersetup}, app.hostingType = service, getHostingName() = ComponentInfo{com.google.android.partnersetup/com.google.android.partnersetup.InstalledAppJobService}, getIntentFlag() = 0, getIsPackageRunning() = false, app = ProcessRecord{bc35ca4 29484:com.google.android.partnersetup/u0a67}, getExtraData() = Bundle[{SERVICE_INTENT=Intent { cmp=com.google.android.partnersetup/.InstalledAppJobService }, CALLER_PACKAGE=android}]
01-18 11:13:23.578  1449  1634 I ActivityManager: Start proc 29522:com.android.providers.calendar/u0a49 for content provider {com.android.providers.calendar/com.android.providers.calendar.CalendarProvider2}
01-18 11:13:23.578  1449  1634 D ActivityManager: handleProcessStartedLocked mDoneFinishBooting && app.pid != 0 ---> notifyProcessStart, app.processName = com.android.providers.calendar, app.info = ApplicationInfo{df72517 com.android.providers.calendar}, app.hostingType = content provider, getHostingName() = ComponentInfo{com.android.providers.calendar/com.android.providers.calendar.CalendarProvider2}, getIntentFlag() = 0, getIsPackageRunning() = false, app = ProcessRecord{651fd04 29522:com.android.providers.calendar/u0a49}, getExtraData() = null
01-18 11:13:23.675  1449  3598 D ActivityManager: Package [com.google.android.gms] have process
01-18 11:13:23.702  1449  1634 I ActivityManager: Start proc 29547:com.google.android.gms:snet/u0a61 for service {com.google.android.gms/com.google.android.gms.chimera.SnetIntentOperationService}
01-18 11:13:23.702  1449  1634 D ActivityManager: handleProcessStartedLocked mDoneFinishBooting && app.pid != 0 ---> notifyProcessStart, app.processName = com.google.android.gms:snet, app.info = ApplicationInfo{ee666f6 com.google.android.gms}, app.hostingType = service, getHostingName() = ComponentInfo{com.google.android.gms/com.google.android.gms.chimera.SnetIntentOperationService}, getIntentFlag() = 0, getIsPackageRunning() = true, app = ProcessRecord{3bcfaf7 29547:com.google.android.gms:snet/u0a61}, getExtraData() = Bundle[{SERVICE_INTENT=Intent { act=com.google.android.gms.security.snet.ACTION_IDLE_MODE cat=[targeted_intent_op_prefix:.security.snet.SnetLaunchChimeraIntentService] cmp=com.google.android.gms/.chimera.SnetIntentOperationService }, CALLER_PACKAGE=com.google.android.gms}]
01-18 11:13:23.731  1449  6861 W ActivityManager: Unable to start service Intent { act=com.google.firebase.MESSAGING_EVENT pkg=com.google.android.googlequicksearchbox } U=0: not found
01-18 11:13:24.844  1449  3598 W ActivityManager: Unable to start service Intent { act=com.google.firebase.MESSAGING_EVENT pkg=com.google.android.googlequicksearchbox } U=0: not found
01-18 11:13:26.294  1449  5810 I ActivityManager: Process com.android.keychain (pid 20694) has died: cch+85 CEM 
01-18 11:13:30.414  1449  3484 I ActivityManager: Process com.google.android.gms.ui (pid 20731) has died: cch+75 CEM 
01-18 11:13:30.443  1449  3484 I ActivityManager: Process com.android.vending (pid 23765) has died: cch+75 CEM 
01-18 11:13:30.720  1449  2932 I ActivityManager: Process com.google.android.apps.messaging (pid 28113) has died: cch+65 CEM 
01-18 11:41:03.312  1449  1634 I ActivityManager: Start proc 29934:android.process.acore/u0a45 for content provider {com.android.providers.contacts/com.android.providers.contacts.ContactsProvider2}
01-18 11:41:03.312  1449  1634 D ActivityManager: handleProcessStartedLocked mDoneFinishBooting && app.pid != 0 ---> notifyProcessStart, app.processName = android.process.acore, app.info = ApplicationInfo{f3809a0 com.android.providers.contacts}, app.hostingType = content provider, getHostingName() = ComponentInfo{com.android.providers.contacts/com.android.providers.contacts.ContactsProvider2}, getIntentFlag() = 0, getIsPackageRunning() = false, app = ProcessRecord{f8b0959 29934:android.process.acore/u0a45}, getExtraData() = null
01-18 11:41:13.998  1449  1634 I ActivityManager: Start proc 29963:com.google.android.contacts/u0a65 for service {com.google.android.contacts/com.google.android.apps.contacts.shortcut.ShortcutJobService}
01-18 11:41:13.998  1449  1634 D ActivityManager: handleProcessStartedLocked mDoneFinishBooting && app.pid != 0 ---> notifyProcessStart, app.processName = com.google.android.contacts, app.info = ApplicationInfo{2b38eb com.google.android.contacts}, app.hostingType = service, getHostingName() = ComponentInfo{com.google.android.youtube/androidx.work.impl.background.systemjob.SystemJobService}, getIntentFlag() = 0, getIsPackageRunning() = false, app = ProcessRecord{e810648 29963:com.google.android.contacts/u0a65}, getExtraData() = Bundle[{SERVICE_INTENT=Intent { cmp=com.google.android.youtube/androidx.work.impl.background.systemjob.SystemJobService }, CALLER_PACKAGE=android}]
01-18 11:41:14.028  1449  1634 I ActivityManager: Start proc 29982:com.google.android.youtube/u0a128 for service {com.google.android.youtube/androidx.work.impl.background.systemjob.SystemJobService}
01-18 11:41:14.029  1449  1634 D ActivityManager: handleProcessStartedLocked mDoneFinishBooting && app.pid != 0 ---> notifyProcessStart, app.processName = com.google.android.youtube, app.info = ApplicationInfo{4c43ef4 com.google.android.youtube}, app.hostingType = service, getHostingName() = ComponentInfo{com.google.android.youtube/androidx.work.impl.background.systemjob.SystemJobService}, getIntentFlag() = 0, getIsPackageRunning() = false, app = ProcessRecord{775561d 29982:com.google.android.youtube/u0a128}, getExtraData() = Bundle[{SERVICE_INTENT=Intent { cmp=com.google.android.youtube/androidx.work.impl.background.systemjob.SystemJobService }, CALLER_PACKAGE=android}]
01-18 11:41:25.203  1449  1523 I ActivityManager: Killing 20984:com.google.ar.core/u0a191 (adj 999): empty for 2912s
01-18 11:41:44.096  1449  9738 I ActivityManager: Killing 28829:com.google.android.apps.nbu.files/u0a60 (adj 999): empty for 2419s
01-18 11:42:29.608  1449  5962 I ActivityManager: Killing 29128:com.google.android.webview:webview_service/u0a126 (adj 995): empty for 2451s
01-18 11:46:49.969  1449  1634 I ActivityManager: Start proc 30266:com.android.bluetooth/1002 for service {com.android.bluetooth/com.android.bluetooth.btservice.AdapterService}
01-18 11:46:49.969  1449  1634 D ActivityManager: handleProcessStartedLocked mDoneFinishBooting && app.pid != 0 ---> notifyProcessStart, app.processName = com.android.bluetooth, app.info = ApplicationInfo{345ac03 com.android.bluetooth}, app.hostingType = service, getHostingName() = ComponentInfo{com.android.bluetooth/com.android.bluetooth.btservice.AdapterService}, getIntentFlag() = 0, getIsPackageRunning() = false, app = ProcessRecord{c655780 30266:com.android.bluetooth/1002}, getExtraData() = Bundle[{SERVICE_INTENT=Intent { act=android.bluetooth.IBluetooth cmp=com.android.bluetooth/.btservice.AdapterService }, CALLER_PACKAGE=android}]
01-18 11:46:54.093  1449  1615 D ActivityManager: Package [com.mit.reality.hack] have process
01-18 11:46:54.114  1449  1634 I ActivityManager: Start proc 30344:com.mit.reality.hack/u0a635 for activity {com.mit.reality.hack/com.unity3d.player.UnityPlayerActivity}
01-18 11:46:54.137  1449  1634 D ActivityManager: handleProcessStartedLocked mDoneFinishBooting && app.pid != 0 ---> notifyProcessStart, app.processName = com.mit.reality.hack, app.info = ApplicationInfo{2148dbb com.mit.reality.hack}, app.hostingType = activity, getHostingName() = ComponentInfo{com.mit.reality.hack/com.unity3d.player.UnityPlayerActivity}, getIntentFlag() = 0, getIsPackageRunning() = true, app = ProcessRecord{1d93b83 30344:com.mit.reality.hack/u0a635}, getExtraData() = null
01-18 11:46:58.786  1449  9312 I ActivityManager: Process com.android.bluetooth (pid 30266) has died: fore SVC 
01-18 11:46:59.050  1449  1634 I ActivityManager: Start proc 30431:com.google.ar.core/u0a191 for content provider {com.google.ar.core/com.google.ar.core.services.ArCoreContentProvider}
01-18 11:46:59.050  1449  1634 D ActivityManager: handleProcessStartedLocked mDoneFinishBooting && app.pid != 0 ---> notifyProcessStart, app.processName = com.google.ar.core, app.info = ApplicationInfo{471c1a8 com.google.ar.core}, app.hostingType = content provider, getHostingName() = ComponentInfo{com.google.ar.core/com.google.ar.core.services.ArCoreContentProvider}, getIntentFlag() = 0, getIsPackageRunning() = false, app = ProcessRecord{d60d4c1 30431:com.google.ar.core/u0a191}, getExtraData() = null
01-18 11:47:14.989  1449  1634 I ActivityManager: Start proc 30618:com.android.bluetooth/1002 for service {com.android.bluetooth/com.android.bluetooth.btservice.AdapterService}
01-18 11:47:14.989  1449  1634 D ActivityManager: handleProcessStartedLocked mDoneFinishBooting && app.pid != 0 ---> notifyProcessStart, app.processName = com.android.bluetooth, app.info = ApplicationInfo{a7d9e53 com.android.bluetooth}, app.hostingType = service, getHostingName() = ComponentInfo{com.android.bluetooth/com.android.bluetooth.btservice.AdapterService}, getIntentFlag() = 0, getIsPackageRunning() = false, app = ProcessRecord{4ebe390 30618:com.android.bluetooth/1002}, getExtraData() = Bundle[{SERVICE_INTENT=Intent { act=android.bluetooth.IBluetooth cmp=com.android.bluetooth/.btservice.AdapterService }, CALLER_PACKAGE=android}]
01-18 11:47:23.584  1449  9312 I ActivityManager: Process com.android.bluetooth (pid 30618) has died: fore SVC 
01-18 11:48:18.100  1449  1634 I ActivityManager: Start proc 30815:com.android.bluetooth/1002 for service {com.android.bluetooth/com.android.bluetooth.btservice.AdapterService}
01-18 11:48:18.100  1449  1634 D ActivityManager: handleProcessStartedLocked mDoneFinishBooting && app.pid != 0 ---> notifyProcessStart, app.processName = com.android.bluetooth, app.info = ApplicationInfo{5a6ea6e com.android.bluetooth}, app.hostingType = service, getHostingName() = ComponentInfo{com.android.bluetooth/com.android.bluetooth.btservice.AdapterService}, getIntentFlag() = 0, getIsPackageRunning() = false, app = ProcessRecord{293850f 30815:com.android.bluetooth/1002}, getExtraData() = Bundle[{SERVICE_INTENT=Intent { act=android.bluetooth.IBluetooth cmp=com.android.bluetooth/.btservice.AdapterService }, CALLER_PACKAGE=android}]
01-18 11:48:20.086  1449  1615 I ActivityManager: Killing 29150:com.google.android.webview:sandboxed_process0:org.chromium.content.app.SandboxedProcessService0/u0a71i17 (adj 985): empty for 2801s
01-18 11:48:20.089  1449  1615 I ActivityManager: Killing 30344:com.mit.reality.hack/u0a635 (adj 905): remove task
01-18 11:48:20.128  1449  6897 W ActivityManager: Scheduling restart of crashed service com.hmdglobal.support/org.chromium.content.app.SandboxedProcessService0 in 1000ms
01-18 11:48:20.211  1449  1615 W ActivityManager: setHasOverlayUi called on unknown pid: 30344
01-18 11:48:20.301  1449  6897 D ActivityManager: Package [com.hmdglobal.support] have process
01-18 11:48:20.322  1449  1634 I ActivityManager: Start proc 30885:com.google.android.webview:sandboxed_process1:org.chromium.content.app.SandboxedProcessService1/u0i18 for  {com.hmdglobal.support/org.chromium.content.app.SandboxedProcessService1}
01-18 11:48:20.322  1449  1634 D ActivityManager: handleProcessStartedLocked mDoneFinishBooting && app.pid != 0 ---> notifyProcessStart, app.processName = com.google.android.webview:sandboxed_process1:org.chromium.content.app.SandboxedProcessService1, app.info = ApplicationInfo{157b6c0 com.hmdglobal.support}, app.hostingType = , getHostingName() = null, getIntentFlag() = 0, getIsPackageRunning() = true, app = ProcessRecord{4877ff9 30885:com.google.android.webview:sandboxed_process1:org.chromium.content.app.SandboxedProcessService1/u0a71i18}, getExtraData() = Bundle[{SERVICE_INTENT=Intent { cmp=com.hmdglobal.support/org.chromium.content.app.SandboxedProcessService1 }, CALLER_PACKAGE=com.hmdglobal.support}]
01-18 11:48:20.470  1449  1615 I ActivityManager: Killing 29039:com.hmdglobal.support/u0a71 (adj 995): empty for 2801s
01-18 11:48:20.533  1449  9738 I ActivityManager: Killing 30885:com.google.android.webview:sandboxed_process1:org.chromium.content.app.SandboxedProcessService1/u0a71i18 (adj 0): isolated not needed
01-18 11:48:25.187  1449  1634 I ActivityManager: Start proc 30920:com.google.android.projection.gearhead:shared/u0a240 for broadcast {com.google.android.projection.gearhead/com.google.android.apps.auto.components.connectivity.impl.ConnectivityEventHandlerImpl$ConnectivityEventBroadcastReceiver}
01-18 11:48:25.187  1449  1634 D ActivityManager: handleProcessStartedLocked mDoneFinishBooting && app.pid != 0 ---> notifyProcessStart, app.processName = com.google.android.projection.gearhead:shared, app.info = ApplicationInfo{758a152 com.google.android.projection.gearhead}, app.hostingType = broadcast, getHostingName() = ComponentInfo{com.google.android.projection.gearhead/com.google.android.apps.auto.components.connectivity.impl.ConnectivityEventHandlerImpl$ConnectivityEventBroadcastReceiver}, getIntentFlag() = 822083604, getIsPackageRunning() = false, app = ProcessRecord{94fdc23 30920:com.google.android.projection.gearhead:shared/u0a240}, getExtraData() = Bundle[{BROADCAST_INTENT=Intent { act=android.hardware.usb.action.USB_STATE flg=0x31000010 (has extras) }, CALLER_PACKAGE=android}]
01-18 11:48:25.844  1449  9443 D ActivityManager: Package [com.google.android.gms] have process
01-18 11:48:25.873  1449  1634 I ActivityManager: Start proc 30959:com.google.android.gms:car/u0a61 for service {com.google.android.gms/com.google.android.gms.car.CarService}
01-18 11:48:25.873  1449  1634 D ActivityManager: handleProcessStartedLocked mDoneFinishBooting && app.pid != 0 ---> notifyProcessStart, app.processName = com.google.android.gms:car, app.info = ApplicationInfo{1e62803 com.google.android.gms}, app.hostingType = service, getHostingName() = ComponentInfo{com.google.android.gms/com.google.android.gms.car.CarService}, getIntentFlag() = 0, getIsPackageRunning() = true, app = ProcessRecord{4822380 30959:com.google.android.gms:car/u0a61}, getExtraData() = Bundle[{SERVICE_INTENT=Intent { act=com.google.android.gms.car.service.START pkg=com.google.android.gms }, CALLER_PACKAGE=com.google.android.projection.gearhead}]
01-18 11:48:26.344  1449  1634 I ActivityManager: Start proc 30983:com.google.android.apps.turbo/u0a173 for broadcast {com.google.android.apps.turbo/com.google.android.apps.turbo.nudges.broadcasts.BatteryStatusChangedReceiver}
01-18 11:48:26.346  1449  1634 D ActivityManager: handleProcessStartedLocked mDoneFinishBooting && app.pid != 0 ---> notifyProcessStart, app.processName = com.google.android.apps.turbo, app.info = ApplicationInfo{15926b com.google.android.apps.turbo}, app.hostingType = broadcast, getHostingName() = ComponentInfo{com.google.android.apps.turbo/com.google.android.apps.turbo.nudges.broadcasts.BatteryStatusChangedReceiver}, getIntentFlag() = 16777236, getIsPackageRunning() = false, app = ProcessRecord{58e21c8 30983:com.google.android.apps.turbo/u0a173}, getExtraData() = Bundle[{BROADCAST_INTENT=Intent { act=android.intent.action.BATTERY_LEVEL_CHANGED flg=0x1000010 (has extras) }, CALLER_PACKAGE=android}]
01-18 11:48:26.674  1449  9738 I ActivityManager: Killing 29289:com.evenwell.AprUploadService/u0a47 (adj 985): empty for 2748s
01-18 11:48:26.798  1449  6861 W ActivityManager: Unable to start service Intent { act=local_action cmp=com.google.android.gms/.car.InCallService2 } U=0: not found
01-18 11:48:26.869  1449  3593 I ActivityManager: Killing 29323:com.google.android.apps.turbo:aab/u0a173 (adj 985): empty for 2659s
01-18 11:48:37.596  1449  3598 I ActivityManager: Killing 28817:com.microsoft.skydrive/u0a213 (adj 985): empty for 2666s
01-18 11:48:39.248  1449  1615 D ActivityManager: Package [de.dataExperts.holographic.template] have process
01-18 11:48:39.264  1449  1634 I ActivityManager: Start proc 31063:de.dataExperts.holographic.template/u0a631 for activity {de.dataExperts.holographic.template/com.unity3d.player.UnityPlayerActivity}
01-18 11:48:39.264  1449  1634 D ActivityManager: handleProcessStartedLocked mDoneFinishBooting && app.pid != 0 ---> notifyProcessStart, app.processName = de.dataExperts.holographic.template, app.info = ApplicationInfo{ca1397d de.dataExperts.holographic.template}, app.hostingType = activity, getHostingName() = ComponentInfo{de.dataExperts.holographic.template/com.unity3d.player.UnityPlayerActivity}, getIntentFlag() = 0, getIsPackageRunning() = true, app = ProcessRecord{279c06a 31063:de.dataExperts.holographic.template/u0a631}, getExtraData() = null
01-18 11:48:45.473  1449  3634 I ActivityManager: Process com.android.bluetooth (pid 30815) has died: fore SVC 
01-18 11:48:50.529  1449  3634 I ActivityManager: Process com.qualcomm.qti.workloadclassifier (pid 28226) has died: cch+99 SVC 
01-18 11:48:50.533  1449  3634 W ActivityManager: Scheduling restart of crashed service com.qualcomm.qti.workloadclassifier/.WLCService in 1000ms
01-18 11:48:51.563  1449  1634 I ActivityManager: Start proc 31233:com.qualcomm.qti.workloadclassifier/1000 for service {com.qualcomm.qti.workloadclassifier/com.qualcomm.qti.workloadclassifier.WLCService}
01-18 11:48:51.564  1449  1634 D ActivityManager: handleProcessStartedLocked mDoneFinishBooting && app.pid != 0 ---> notifyProcessStart, app.processName = com.qualcomm.qti.workloadclassifier, app.info = ApplicationInfo{e89bfcb com.qualcomm.qti.workloadclassifier}, app.hostingType = service, getHostingName() = ComponentInfo{com.qualcomm.qti.workloadclassifier/com.qualcomm.qti.workloadclassifier.WLCService}, getIntentFlag() = 0, getIsPackageRunning() = false, app = ProcessRecord{dfc6dad 31233:com.qualcomm.qti.workloadclassifier/1000}, getExtraData() = Bundle[{SERVICE_INTENT=Intent { cmp=com.qualcomm.qti.workloadclassifier/.WLCService }, CALLER_PACKAGE=com.qualcomm.qti.workloadclassifier}]
01-18 11:48:51.780  1449  3634 I ActivityManager: Process com.evenwell.batteryprotect (pid 29014) has died: cch+95 SVC 
01-18 11:48:51.788  1449  3634 W ActivityManager: Scheduling restart of crashed service com.evenwell.batteryprotect/.DetectBatteryService in 1000ms
01-18 11:48:51.966  1449  3632 I ActivityManager: Process com.qualcomm.telephony (pid 28669) has died: cch+95 SVC 
01-18 11:48:51.968  1449  3632 W ActivityManager: Scheduling restart of crashed service com.qualcomm.atfwd/.AtFwdService in 10821ms
01-18 11:48:52.817  1449  1634 I ActivityManager: Start proc 31258:com.evenwell.batteryprotect/1000 for service {com.evenwell.batteryprotect/com.evenwell.batteryprotect.DetectBatteryService}
