01-18 13:32:35.588  1449  1653 I PackageManager: Un-granting permission android.permission.REQUEST_INSTALL_PACKAGES from package com.google.android.apps.nbu.files (protectionLevel=66 flags=0x30c83ec5)
01-18 13:32:35.589  1449  1653 I PackageManager: Un-granting permission android.permission.REQUEST_INSTALL_PACKAGES from package com.google.android.apps.docs (protectionLevel=66 flags=0x38cbbec5)
01-18 13:32:35.589  1449  1653 I PackageManager: Un-granting permission android.permission.REQUEST_INSTALL_PACKAGES from package com.oculus.twilight (protectionLevel=66 flags=0x30c83e44)
01-18 13:32:35.590  1449  1653 I PackageManager: Un-granting permission com.google.android.gm.permission.READ_GMAIL from package com.google.android.contacts (protectionLevel=2 flags=0x30cbbec5)
01-18 13:32:35.590  1449  1653 I PackageManager: Un-granting permission com.google.android.googleapps.permission.GOOGLE_AUTH from package com.google.android.contacts (protectionLevel=2 flags=0x30cbbec5)
01-18 13:32:35.591  1449  1653 I PackageManager: Un-granting permission android.permission.INTERACT_ACROSS_USERS from package com.google.android.syncadapters.contacts (protectionLevel=50 flags=0x20883e45)
01-18 13:32:35.592  1449  1653 I PackageManager: Un-granting permission android.permission.REQUEST_INSTALL_PACKAGES from package com.android.chrome (protectionLevel=66 flags=0xa0cbbec5)
01-18 13:32:35.592  1449  1653 I PackageManager: Un-granting permission android.permission.CAPTURE_VIDEO_OUTPUT from package com.google.android.gms (protectionLevel=2 flags=0xa0cabec5)
01-18 13:32:35.593  1449  1653 I PackageManager: Un-granting permission android.permission.MANAGE_DEVICE_ADMINS from package com.google.android.gms (protectionLevel=2 flags=0xa0cabec5)
01-18 13:32:35.593  1449  1653 I PackageManager: Un-granting permission android.permission.MANAGE_ACTIVITY_STACKS from package com.google.android.gms (protectionLevel=2 flags=0xa0cabec5)
01-18 13:32:35.593  1449  1653 I PackageManager: Un-granting permission android.permission.CAPTURE_SECURE_VIDEO_OUTPUT from package com.google.android.gms (protectionLevel=2 flags=0xa0cabec5)
01-18 13:32:35.597  1449  1653 I PackageManager: Un-granting permission com.google.android.googleapps.permission.GOOGLE_AUTH from package com.google.android.videos (protectionLevel=2 flags=0x30dbbe44)
01-18 13:32:35.599  1449  1653 I PackageManager: Un-granting permission android.permission.WRITE_MEDIA_STORAGE from package com.google.android.apps.photos (protectionLevel=18 flags=0x38d9bec5)
01-18 13:32:35.600  1449  1653 I PackageManager: Un-granting permission android.permission.WRITE_SETTINGS from package com.glgjing.stark (protectionLevel=1218 flags=0x3088be44)
01-18 13:32:35.600  1449  1653 I PackageManager: Un-granting permission android.permission.SYSTEM_ALERT_WINDOW from package com.glgjing.stark (protectionLevel=1250 flags=0x3088be44)
01-18 13:32:35.600  1449  1653 I PackageManager: Un-granting permission android.permission.PACKAGE_USAGE_STATS from package com.glgjing.stark (protectionLevel=114 flags=0x3088be44)
01-18 13:32:35.604  1449  1653 I PackageManager: Un-granting permission android.permission.PACKAGE_USAGE_STATS from package com.hmdglobal.support (protectionLevel=114 flags=0x30c8bec5)
01-18 13:32:35.605  1449  1653 I PackageManager: Un-granting permission android.permission.DUMP from package com.google.android.apps.turbo (protectionLevel=50 flags=0x30cbbec5)
01-18 13:32:35.605  1449  1653 I PackageManager: Un-granting permission android.permission.READ_WALLPAPER_INTERNAL from package com.google.android.apps.wallpaper (protectionLevel=18 flags=0x38cbbec5)
01-18 13:32:36.791  1449  1653 I PackageManager: [SW3]StatsLog PKG_ADM__ADM__MODIFY, isSystemApp:false
01-18 13:32:36.843  1449  1653 I ActivityManager: Force stopping com.mit.reality.hack appid=10635 user=0: pkg removed
01-18 13:32:37.017  1449  1634 I ActivityManager: Start proc 4063:com.android.keychain/1000 for service {com.android.keychain/com.android.keychain.KeyChainService}
01-18 13:32:37.018  1449  1634 D ActivityManager: handleProcessStartedLocked mDoneFinishBooting && app.pid != 0 ---> notifyProcessStart, app.processName = com.android.keychain, app.info = ApplicationInfo{2351099 com.android.keychain}, app.hostingType = service, getHostingName() = ComponentInfo{com.android.keychain/com.android.keychain.KeyChainService}, getIntentFlag() = 0, getIsPackageRunning() = false, app = ProcessRecord{34b8f6b 4063:com.android.keychain/1000}, getExtraData() = Bundle[{SERVICE_INTENT=Intent { act=android.intent.action.PACKAGE_REMOVED cmp=com.android.keychain/.KeyChainService }, CALLER_PACKAGE=android}]
01-18 13:32:37.050  1449  9738 D ActivityManager: Package [com.google.android.gms] have process
01-18 13:32:37.089  1449  1634 I ActivityManager: Start proc 4091:com.google.android.gms.ui/u0a61 for service {com.google.android.gms/com.google.android.gms.chimera.UiIntentOperationService}
01-18 13:32:37.090  1449  1634 D ActivityManager: handleProcessStartedLocked mDoneFinishBooting && app.pid != 0 ---> notifyProcessStart, app.processName = com.google.android.gms.ui, app.info = ApplicationInfo{124fc5e com.google.android.gms}, app.hostingType = service, getHostingName() = ComponentInfo{com.google.android.gms/com.google.android.gms.chimera.UiIntentOperationService}, getIntentFlag() = 0, getIsPackageRunning() = true, app = ProcessRecord{58483f 4091:com.google.android.gms.ui/u0a61}, getExtraData() = Bundle[{SERVICE_INTENT=Intent { act=com.google.android.gms.autofill.sharedpreferences.SLAVE cat=[targeted_intent_op_prefix:.autofill.sharedpreferences.RemoteIntentOperation] cmp=com.google.android.gms/.chimera.UiIntentOperationService }, CALLER_PACKAGE=com.google.android.gms}]
01-18 13:32:44.254  1449  3592 D ActivityManager: Package [com.android.vending] have process
01-18 13:32:44.271  1449  1634 I ActivityManager: Start proc 4160:com.android.vending:download_service/u0a76 for service {com.android.vending/com.google.android.finsky.downloadservice.DownloadService}
01-18 13:32:44.271  1449  1634 D ActivityManager: handleProcessStartedLocked mDoneFinishBooting && app.pid != 0 ---> notifyProcessStart, app.processName = com.android.vending:download_service, app.info = ApplicationInfo{5eedd97 com.android.vending}, app.hostingType = service, getHostingName() = ComponentInfo{com.android.vending/com.google.android.finsky.downloadservice.DownloadService}, getIntentFlag() = 0, getIsPackageRunning() = true, app = ProcessRecord{8028b84 4160:com.android.vending:download_service/u0a76}, getExtraData() = Bundle[{SERVICE_INTENT=Intent { act=com.google.android.finsky.BIND_DOWNLOAD_SERVICE pkg=com.android.vending }, CALLER_PACKAGE=com.android.vending}]
01-18 13:32:52.849  1449  1523 I ActivityManager: Process com.hmdglobal.support (pid 1752) has died: cch+85 CEM 
01-18 13:32:52.870  1449  1523 I ActivityManager: Killing 1930:com.google.android.webview:sandboxed_process0:org.chromium.content.app.SandboxedProcessService0/u0a71i19 (adj 0): isolated not needed
01-18 13:32:55.958  1449  1615 D ActivityManager: Package [com.mit.reality.hack] have process
01-18 13:32:55.974  1449  1634 I ActivityManager: Start proc 4206:com.mit.reality.hack/u0a635 for activity {com.mit.reality.hack/com.unity3d.player.UnityPlayerActivity}
01-18 13:32:55.975  1449  1634 D ActivityManager: handleProcessStartedLocked mDoneFinishBooting && app.pid != 0 ---> notifyProcessStart, app.processName = com.mit.reality.hack, app.info = ApplicationInfo{5a94b81 com.mit.reality.hack}, app.hostingType = activity, getHostingName() = ComponentInfo{com.mit.reality.hack/com.unity3d.player.UnityPlayerActivity}, getIntentFlag() = 0, getIsPackageRunning() = true, app = ProcessRecord{4dca426 4206:com.mit.reality.hack/u0a635}, getExtraData() = null
01-18 13:32:56.368  1449  2785 I ActivityManager: Process com.google.android.apps.turbo:aab (pid 2164) has died: cch+95 CEM 
01-18 13:32:56.525  1449  8956 I ActivityManager: Process com.google.android.webview:webview_service (pid 1898) has died: cch+95 CEM 
01-18 13:33:02.223  1449  2440 I ActivityManager: Process com.android.bluetooth (pid 3836) has died: fore SVC 
01-18 13:33:04.254  1449  1634 I ActivityManager: Start proc 4299:com.android.bluetooth/1002 for service {com.android.bluetooth/com.android.bluetooth.btservice.AdapterService}
01-18 13:33:04.255  1449  1634 D ActivityManager: handleProcessStartedLocked mDoneFinishBooting && app.pid != 0 ---> notifyProcessStart, app.processName = com.android.bluetooth, app.info = ApplicationInfo{925b2a2 com.android.bluetooth}, app.hostingType = service, getHostingName() = ComponentInfo{com.android.bluetooth/com.android.bluetooth.btservice.AdapterService}, getIntentFlag() = 0, getIsPackageRunning() = false, app = ProcessRecord{cc69b33 4299:com.android.bluetooth/1002}, getExtraData() = Bundle[{SERVICE_INTENT=Intent { act=android.bluetooth.IBluetooth cmp=com.android.bluetooth/.btservice.AdapterService }, CALLER_PACKAGE=android}]
01-18 13:33:06.823  1449  1615 I ActivityManager: Killing 4206:com.mit.reality.hack/u0a635 (adj 905): remove task
01-18 13:33:06.879  1449  1615 W ActivityManager: setHasOverlayUi called on unknown pid: 4206
01-18 13:33:08.659  1449  2932 W ActivityManager: Unable to start service Intent { cmp=com.evenwell.faceplusrecognition/.FacePlusService } U=0: not found
01-18 13:33:13.742  1449  2932 I ActivityManager: Process com.android.bluetooth (pid 4299) has died: fore SVC 
01-18 13:36:30.139  1449  2932 W ActivityManager: Unbind failed: could not find connection for android.os.BinderProxy@210f2cf
01-18 13:37:23.781  1449  1634 I ActivityManager: Start proc 4409:com.android.providers.calendar/u0a49 for content provider {com.android.providers.calendar/com.android.providers.calendar.CalendarProvider2}
01-18 13:37:23.781  1449  1634 D ActivityManager: handleProcessStartedLocked mDoneFinishBooting && app.pid != 0 ---> notifyProcessStart, app.processName = com.android.providers.calendar, app.info = ApplicationInfo{6e563f2 com.android.providers.calendar}, app.hostingType = content provider, getHostingName() = ComponentInfo{com.android.providers.calendar/com.android.providers.calendar.CalendarProvider2}, getIntentFlag() = 0, getIsPackageRunning() = false, app = ProcessRecord{34b7a43 4409:com.android.providers.calendar/u0a49}, getExtraData() = null
01-18 13:37:24.044  1449  1523 W ActivityManager: Unable to start service Intent { act=com.google.firebase.MESSAGING_EVENT pkg=com.google.android.googlequicksearchbox } U=0: not found
01-18 13:37:25.187  1449  6007 W ActivityManager: Unable to start service Intent { act=com.google.firebase.MESSAGING_EVENT pkg=com.google.android.googlequicksearchbox } U=0: not found
01-18 13:37:38.704  1449  1633 I ActivityManager: Waited long enough for: ServiceRecord{b7d7a60 u0 com.google.android.googlequicksearchbox/com.google.android.apps.gsa.shared.util.keepalive.StandaloneKeepAlive$KeepAliveService}
01-18 13:46:44.785  1449  1449 I ActivityManager: Killing 2605:com.google.android.partnersetup/u0a67 (adj 995): empty for 1835s
01-18 13:46:44.788  1449  1449 I ActivityManager: Killing 2376:com.google.android.youtube/u0a128 (adj 995): empty for 1912s
01-18 13:46:44.792  1449  1449 I ActivityManager: Killing 2187:com.microsoft.skydrive/u0a213 (adj 999): empty for 1965s
01-18 13:46:51.614  1449  1633 I ActivityManager: Force stopping com.mit.reality.hack appid=10635 user=-1: installPackageLI
01-18 13:46:51.614  1449  1653 I PackageManager: Update package com.mit.reality.hack code path from /data/app/com.mit.reality.hack-T6Ra5AaQTJyNqATYpnywRA== to /data/app/com.mit.reality.hack-yrF060VgBOICFOlKg8KYgQ==; Retain data and using new
01-18 13:46:51.614  1449  1653 I PackageManager: Update package com.mit.reality.hack resource path from /data/app/com.mit.reality.hack-T6Ra5AaQTJyNqATYpnywRA== to /data/app/com.mit.reality.hack-yrF060VgBOICFOlKg8KYgQ==; Retain data and using new
01-18 13:46:51.753  1449  1653 I PackageManager: Un-granting permission android.permission.MANAGE_DOCUMENTS from package com.google.android.youtube (protectionLevel=262146 flags=0x30dbbec5)
01-18 13:46:51.754  1449  1653 I PackageManager: Un-granting permission android.permission.MANAGE_USB from package com.google.android.googlequicksearchbox (protectionLevel=18 flags=0xb0dbbec5)
01-18 13:46:51.755  1449  1653 I PackageManager: Un-granting permission com.google.android.googleapps.permission.GOOGLE_AUTH from package com.android.providers.calendar (protectionLevel=2 flags=0x3088be45)
01-18 13:46:51.755  1449  1653 I PackageManager: Un-granting permission com.google.android.googleapps.permission.GOOGLE_AUTH.cl from package com.android.providers.calendar (protectionLevel=2 flags=0x3088be45)
01-18 13:46:51.757  1449  1653 I PackageManager: Un-granting permission com.google.android.setupwizard.READ_DEVICE_ORIGIN from package com.google.android.apps.messaging (protectionLevel=18 flags=0x38cbbec5)
01-18 13:46:51.757  1449  1653 I PackageManager: Un-granting permission android.permission.ACCESS_DOWNLOAD_MANAGER from package com.microsoft.office.officelens (protectionLevel=18 flags=0x30d83e44)
01-18 13:46:51.760  1449  1653 I PackageManager: Un-granting permission android.permission.SEND_DOWNLOAD_COMPLETED_INTENTS from package com.android.vending (protectionLevel=2 flags=0x38cabec5)
01-18 13:46:51.760  1449  1653 I PackageManager: Un-granting permission android.permission.WRITE_SETTINGS from package com.microsoft.skydrive (protectionLevel=1218 flags=0x30d83e44)
01-18 13:46:51.761  1449  1653 I PackageManager: Un-granting permission android.permission.REQUEST_INSTALL_PACKAGES from package com.microsoft.skydrive (protectionLevel=66 flags=0x30d83e44)
01-18 13:46:51.761  1449  1653 I PackageManager: Un-granting permission android.permission.SYSTEM_ALERT_WINDOW from package com.rnunitydemo (protectionLevel=1250 flags=0x3888be46)
01-18 13:46:51.764  1449  1653 I PackageManager: Un-granting permission android.permission.REQUEST_INSTALL_PACKAGES from package com.instagram.android (protectionLevel=66 flags=0x30c83e64)
01-18 13:46:51.766  1449  1653 I PackageManager: Un-granting permission com.google.android.providers.gsf.permission.WRITE_GSERVICES from package com.google.android.as (protectionLevel=18 flags=0x30c8be44)
01-18 13:46:51.766  1449  1653 I PackageManager: Un-granting permission android.permission.REQUEST_INSTALL_PACKAGES from package com.google.android.gm (protectionLevel=66 flags=0x38cbbec5)
01-18 13:46:51.767  1449  1653 I PackageManager: Un-granting permission android.permission.REQUEST_INSTALL_PACKAGES from package com.moodle.moodlemobile (protectionLevel=66 flags=0x38c8be44)
01-18 13:46:51.770  1449  1653 I PackageManager: Un-granting permission android.permission.WRITE_SETTINGS from package com.google.android.music (protectionLevel=1218 flags=0x38cbbe64)
01-18 13:46:51.770  1449  1653 I PackageManager: Un-granting permission android.permission.BIND_JOB_SERVICE from package com.google.android.music (protectionLevel=2 flags=0x38cbbe64)
01-18 13:46:51.770  1449  1653 I PackageManager: Un-granting permission android.permission.LOCATION_HARDWARE from package com.google.android.apps.wellbeing (protectionLevel=18 flags=0x20cbbec5)
01-18 13:46:51.771  1449  1653 I PackageManager: Un-granting permission android.permission.WRITE_SECURE_SETTINGS from package com.google.android.dialer (protectionLevel=50 flags=0x20cbbec5)
01-18 13:46:51.773  1449  1653 I PackageManager: Un-granting permission android.permission.REQUEST_INSTALL_PACKAGES from package com.google.android.apps.nbu.files (protectionLevel=66 flags=0x30c83ec5)
01-18 13:46:51.774  1449  1653 I PackageManager: Un-granting permission android.permission.REQUEST_INSTALL_PACKAGES from package com.google.android.apps.docs (protectionLevel=66 flags=0x38cbbec5)
01-18 13:46:51.774  1449  1653 I PackageManager: Un-granting permission android.permission.REQUEST_INSTALL_PACKAGES from package com.oculus.twilight (protectionLevel=66 flags=0x30c83e44)
01-18 13:46:51.776  1449  1653 I PackageManager: Un-granting permission com.google.android.gm.permission.READ_GMAIL from package com.google.android.contacts (protectionLevel=2 flags=0x30cbbec5)
01-18 13:46:51.776  1449  1653 I PackageManager: Un-granting permission com.google.android.googleapps.permission.GOOGLE_AUTH from package com.google.android.contacts (protectionLevel=2 flags=0x30cbbec5)
01-18 13:46:51.776  1449  1653 I PackageManager: Un-granting permission android.permission.INTERACT_ACROSS_USERS from package com.google.android.syncadapters.contacts (protectionLevel=50 flags=0x20883e45)
01-18 13:46:51.777  1449  1653 I PackageManager: Un-granting permission android.permission.REQUEST_INSTALL_PACKAGES from package com.android.chrome (protectionLevel=66 flags=0xa0cbbec5)
01-18 13:46:51.777  1449  1653 I PackageManager: Un-granting permission android.permission.CAPTURE_VIDEO_OUTPUT from package com.google.android.gms (protectionLevel=2 flags=0xa0cabec5)
01-18 13:46:51.778  1449  1653 I PackageManager: Un-granting permission android.permission.MANAGE_DEVICE_ADMINS from package com.google.android.gms (protectionLevel=2 flags=0xa0cabec5)
01-18 13:46:51.778  1449  1653 I PackageManager: Un-granting permission android.permission.MANAGE_ACTIVITY_STACKS from package com.google.android.gms (protectionLevel=2 flags=0xa0cabec5)
01-18 13:46:51.778  1449  1653 I PackageManager: Un-granting permission android.permission.CAPTURE_SECURE_VIDEO_OUTPUT from package com.google.android.gms (protectionLevel=2 flags=0xa0cabec5)
01-18 13:46:51.783  1449  1653 I PackageManager: Un-granting permission com.google.android.googleapps.permission.GOOGLE_AUTH from package com.google.android.videos (protectionLevel=2 flags=0x30dbbe44)
01-18 13:46:51.785  1449  1653 I PackageManager: Un-granting permission android.permission.WRITE_MEDIA_STORAGE from package com.google.android.apps.photos (protectionLevel=18 flags=0x38d9bec5)
01-18 13:46:51.785  1449  1653 I PackageManager: Un-granting permission android.permission.WRITE_SETTINGS from package com.glgjing.stark (protectionLevel=1218 flags=0x3088be44)
01-18 13:46:51.785  1449  1653 I PackageManager: Un-granting permission android.permission.SYSTEM_ALERT_WINDOW from package com.glgjing.stark (protectionLevel=1250 flags=0x3088be44)
01-18 13:46:51.785  1449  1653 I PackageManager: Un-granting permission android.permission.PACKAGE_USAGE_STATS from package com.glgjing.stark (protectionLevel=114 flags=0x3088be44)
01-18 13:46:51.788  1449  1653 I PackageManager: Un-granting permission android.permission.PACKAGE_USAGE_STATS from package com.hmdglobal.support (protectionLevel=114 flags=0x30c8bec5)
01-18 13:46:51.789  1449  1653 I PackageManager: Un-granting permission android.permission.DUMP from package com.google.android.apps.turbo (protectionLevel=50 flags=0x30cbbec5)
01-18 13:46:51.789  1449  1653 I PackageManager: Un-granting permission android.permission.READ_WALLPAPER_INTERNAL from package com.google.android.apps.wallpaper (protectionLevel=18 flags=0x38cbbec5)
01-18 13:46:52.503  1449  1653 I PackageManager: [SW3]StatsLog PKG_ADM__ADM__MODIFY, isSystemApp:false
01-18 13:46:52.552  1449  1653 I ActivityManager: Force stopping com.mit.reality.hack appid=10635 user=0: pkg removed
01-18 13:47:06.795  1449  1634 I ActivityManager: Start proc 4695:com.android.bluetooth/1002 for service {com.android.bluetooth/com.android.bluetooth.btservice.AdapterService}
01-18 13:47:06.796  1449  1634 D ActivityManager: handleProcessStartedLocked mDoneFinishBooting && app.pid != 0 ---> notifyProcessStart, app.processName = com.android.bluetooth, app.info = ApplicationInfo{1fd2872 com.android.bluetooth}, app.hostingType = service, getHostingName() = ComponentInfo{com.android.bluetooth/com.android.bluetooth.btservice.AdapterService}, getIntentFlag() = 0, getIsPackageRunning() = false, app = ProcessRecord{54924c3 4695:com.android.bluetooth/1002}, getExtraData() = Bundle[{SERVICE_INTENT=Intent { act=android.bluetooth.IBluetooth cmp=com.android.bluetooth/.btservice.AdapterService }, CALLER_PACKAGE=android}]
01-18 13:47:36.265  1449  1615 D ActivityManager: Package [com.google.android.apps.photos] have process
01-18 13:47:36.286  1449  1634 I ActivityManager: Start proc 4773:com.google.android.apps.photos/u0a119 for activity {com.google.android.apps.photos/com.google.android.apps.photos.home.HomeActivity}
01-18 13:47:36.286  1449  1634 D ActivityManager: handleProcessStartedLocked mDoneFinishBooting && app.pid != 0 ---> notifyProcessStart, app.processName = com.google.android.apps.photos, app.info = ApplicationInfo{b2cc324 com.google.android.apps.photos}, app.hostingType = activity, getHostingName() = ComponentInfo{com.google.android.apps.photos/com.google.android.apps.photos.home.HomeActivity}, getIntentFlag() = 0, getIsPackageRunning() = true, app = ProcessRecord{75c3e8d 4773:com.google.android.apps.photos/u0a119}, getExtraData() = null
01-18 13:47:38.069  1449  3598 W ActivityManager: Permission Denial: Accessing service com.google.android.music/.dial.DialMediaRouteProviderService from pid=4773, uid=10119 that is not exported from uid 10133
01-18 13:47:48.895  1449  1615 D ActivityManager: Package [com.mit.reality.hack] have process
01-18 13:47:48.910  1449  1634 I ActivityManager: Start proc 4900:com.mit.reality.hack/u0a635 for activity {com.mit.reality.hack/com.unity3d.player.UnityPlayerActivity}
01-18 13:47:48.910  1449  1634 D ActivityManager: handleProcessStartedLocked mDoneFinishBooting && app.pid != 0 ---> notifyProcessStart, app.processName = com.mit.reality.hack, app.info = ApplicationInfo{3d3b3f5 com.mit.reality.hack}, app.hostingType = activity, getHostingName() = ComponentInfo{com.mit.reality.hack/com.unity3d.player.UnityPlayerActivity}, getIntentFlag() = 0, getIsPackageRunning() = true, app = ProcessRecord{676758a 4900:com.mit.reality.hack/u0a635}, getExtraData() = null
01-18 13:47:55.283  1449  6897 I ActivityManager: Process com.android.bluetooth (pid 4695) has died: fore SVC 
01-18 13:48:17.896  1449  5810 I ActivityManager: Process com.evenwell.batteryprotect (pid 2037) has died: cch+85 SVC 
01-18 13:48:17.906  1449  5810 W ActivityManager: Scheduling restart of crashed service com.evenwell.batteryprotect/.DetectBatteryService in 1000ms
01-18 13:48:17.944  1449  9312 I ActivityManager: Process com.evenwell.autoregistration (pid 31389) has died: cch+85 SVC 
01-18 13:48:17.952  1449  9312 W ActivityManager: Scheduling restart of crashed service com.evenwell.autoregistration/.Caivs.CavisService in 10955ms
01-18 13:48:17.952  1449  9312 W ActivityManager: Scheduling restart of crashed service com.evenwell.autoregistration/.Caivs.PhoneStateService in 20955ms
01-18 13:48:18.164  1449  7759 I ActivityManager: Process com.google.android.ims (pid 31958) has died: cch+85 SVC 
01-18 13:48:18.182  1449  7759 W ActivityManager: Scheduling restart of crashed service com.google.android.ims/.services.RcsService in 30725ms
01-18 13:48:18.941  1449  1634 I ActivityManager: Start proc 5156:com.evenwell.batteryprotect/1000 for service {com.evenwell.batteryprotect/com.evenwell.batteryprotect.DetectBatteryService}
01-18 13:48:18.941  1449  1634 D ActivityManager: handleProcessStartedLocked mDoneFinishBooting && app.pid != 0 ---> notifyProcessStart, app.processName = com.evenwell.batteryprotect, app.info = ApplicationInfo{a19b81e com.evenwell.batteryprotect}, app.hostingType = service, getHostingName() = ComponentInfo{com.evenwell.batteryprotect/com.evenwell.batteryprotect.DetectBatteryService}, getIntentFlag() = 0, getIsPackageRunning() = false, app = ProcessRecord{d0b4e53 5156:com.evenwell.batteryprotect/1000}, getExtraData() = Bundle[{SERVICE_INTENT=Intent { cmp=com.evenwell.batteryprotect/.DetectBatteryService }, CALLER_PACKAGE=com.evenwell.batteryprotect}]
01-18 13:48:18.990  1449  1615 I ActivityManager: Killing 4900:com.mit.reality.hack/u0a635 (adj 905): remove task
01-18 13:48:19.092  1449  1634 I ActivityManager: Start proc 5176:com.android.bluetooth/1002 for service {com.android.bluetooth/com.android.bluetooth.btservice.AdapterService}
01-18 13:48:19.092  1449  1634 D ActivityManager: handleProcessStartedLocked mDoneFinishBooting && app.pid != 0 ---> notifyProcessStart, app.processName = com.android.bluetooth, app.info = ApplicationInfo{80fa8ec com.android.bluetooth}, app.hostingType = service, getHostingName() = ComponentInfo{com.android.bluetooth/com.android.bluetooth.btservice.AdapterService}, getIntentFlag() = 0, getIsPackageRunning() = false, app = ProcessRecord{6ab04b5 5176:com.android.bluetooth/1002}, getExtraData() = Bundle[{SERVICE_INTENT=Intent { act=android.bluetooth.IBluetooth cmp=com.android.bluetooth/.btservice.AdapterService }, CALLER_PACKAGE=android}]
01-18 13:48:19.156  1449  1615 W ActivityManager: setHasOverlayUi called on unknown pid: 4900
01-18 13:48:20.831  1449  2549 W ActivityManager: Unable to start service Intent { cmp=com.evenwell.faceplusrecognition/.FacePlusService } U=0: not found
01-18 13:48:25.927  1449  7759 I ActivityManager: Process com.android.bluetooth (pid 5176) has died: fore SVC 
01-18 13:48:28.946  1449  1634 I ActivityManager: Start proc 5249:com.evenwell.autoregistration/1000 for service {com.evenwell.autoregistration/com.evenwell.autoregistration.Caivs.CavisService}
01-18 13:48:28.947  1449  1634 D ActivityManager: handleProcessStartedLocked mDoneFinishBooting && app.pid != 0 ---> notifyProcessStart, app.processName = com.evenwell.autoregistration, app.info = ApplicationInfo{e3954ef com.evenwell.autoregistration}, app.hostingType = service, getHostingName() = ComponentInfo{com.evenwell.autoregistration/com.evenwell.autoregistration.Caivs.CavisService}, getIntentFlag() = 0, getIsPackageRunning() = false, app = ProcessRecord{d670807 5249:com.evenwell.autoregistration/1000}, getExtraData() = Bundle[{SERVICE_INTENT=Intent { act=com.evenwell.autoregistration.START_CAIVS_SERVICE pkg=com.evenwell.autoregistration }, CALLER_PACKAGE=com.evenwell.autoregistration}]
01-18 13:48:48.967  1449  1634 I ActivityManager: Start proc 5287:com.google.android.ims/u0a51 for service {com.google.android.ims/com.google.android.ims.services.RcsService}
01-18 13:48:48.968  1449  1634 D ActivityManager: handleProcessStartedLocked mDoneFinishBooting && app.pid != 0 ---> notifyProcessStart, app.processName = com.google.android.ims, app.info = ApplicationInfo{b938a84 com.google.android.ims}, app.hostingType = service, getHostingName() = ComponentInfo{com.google.android.ims/com.google.android.ims.services.RcsService}, getIntentFlag() = 0, getIsPackageRunning() = false, app = ProcessRecord{d4b9e1b 5287:com.google.android.ims/u0a51}, getExtraData() = Bundle[{SERVICE_INTENT=Intent { act=csapk.created cmp=com.google.android.ims/.services.RcsService }, CALLER_PACKAGE=com.google.android.apps.messaging}]
01-18 13:48:49.963  1449  1634 I ActivityManager: Start proc 5332:com.google.android.apps.messaging/u0a113 for service {com.google.android.apps.messaging/com.google.android.apps.messaging.rcsmigration.RcsMigrationService}
01-18 13:48:49.963  1449  1634 D ActivityManager: handleProcessStartedLocked mDoneFinishBooting && app.pid != 0 ---> notifyProcessStart, app.processName = com.google.android.apps.messaging, app.info = ApplicationInfo{794ad53 com.google.android.apps.messaging}, app.hostingType = service, getHostingName() = ComponentInfo{com.google.android.apps.messaging/com.google.android.apps.messaging.rcsmigration.RcsMigrationService}, getIntentFlag() = 0, getIsPackageRunning() = false, app = ProcessRecord{84f4690 5332:com.google.android.apps.messaging/u0a113}, getExtraData() = Bundle[{SERVICE_INTENT=Intent { cmp=com.google.android.apps.messaging/.rcsmigration.RcsMigrationService }, CALLER_PACKAGE=com.google.android.ims}]
01-18 13:48:49.974  1449  1633 D ActivityManager: Package [com.google.android.apps.messaging] have process
01-18 13:48:50.000  1449  2548 W ActivityManager: Unable to start service Intent { act=com.google.android.ims.SIM_ABSENT cmp=com.google.android.ims/cpp } U=0: not found
01-18 13:48:50.014  1449  2932 W ActivityManager: Receiver with filter android.content.IntentFilter@6f01a66 already registered for pid 5287, callerPackage is com.google.android.ims
01-18 13:48:50.015  1449  2932 W ActivityManager: Receiver with filter android.content.IntentFilter@d2a81a7 already registered for pid 5287, callerPackage is com.google.android.ims
01-18 13:48:50.617  1449  2548 W ActivityManager: Background start not allowed: service Intent { cmp=com.google.android.apps.messaging/.shared.datamodel.action.execution.ActionExecutorImpl$EmptyService } to com.google.android.apps.messaging/.shared.datamodel.action.execution.ActionExecutorImpl$EmptyService from pid=5332 uid=10113 pkg=com.google.android.apps.messaging startFg?=false
01-18 13:48:50.679  1449  3586 W ActivityManager: Background start not allowed: service Intent { cmp=com.google.android.apps.messaging/.shared.datamodel.action.execution.ActionExecutorImpl$EmptyService } to com.google.android.apps.messaging/.shared.datamodel.action.execution.ActionExecutorImpl$EmptyService from pid=5332 uid=10113 pkg=com.google.android.apps.messaging startFg?=false
01-18 13:48:56.579  1449  2548 W ActivityManager: Background start not allowed: service Intent { cmp=com.google.android.apps.messaging/.shared.datamodel.action.execution.ActionExecutorImpl$EmptyService } to com.google.android.apps.messaging/.shared.datamodel.action.execution.ActionExecutorImpl$EmptyService from pid=5332 uid=10113 pkg=com.google.android.apps.messaging startFg?=false
01-18 13:48:56.586  1449  2548 W ActivityManager: Background start not allowed: service Intent { cmp=com.google.android.apps.messaging/.shared.datamodel.action.execution.ActionExecutorImpl$EmptyService } to com.google.android.apps.messaging/.shared.datamodel.action.execution.ActionExecutorImpl$EmptyService from pid=5332 uid=10113 pkg=com.google.android.apps.messaging startFg?=false
01-18 13:48:56.676  1449  7759 W ActivityManager: Background start not allowed: service Intent { cmp=com.google.android.apps.messaging/.shared.datamodel.action.execution.ActionExecutorImpl$EmptyService } to com.google.android.apps.messaging/.shared.datamodel.action.execution.ActionExecutorImpl$EmptyService from pid=5332 uid=10113 pkg=com.google.android.apps.messaging startFg?=false
01-18 13:49:02.186  1449  6897 W ActivityManager: Background start not allowed: service Intent { cmp=com.google.android.apps.messaging/.shared.datamodel.action.execution.ActionExecutorImpl$EmptyService } to com.google.android.apps.messaging/.shared.datamodel.action.execution.ActionExecutorImpl$EmptyService from pid=5332 uid=10113 pkg=com.google.android.apps.messaging startFg?=false
01-18 13:49:10.656  1449  1633 I ActivityManager: Waited long enough for: ServiceRecord{ebbd6c u0 com.google.android.googlequicksearchbox/com.google.android.apps.gsa.shared.util.keepalive.StandaloneKeepAlive$KeepAliveService}
01-18 13:50:50.687  1449  2548 W ActivityManager: Background start not allowed: service Intent { cmp=com.google.android.apps.messaging/.shared.datamodel.action.execution.ActionExecutorImpl$EmptyService } to com.google.android.apps.messaging/.shared.datamodel.action.execution.ActionExecutorImpl$EmptyService from pid=5332 uid=10113 pkg=com.google.android.apps.messaging startFg?=false
01-18 13:50:50.824  1449  1634 I ActivityManager: Start proc 5472:android.process.acore/u0a45 for content provider {com.android.providers.contacts/com.android.providers.contacts.ContactsProvider2}
01-18 13:50:50.824  1449  1634 D ActivityManager: handleProcessStartedLocked mDoneFinishBooting && app.pid != 0 ---> notifyProcessStart, app.processName = android.process.acore, app.info = ApplicationInfo{6144f95 com.android.providers.contacts}, app.hostingType = content provider, getHostingName() = ComponentInfo{com.android.providers.contacts/com.android.providers.contacts.ContactsProvider2}, getIntentFlag() = 0, getIsPackageRunning() = false, app = ProcessRecord{92378aa 5472:android.process.acore/u0a45}, getExtraData() = null
01-18 13:51:01.499  1449  1634 I ActivityManager: Start proc 5502:com.google.android.contacts/u0a65 for service {com.google.android.contacts/com.google.android.apps.contacts.shortcut.ShortcutJobService}
01-18 13:51:01.499  1449  1634 D ActivityManager: handleProcessStartedLocked mDoneFinishBooting && app.pid != 0 ---> notifyProcessStart, app.processName = com.google.android.contacts, app.info = ApplicationInfo{90e4c99 com.google.android.contacts}, app.hostingType = service, getHostingName() = ComponentInfo{com.google.android.contacts/com.google.android.apps.contacts.shortcut.ShortcutJobService}, getIntentFlag() = 0, getIsPackageRunning() = false, app = ProcessRecord{dc36b5e 5502:com.google.android.contacts/u0a65}, getExtraData() = Bundle[{SERVICE_INTENT=Intent { cmp=com.google.android.contacts/com.google.android.apps.contacts.shortcut.ShortcutJobService }, CALLER_PACKAGE=android}]
01-18 13:53:24.925  1449  3592 W ActivityManager: Permission Denial: Accessing service com.google.android.music/.dial.DialMediaRouteProviderService from pid=3835, uid=10061 that is not exported from uid 10133
01-18 13:53:25.309  1449  1634 I ActivityManager: Start proc 5633:com.android.bluetooth/1002 for service {com.android.bluetooth/com.android.bluetooth.btservice.AdapterService}
01-18 13:53:25.309  1449  1634 D ActivityManager: handleProcessStartedLocked mDoneFinishBooting && app.pid != 0 ---> notifyProcessStart, app.processName = com.android.bluetooth, app.info = ApplicationInfo{29bb8af com.android.bluetooth}, app.hostingType = service, getHostingName() = ComponentInfo{com.android.bluetooth/com.android.bluetooth.btservice.AdapterService}, getIntentFlag() = 0, getIsPackageRunning() = false, app = ProcessRecord{4ed24bc 5633:com.android.bluetooth/1002}, getExtraData() = Bundle[{SERVICE_INTENT=Intent { act=android.bluetooth.IBluetooth cmp=com.android.bluetooth/.btservice.AdapterService }, CALLER_PACKAGE=android}]
01-18 13:53:25.436  1449  1633 I ActivityManager: Force stopping com.mit.reality.hack appid=10635 user=-1: installPackageLI
01-18 13:53:25.437  1449  1653 I PackageManager: Update package com.mit.reality.hack code path from /data/app/com.mit.reality.hack-yrF060VgBOICFOlKg8KYgQ== to /data/app/com.mit.reality.hack-rUuWO6DP1nukaoIdlyUhcA==; Retain data and using new
01-18 13:53:25.437  1449  1653 I PackageManager: Update package com.mit.reality.hack resource path from /data/app/com.mit.reality.hack-yrF060VgBOICFOlKg8KYgQ== to /data/app/com.mit.reality.hack-rUuWO6DP1nukaoIdlyUhcA==; Retain data and using new
01-18 13:53:25.544  1449  1653 I PackageManager: Un-granting permission android.permission.MANAGE_DOCUMENTS from package com.google.android.youtube (protectionLevel=262146 flags=0x30dbbec5)
01-18 13:53:25.545  1449  1653 I PackageManager: Un-granting permission android.permission.MANAGE_USB from package com.google.android.googlequicksearchbox (protectionLevel=18 flags=0xb0dbbec5)
01-18 13:53:25.545  1449  1653 I PackageManager: Un-granting permission com.google.android.googleapps.permission.GOOGLE_AUTH from package com.android.providers.calendar (protectionLevel=2 flags=0x3088be45)
01-18 13:53:25.545  1449  1653 I PackageManager: Un-granting permission com.google.android.googleapps.permission.GOOGLE_AUTH.cl from package com.android.providers.calendar (protectionLevel=2 flags=0x3088be45)
01-18 13:53:25.546  1449  1653 I PackageManager: Un-granting permission com.google.android.setupwizard.READ_DEVICE_ORIGIN from package com.google.android.apps.messaging (protectionLevel=18 flags=0x38cbbec5)
01-18 13:53:25.546  1449  1653 I PackageManager: Un-granting permission android.permission.ACCESS_DOWNLOAD_MANAGER from package com.microsoft.office.officelens (protectionLevel=18 flags=0x30d83e44)
01-18 13:53:25.547  1449  1653 I PackageManager: Un-granting permission android.permission.SEND_DOWNLOAD_COMPLETED_INTENTS from package com.android.vending (protectionLevel=2 flags=0x38cabec5)
01-18 13:53:25.548  1449  1653 I PackageManager: Un-granting permission android.permission.WRITE_SETTINGS from package com.microsoft.skydrive (protectionLevel=1218 flags=0x30d83e44)
01-18 13:53:25.548  1449  1653 I PackageManager: Un-granting permission android.permission.REQUEST_INSTALL_PACKAGES from package com.microsoft.skydrive (protectionLevel=66 flags=0x30d83e44)
01-18 13:53:25.548  1449  1653 I PackageManager: Un-granting permission android.permission.SYSTEM_ALERT_WINDOW from package com.rnunitydemo (protectionLevel=1250 flags=0x3888be46)
01-18 13:53:25.549  1449  1653 I PackageManager: Un-granting permission android.permission.REQUEST_INSTALL_PACKAGES from package com.instagram.android (protectionLevel=66 flags=0x30c83e64)
01-18 13:53:25.550  1449  1653 I PackageManager: Un-granting permission com.google.android.providers.gsf.permission.WRITE_GSERVICES from package com.google.android.as (protectionLevel=18 flags=0x30c8be44)
01-18 13:53:25.550  1449  1653 I PackageManager: Un-granting permission android.permission.REQUEST_INSTALL_PACKAGES from package com.google.android.gm (protectionLevel=66 flags=0x38cbbec5)
01-18 13:53:25.551  1449  1653 I PackageManager: Un-granting permission android.permission.REQUEST_INSTALL_PACKAGES from package com.moodle.moodlemobile (protectionLevel=66 flags=0x38c8be44)
01-18 13:53:25.552  1449  1653 I PackageManager: Un-granting permission android.permission.WRITE_SETTINGS from package com.google.android.music (protectionLevel=1218 flags=0x38cbbe64)
01-18 13:53:25.552  1449  1653 I PackageManager: Un-granting permission android.permission.BIND_JOB_SERVICE from package com.google.android.music (protectionLevel=2 flags=0x38cbbe64)
01-18 13:53:25.552  1449  1653 I PackageManager: Un-granting permission android.permission.LOCATION_HARDWARE from package com.google.android.apps.wellbeing (protectionLevel=18 flags=0x20cbbec5)
01-18 13:53:25.553  1449  1653 I PackageManager: Un-granting permission android.permission.WRITE_SECURE_SETTINGS from package com.google.android.dialer (protectionLevel=50 flags=0x20cbbec5)
01-18 13:53:25.553  1449  1653 I PackageManager: Un-granting permission android.permission.REQUEST_INSTALL_PACKAGES from package com.google.android.apps.nbu.files (protectionLevel=66 flags=0x30c83ec5)
01-18 13:53:25.554  1449  1653 I PackageManager: Un-granting permission android.permission.REQUEST_INSTALL_PACKAGES from package com.google.android.apps.docs (protectionLevel=66 flags=0x38cbbec5)
01-18 13:53:25.554  1449  1653 I PackageManager: Un-granting permission android.permission.REQUEST_INSTALL_PACKAGES from package com.oculus.twilight (protectionLevel=66 flags=0x30c83e44)
01-18 13:53:25.555  1449  1653 I PackageManager: Un-granting permission com.google.android.gm.permission.READ_GMAIL from package com.google.android.contacts (protectionLevel=2 flags=0x30cbbec5)
01-18 13:53:25.555  1449  1653 I PackageManager: Un-granting permission com.google.android.googleapps.permission.GOOGLE_AUTH from package com.google.android.contacts (protectionLevel=2 flags=0x30cbbec5)
01-18 13:53:25.555  1449  1653 I PackageManager: Un-granting permission android.permission.INTERACT_ACROSS_USERS from package com.google.android.syncadapters.contacts (protectionLevel=50 flags=0x20883e45)
01-18 13:53:25.555  1449  1653 I PackageManager: Un-granting permission android.permission.REQUEST_INSTALL_PACKAGES from package com.android.chrome (protectionLevel=66 flags=0xa0cbbec5)
01-18 13:53:25.555  1449  1653 I PackageManager: Un-granting permission android.permission.CAPTURE_VIDEO_OUTPUT from package com.google.android.gms (protectionLevel=2 flags=0xa0cabec5)
01-18 13:53:25.556  1449  1653 I PackageManager: Un-granting permission android.permission.MANAGE_DEVICE_ADMINS from package com.google.android.gms (protectionLevel=2 flags=0xa0cabec5)
01-18 13:53:25.556  1449  1653 I PackageManager: Un-granting permission android.permission.MANAGE_ACTIVITY_STACKS from package com.google.android.gms (protectionLevel=2 flags=0xa0cabec5)
01-18 13:53:25.556  1449  1653 I PackageManager: Un-granting permission android.permission.CAPTURE_SECURE_VIDEO_OUTPUT from package com.google.android.gms (protectionLevel=2 flags=0xa0cabec5)
01-18 13:53:25.558  1449  1653 I PackageManager: Un-granting permission com.google.android.googleapps.permission.GOOGLE_AUTH from package com.google.android.videos (protectionLevel=2 flags=0x30dbbe44)
01-18 13:53:25.559  1449  1653 I PackageManager: Un-granting permission android.permission.WRITE_MEDIA_STORAGE from package com.google.android.apps.photos (protectionLevel=18 flags=0x38d9bec5)
01-18 13:53:25.559  1449  1653 I PackageManager: Un-granting permission android.permission.WRITE_SETTINGS from package com.glgjing.stark (protectionLevel=1218 flags=0x3088be44)
01-18 13:53:25.559  1449  1653 I PackageManager: Un-granting permission android.permission.SYSTEM_ALERT_WINDOW from package com.glgjing.stark (protectionLevel=1250 flags=0x3088be44)
01-18 13:53:25.559  1449  1653 I PackageManager: Un-granting permission android.permission.PACKAGE_USAGE_STATS from package com.glgjing.stark (protectionLevel=114 flags=0x3088be44)
01-18 13:53:25.561  1449  1653 I PackageManager: Un-granting permission android.permission.PACKAGE_USAGE_STATS from package com.hmdglobal.support (protectionLevel=114 flags=0x30c8bec5)
01-18 13:53:25.562  1449  1653 I PackageManager: Un-granting permission android.permission.DUMP from package com.google.android.apps.turbo (protectionLevel=50 flags=0x30cbbec5)
01-18 13:53:25.562  1449  1653 I PackageManager: Un-granting permission android.permission.READ_WALLPAPER_INTERNAL from package com.google.android.apps.wallpaper (protectionLevel=18 flags=0x38cbbec5)
01-18 13:53:26.214  1449  1653 I PackageManager: [SW3]StatsLog PKG_ADM__ADM__MODIFY, isSystemApp:false
01-18 13:53:26.236  1449  1653 I ActivityManager: Force stopping com.mit.reality.hack appid=10635 user=0: pkg removed
01-18 13:53:26.261  1449  3592 W ActivityManager: Permission Denial: Accessing service com.google.android.music/.dial.DialMediaRouteProviderService from pid=3835, uid=10061 that is not exported from uid 10133
01-18 13:53:26.298  1449  2548 W ActivityManager: Permission Denial: Accessing service com.google.android.music/.dial.DialMediaRouteProviderService from pid=3835, uid=10061 that is not exported from uid 10133
01-18 13:53:26.324  1449  3484 W ActivityManager: Permission Denial: Accessing service com.google.android.music/.dial.DialMediaRouteProviderService from pid=3835, uid=10061 that is not exported from uid 10133
01-18 13:53:32.840  1449  1615 D ActivityManager: Package [com.mit.reality.hack] have process
01-18 13:53:32.846  1449  1634 I ActivityManager: Start proc 5743:com.mit.reality.hack/u0a635 for activity {com.mit.reality.hack/com.unity3d.player.UnityPlayerActivity}
01-18 13:53:32.849  1449  1634 D ActivityManager: handleProcessStartedLocked mDoneFinishBooting && app.pid != 0 ---> notifyProcessStart, app.processName = com.mit.reality.hack, app.info = ApplicationInfo{418d09a com.mit.reality.hack}, app.hostingType = activity, getHostingName() = ComponentInfo{com.mit.reality.hack/com.unity3d.player.UnityPlayerActivity}, getIntentFlag() = 0, getIsPackageRunning() = true, app = ProcessRecord{f3bedcb 5743:com.mit.reality.hack/u0a635}, getExtraData() = null
01-18 13:53:38.016  1449  2548 I ActivityManager: Process com.evenwell.AprUploadService (pid 31826) has died: cch+85 CEM 
01-18 13:53:38.744  1449  2548 I ActivityManager: Process com.google.android.gms:car (pid 3351) has died: cch+75 CEM 
01-18 13:53:38.852  1449  7759 I ActivityManager: Process com.google.android.projection.gearhead:shared (pid 3238) has died: cch+75 CEM 
01-18 13:53:38.870  1449  8956 I ActivityManager: Process com.android.settings (pid 3274) has died: cch+65 CEM 
01-18 13:53:38.876  1449  1615 W ActivityManager: setHasOverlayUi called on unknown pid: 3274
01-18 13:53:39.206  1449  8956 I ActivityManager: Process com.android.bluetooth (pid 5633) has died: fore SVC 
01-18 13:53:41.951  1449  8956 I ActivityManager: Process com.android.vending:download_service (pid 4160) has died: cch+65 CEM 
01-18 13:53:43.099  1449  1634 I ActivityManager: Start proc 5943:com.android.bluetooth/1002 for service {com.android.bluetooth/com.android.bluetooth.btservice.AdapterService}
01-18 13:53:43.099  1449  1634 D ActivityManager: handleProcessStartedLocked mDoneFinishBooting && app.pid != 0 ---> notifyProcessStart, app.processName = com.android.bluetooth, app.info = ApplicationInfo{e2cbec9 com.android.bluetooth}, app.hostingType = service, getHostingName() = ComponentInfo{com.android.bluetooth/com.android.bluetooth.btservice.AdapterService}, getIntentFlag() = 0, getIsPackageRunning() = false, app = ProcessRecord{3a4a9ce 5943:com.android.bluetooth/1002}, getExtraData() = Bundle[{SERVICE_INTENT=Intent { act=android.bluetooth.IBluetooth cmp=com.android.bluetooth/.btservice.AdapterService }, CALLER_PACKAGE=android}]
01-18 13:53:43.176  1449  2548 I ActivityManager: Process com.mit.reality.hack (pid 5743) has died: cch+5 CEM 
01-18 13:53:43.191  1449  1615 W ActivityManager: setHasOverlayUi called on unknown pid: 5743
01-18 13:53:44.841  1449  8163 W ActivityManager: Unable to start service Intent { cmp=com.evenwell.faceplusrecognition/.FacePlusService } U=0: not found
01-18 13:53:50.352  1449  8163 I ActivityManager: Process com.android.bluetooth (pid 5943) has died: fore SVC 
01-18 13:56:11.354  1449  1633 I ActivityManager: Force stopping com.mit.reality.hack appid=10635 user=-1: installPackageLI
01-18 13:56:11.354  1449  1653 I PackageManager: Update package com.mit.reality.hack code path from /data/app/com.mit.reality.hack-rUuWO6DP1nukaoIdlyUhcA== to /data/app/com.mit.reality.hack-dXAoqb4YYrhtQgCQJUAMYA==; Retain data and using new
01-18 13:56:11.354  1449  1653 I PackageManager: Update package com.mit.reality.hack resource path from /data/app/com.mit.reality.hack-rUuWO6DP1nukaoIdlyUhcA== to /data/app/com.mit.reality.hack-dXAoqb4YYrhtQgCQJUAMYA==; Retain data and using new
01-18 13:56:11.494  1449  1653 I PackageManager: Un-granting permission android.permission.MANAGE_DOCUMENTS from package com.google.android.youtube (protectionLevel=262146 flags=0x30dbbec5)
01-18 13:56:11.496  1449  1653 I PackageManager: Un-granting permission android.permission.MANAGE_USB from package com.google.android.googlequicksearchbox (protectionLevel=18 flags=0xb0dbbec5)
01-18 13:56:11.496  1449  1653 I PackageManager: Un-granting permission com.google.android.googleapps.permission.GOOGLE_AUTH from package com.android.providers.calendar (protectionLevel=2 flags=0x3088be45)
01-18 13:56:11.496  1449  1653 I PackageManager: Un-granting permission com.google.android.googleapps.permission.GOOGLE_AUTH.cl from package com.android.providers.calendar (protectionLevel=2 flags=0x3088be45)
01-18 13:56:11.498  1449  1653 I PackageManager: Un-granting permission com.google.android.setupwizard.READ_DEVICE_ORIGIN from package com.google.android.apps.messaging (protectionLevel=18 flags=0x38cbbec5)
01-18 13:56:11.499  1449  1653 I PackageManager: Un-granting permission android.permission.ACCESS_DOWNLOAD_MANAGER from package com.microsoft.office.officelens (protectionLevel=18 flags=0x30d83e44)
01-18 13:56:11.500  1449  1653 I PackageManager: Un-granting permission android.permission.SEND_DOWNLOAD_COMPLETED_INTENTS from package com.android.vending (protectionLevel=2 flags=0x38cabec5)
01-18 13:56:11.501  1449  1653 I PackageManager: Un-granting permission android.permission.WRITE_SETTINGS from package com.microsoft.skydrive (protectionLevel=1218 flags=0x30d83e44)
01-18 13:56:11.502  1449  1653 I PackageManager: Un-granting permission android.permission.REQUEST_INSTALL_PACKAGES from package com.microsoft.skydrive (protectionLevel=66 flags=0x30d83e44)
01-18 13:56:11.502  1449  1653 I PackageManager: Un-granting permission android.permission.SYSTEM_ALERT_WINDOW from package com.rnunitydemo (protectionLevel=1250 flags=0x3888be46)
01-18 13:56:11.505  1449  1653 I PackageManager: Un-granting permission android.permission.REQUEST_INSTALL_PACKAGES from package com.instagram.android (protectionLevel=66 flags=0x30c83e64)
01-18 13:56:11.506  1449  1653 I PackageManager: Un-granting permission com.google.android.providers.gsf.permission.WRITE_GSERVICES from package com.google.android.as (protectionLevel=18 flags=0x30c8be44)
01-18 13:56:11.506  1449  1653 I PackageManager: Un-granting permission android.permission.REQUEST_INSTALL_PACKAGES from package com.google.android.gm (protectionLevel=66 flags=0x38cbbec5)
01-18 13:56:11.507  1449  1653 I PackageManager: Un-granting permission android.permission.REQUEST_INSTALL_PACKAGES from package com.moodle.moodlemobile (protectionLevel=66 flags=0x38c8be44)
01-18 13:56:11.510  1449  1653 I PackageManager: Un-granting permission android.permission.WRITE_SETTINGS from package com.google.android.music (protectionLevel=1218 flags=0x38cbbe64)
01-18 13:56:11.510  1449  1653 I PackageManager: Un-granting permission android.permission.BIND_JOB_SERVICE from package com.google.android.music (protectionLevel=2 flags=0x38cbbe64)
01-18 13:56:11.510  1449  1653 I PackageManager: Un-granting permission android.permission.LOCATION_HARDWARE from package com.google.android.apps.wellbeing (protectionLevel=18 flags=0x20cbbec5)
01-18 13:56:11.511  1449  1653 I PackageManager: Un-granting permission android.permission.WRITE_SECURE_SETTINGS from package com.google.android.dialer (protectionLevel=50 flags=0x20cbbec5)
01-18 13:56:11.512  1449  1653 I PackageManager: Un-granting permission android.permission.REQUEST_INSTALL_PACKAGES from package com.google.android.apps.nbu.files (protectionLevel=66 flags=0x30c83ec5)
01-18 13:56:11.513  1449  1653 I PackageManager: Un-granting permission android.permission.REQUEST_INSTALL_PACKAGES from package com.google.android.apps.docs (protectionLevel=66 flags=0x38cbbec5)
01-18 13:56:11.514  1449  1653 I PackageManager: Un-granting permission android.permission.REQUEST_INSTALL_PACKAGES from package com.oculus.twilight (protectionLevel=66 flags=0x30c83e44)
