01-18 11:48:52.817  1449  1634 D ActivityManager: handleProcessStartedLocked mDoneFinishBooting && app.pid != 0 ---> notifyProcessStart, app.processName = com.evenwell.batteryprotect, app.info = ApplicationInfo{a19b81e com.evenwell.batteryprotect}, app.hostingType = service, getHostingName() = ComponentInfo{com.evenwell.batteryprotect/com.evenwell.batteryprotect.DetectBatteryService}, getIntentFlag() = 0, getIsPackageRunning() = false, app = ProcessRecord{f8aa565 31258:com.evenwell.batteryprotect/1000}, getExtraData() = Bundle[{SERVICE_INTENT=Intent { cmp=com.evenwell.batteryprotect/.DetectBatteryService }, CALLER_PACKAGE=com.evenwell.batteryprotect}]
01-18 11:49:02.834  1449  1634 I ActivityManager: Start proc 31298:com.qualcomm.telephony/u0a241 for service {com.qualcomm.atfwd/com.qualcomm.atfwd.AtFwdService}
01-18 11:49:02.834  1449  1634 D ActivityManager: handleProcessStartedLocked mDoneFinishBooting && app.pid != 0 ---> notifyProcessStart, app.processName = com.qualcomm.telephony, app.info = ApplicationInfo{139e136 com.qualcomm.atfwd}, app.hostingType = service, getHostingName() = ComponentInfo{com.qualcomm.atfwd/com.qualcomm.atfwd.AtFwdService}, getIntentFlag() = 0, getIsPackageRunning() = false, app = ProcessRecord{cd41063 31298:com.qualcomm.telephony/u0a241}, getExtraData() = Bundle[{SERVICE_INTENT=Intent { cmp=com.qualcomm.atfwd/.AtFwdService }, CALLER_PACKAGE=com.qualcomm.atfwd}]
01-18 11:49:03.101  1449  9312 I ActivityManager: Process com.evenwell.autoregistration (pid 28334) has died: cch+85 SVC 
01-18 11:49:03.109  1449  9312 W ActivityManager: Scheduling restart of crashed service com.evenwell.autoregistration/.Caivs.CavisService in 1000ms
01-18 11:49:03.110  1449  9312 W ActivityManager: Scheduling restart of crashed service com.evenwell.autoregistration/.Caivs.PhoneStateService in 11000ms
01-18 11:49:03.128  1449  9312 I ActivityManager: Process com.hmdglobal.datago (pid 29171) has died: cch+85 SVC 
01-18 11:49:03.135  1449  9312 W ActivityManager: Scheduling restart of crashed service com.hmdglobal.datago/.DataGoService in 20975ms
01-18 11:49:03.173  1449  9443 I ActivityManager: Process com.android.providers.calendar (pid 29522) has died: cch+75 CEM 
01-18 11:49:04.144  1449  1634 I ActivityManager: Start proc 31389:com.evenwell.autoregistration/1000 for service {com.evenwell.autoregistration/com.evenwell.autoregistration.Caivs.CavisService}
01-18 11:49:04.145  1449  1634 D ActivityManager: handleProcessStartedLocked mDoneFinishBooting && app.pid != 0 ---> notifyProcessStart, app.processName = com.evenwell.autoregistration, app.info = ApplicationInfo{e3954ef com.evenwell.autoregistration}, app.hostingType = service, getHostingName() = ComponentInfo{com.evenwell.autoregistration/com.evenwell.autoregistration.Caivs.CavisService}, getIntentFlag() = 0, getIsPackageRunning() = false, app = ProcessRecord{ed4fbf 31389:com.evenwell.autoregistration/1000}, getExtraData() = Bundle[{SERVICE_INTENT=Intent { act=com.evenwell.autoregistration.START_CAIVS_SERVICE pkg=com.evenwell.autoregistration }, CALLER_PACKAGE=com.evenwell.autoregistration}]
01-18 11:49:04.239  1449  3634 I ActivityManager: Process com.google.android.partnersetup (pid 29484) has died: cch+75 CEM 
01-18 11:49:04.364  1449  3634 I ActivityManager: Process com.google.android.gms:snet (pid 29547) has died: cch+65 CEM 
01-18 11:49:23.958  1449  1634 I ActivityManager: Start proc 31455:com.android.providers.calendar/u0a49 for content provider {com.android.providers.calendar/com.android.providers.calendar.CalendarProvider2}
01-18 11:49:23.958  1449  1634 D ActivityManager: handleProcessStartedLocked mDoneFinishBooting && app.pid != 0 ---> notifyProcessStart, app.processName = com.android.providers.calendar, app.info = ApplicationInfo{6ce2271 com.android.providers.calendar}, app.hostingType = content provider, getHostingName() = ComponentInfo{com.android.providers.calendar/com.android.providers.calendar.CalendarProvider2}, getIntentFlag() = 0, getIsPackageRunning() = false, app = ProcessRecord{8a94856 31455:com.android.providers.calendar/u0a49}, getExtraData() = null
01-18 11:49:24.153  1449  1634 I ActivityManager: Start proc 31479:com.hmdglobal.datago/u0a174 for service {com.hmdglobal.datago/com.hmdglobal.datago.DataGoService}
01-18 11:49:24.153  1449  1634 D ActivityManager: handleProcessStartedLocked mDoneFinishBooting && app.pid != 0 ---> notifyProcessStart, app.processName = com.hmdglobal.datago, app.info = ApplicationInfo{bc56278 com.hmdglobal.datago}, app.hostingType = service, getHostingName() = ComponentInfo{com.hmdglobal.datago/com.hmdglobal.datago.DataGoService}, getIntentFlag() = 0, getIsPackageRunning() = false, app = ProcessRecord{99adff4 31479:com.hmdglobal.datago/u0a174}, getExtraData() = Bundle[{SERVICE_INTENT=Intent { cmp=com.hmdglobal.datago/.DataGoService }, CALLER_PACKAGE=com.hmdglobal.datago}]
01-18 11:49:24.169  1449  6861 W ActivityManager: Unable to start service Intent { act=com.google.firebase.MESSAGING_EVENT pkg=com.google.android.googlequicksearchbox } U=0: not found
01-18 11:49:25.121  1449  6861 W ActivityManager: Unable to start service Intent { act=com.google.firebase.MESSAGING_EVENT pkg=com.google.android.googlequicksearchbox } U=0: not found
01-18 11:49:38.822  1449  1633 I ActivityManager: Waited long enough for: ServiceRecord{42e0539 u0 com.google.android.googlequicksearchbox/com.google.android.apps.gsa.shared.util.keepalive.StandaloneKeepAlive$KeepAliveService}
01-18 11:50:40.923  1449  3598 W ActivityManager: Unable to start service Intent { cmp=com.evenwell.faceplusrecognition/.FacePlusService } U=0: not found
01-18 11:57:16.988  1449  1634 I ActivityManager: Start proc 31734:com.android.cellbroadcastreceiver/1000 for broadcast {com.android.cellbroadcastreceiver/com.android.cellbroadcastreceiver.CellBroadcastReceiver}
01-18 11:57:16.993  1449  1634 D ActivityManager: handleProcessStartedLocked mDoneFinishBooting && app.pid != 0 ---> notifyProcessStart, app.processName = com.android.cellbroadcastreceiver, app.info = ApplicationInfo{c73857a com.android.cellbroadcastreceiver}, app.hostingType = broadcast, getHostingName() = ComponentInfo{com.android.cellbroadcastreceiver/com.android.cellbroadcastreceiver.CellBroadcastReceiver}, getIntentFlag() = 16777236, getIsPackageRunning() = false, app = ProcessRecord{5947911 31734:com.android.cellbroadcastreceiver/1000}, getExtraData() = Bundle[{BROADCAST_INTENT=Intent { act=android.intent.action.SERVICE_STATE flg=0x1000010 (has extras) }, CALLER_PACKAGE=android}]
01-18 11:57:25.552  1449  7548 W ActivityManager: Unbind failed: could not find connection for android.os.BinderProxy@914bf0
01-18 11:57:33.643  1449  1634 I ActivityManager: Start proc 31826:com.evenwell.AprUploadService/u0a47 for content provider {com.evenwell.AprUploadService/com.fihtdc.AprUploadService.provider.SettingProvider}
01-18 11:57:33.643  1449  1634 D ActivityManager: handleProcessStartedLocked mDoneFinishBooting && app.pid != 0 ---> notifyProcessStart, app.processName = com.evenwell.AprUploadService, app.info = ApplicationInfo{ed79271 com.evenwell.AprUploadService}, app.hostingType = content provider, getHostingName() = ComponentInfo{com.evenwell.AprUploadService/com.fihtdc.AprUploadService.provider.SettingProvider}, getIntentFlag() = 0, getIsPackageRunning() = false, app = ProcessRecord{4cdf856 31826:com.evenwell.AprUploadService/u0a47}, getExtraData() = null
01-18 12:02:24.021  1449  1634 I ActivityManager: Start proc 31873:com.google.android.apps.nbu.files/u0a60 for service {com.google.android.apps.nbu.files/com.google.android.apps.nbu.files.junkdetection.JunkDetectionService}
01-18 12:02:24.022  1449  1634 D ActivityManager: handleProcessStartedLocked mDoneFinishBooting && app.pid != 0 ---> notifyProcessStart, app.processName = com.google.android.apps.nbu.files, app.info = ApplicationInfo{369803d com.google.android.apps.nbu.files}, app.hostingType = service, getHostingName() = ComponentInfo{com.google.android.apps.nbu.files/com.google.android.apps.nbu.files.junkdetection.JunkDetectionService}, getIntentFlag() = 0, getIsPackageRunning() = false, app = ProcessRecord{52c6032 31873:com.google.android.apps.nbu.files/u0a60}, getExtraData() = Bundle[{SERVICE_INTENT=Intent { cmp=com.google.android.apps.nbu.files/.junkdetection.JunkDetectionService }, CALLER_PACKAGE=android}]
01-18 12:06:26.901  1449  3592 I ActivityManager: Process com.google.android.ims (pid 28483) has died: cch+85 SVC 
01-18 12:06:26.905  1449  3592 W ActivityManager: Scheduling restart of crashed service com.google.android.ims/.services.RcsService in 1000ms
01-18 12:06:30.760  1449  1634 I ActivityManager: Start proc 31958:com.google.android.ims/u0a51 for service {com.google.android.ims/com.google.android.ims.services.RcsService}
01-18 12:06:30.761  1449  1634 D ActivityManager: handleProcessStartedLocked mDoneFinishBooting && app.pid != 0 ---> notifyProcessStart, app.processName = com.google.android.ims, app.info = ApplicationInfo{b938a84 com.google.android.ims}, app.hostingType = service, getHostingName() = ComponentInfo{com.google.android.ims/com.google.android.ims.services.RcsService}, getIntentFlag() = 0, getIsPackageRunning() = false, app = ProcessRecord{b0fd50e 31958:com.google.android.ims/u0a51}, getExtraData() = Bundle[{SERVICE_INTENT=Intent { act=csapk.created cmp=com.google.android.ims/.services.RcsService }, CALLER_PACKAGE=com.google.android.apps.messaging}]
01-18 12:07:20.691  1449  1634 I ActivityManager: Start proc 32000:com.google.android.apps.messaging/u0a113 for service {com.google.android.apps.messaging/com.google.android.apps.messaging.rcsmigration.RcsMigrationService}
01-18 12:07:20.692  1449  1634 D ActivityManager: handleProcessStartedLocked mDoneFinishBooting && app.pid != 0 ---> notifyProcessStart, app.processName = com.google.android.apps.messaging, app.info = ApplicationInfo{484a1df com.google.android.apps.messaging}, app.hostingType = service, getHostingName() = ComponentInfo{com.google.android.apps.messaging/com.google.android.apps.messaging.rcsmigration.RcsMigrationService}, getIntentFlag() = 0, getIsPackageRunning() = false, app = ProcessRecord{7450e2c 32000:com.google.android.apps.messaging/u0a113}, getExtraData() = Bundle[{SERVICE_INTENT=Intent { cmp=com.google.android.apps.messaging/.rcsmigration.RcsMigrationService }, CALLER_PACKAGE=com.google.android.ims}]
01-18 12:07:20.786  1449  3484 W ActivityManager: Unable to start service Intent { act=com.google.android.ims.SIM_ABSENT cmp=com.google.android.ims/cpp } U=0: not found
01-18 12:07:20.799  1449  3484 W ActivityManager: Receiver with filter android.content.IntentFilter@d334e2 already registered for pid 31958, callerPackage is com.google.android.ims
01-18 12:07:20.800  1449  3484 W ActivityManager: Receiver with filter android.content.IntentFilter@cd69073 already registered for pid 31958, callerPackage is com.google.android.ims
01-18 12:07:20.813  1449  5962 I ActivityManager: Process com.google.android.youtube (pid 29982) has died: cch+75 CEM 
01-18 12:07:20.959  1449  9443 I ActivityManager: Process com.google.android.contacts (pid 29963) has died: cch+75 CEM 
01-18 12:07:21.041  1449  9443 I ActivityManager: Process com.google.android.permissioncontroller (pid 24052) has died: cch+65 CEM 
01-18 12:07:21.429  1449  2785 W ActivityManager: Background start not allowed: service Intent { cmp=com.google.android.apps.messaging/.shared.datamodel.action.execution.ActionExecutorImpl$EmptyService } to com.google.android.apps.messaging/.shared.datamodel.action.execution.ActionExecutorImpl$EmptyService from pid=32000 uid=10113 pkg=com.google.android.apps.messaging startFg?=false
01-18 12:07:40.455  1449  2785 W ActivityManager: Background start not allowed: service Intent { cmp=com.google.android.apps.messaging/.shared.datamodel.action.execution.ActionExecutorImpl$EmptyService } to com.google.android.apps.messaging/.shared.datamodel.action.execution.ActionExecutorImpl$EmptyService from pid=32000 uid=10113 pkg=com.google.android.apps.messaging startFg?=false
01-18 12:07:40.458  1449  2785 W ActivityManager: Background start not allowed: service Intent { cmp=com.google.android.apps.messaging/.shared.datamodel.action.execution.ActionExecutorImpl$EmptyService } to com.google.android.apps.messaging/.shared.datamodel.action.execution.ActionExecutorImpl$EmptyService from pid=32000 uid=10113 pkg=com.google.android.apps.messaging startFg?=false
01-18 12:08:18.540  1449  3635 W ActivityManager: Background start not allowed: service Intent { cmp=com.google.android.apps.messaging/.shared.datamodel.action.execution.ActionExecutorImpl$EmptyService } to com.google.android.apps.messaging/.shared.datamodel.action.execution.ActionExecutorImpl$EmptyService from pid=32000 uid=10113 pkg=com.google.android.apps.messaging startFg?=false
01-18 12:08:19.725  1449  1449 D ActivityManager: Package [com.google.android.apps.turbo] have process
01-18 12:08:19.740  1449  3598 W ActivityManager: Background start not allowed: service Intent { cmp=com.google.android.apps.messaging/.shared.datamodel.action.execution.ActionExecutorImpl$EmptyService } to com.google.android.apps.messaging/.shared.datamodel.action.execution.ActionExecutorImpl$EmptyService from pid=32000 uid=10113 pkg=com.google.android.apps.messaging startFg?=false
01-18 12:08:19.746  1449  1634 I ActivityManager: Start proc 32175:com.google.android.apps.turbo:aab/u0a173 for service {com.google.android.apps.turbo/com.google.android.libraries.smartbattery.appusage.library.InferAppBucketsJob}
01-18 12:08:19.746  1449  1634 D ActivityManager: handleProcessStartedLocked mDoneFinishBooting && app.pid != 0 ---> notifyProcessStart, app.processName = com.google.android.apps.turbo:aab, app.info = ApplicationInfo{ff51778 com.google.android.apps.turbo}, app.hostingType = service, getHostingName() = ComponentInfo{com.google.android.apps.turbo/com.google.android.libraries.smartbattery.appusage.library.InferAppBucketsJob}, getIntentFlag() = 0, getIsPackageRunning() = true, app = ProcessRecord{751be51 32175:com.google.android.apps.turbo:aab/u0a173}, getExtraData() = Bundle[{SERVICE_INTENT=Intent { cmp=com.google.android.apps.turbo/com.google.android.libraries.smartbattery.appusage.library.InferAppBucketsJob }, CALLER_PACKAGE=android}]
01-18 12:08:19.779  1449  1634 I ActivityManager: Start proc 32196:com.microsoft.skydrive/u0a213 for service {com.microsoft.skydrive/com.microsoft.skydrive.jobs.UpdateMetadataForOfflineFilesJob}
01-18 12:08:19.780  1449  1634 D ActivityManager: handleProcessStartedLocked mDoneFinishBooting && app.pid != 0 ---> notifyProcessStart, app.processName = com.microsoft.skydrive, app.info = ApplicationInfo{ea7825e com.microsoft.skydrive}, app.hostingType = service, getHostingName() = ComponentInfo{com.microsoft.skydrive/com.microsoft.skydrive.jobs.UpdateMetadataForOfflineFilesJob}, getIntentFlag() = 0, getIsPackageRunning() = false, app = ProcessRecord{2d4114a 32196:com.microsoft.skydrive/u0a213}, getExtraData() = Bundle[{SERVICE_INTENT=Intent { cmp=com.microsoft.skydrive/.jobs.UpdateMetadataForOfflineFilesJob }, CALLER_PACKAGE=android}]
01-18 12:08:19.808  1449  3598 W ActivityManager: Background start not allowed: service Intent { cmp=com.google.android.apps.messaging/.shared.datamodel.action.execution.ActionExecutorImpl$EmptyService } to com.google.android.apps.messaging/.shared.datamodel.action.execution.ActionExecutorImpl$EmptyService from pid=32000 uid=10113 pkg=com.google.android.apps.messaging startFg?=false
01-18 12:08:20.901  1449  2932 W ActivityManager: Background start not allowed: service Intent { cmp=com.microsoft.skydrive/com.microsoft.odsp.task.TaskService } to com.microsoft.skydrive/com.microsoft.odsp.task.TaskService from pid=32196 uid=10213 pkg=com.microsoft.skydrive startFg?=false
01-18 12:10:06.268  1449  2785 W ActivityManager: Background start not allowed: service Intent { cmp=com.google.android.apps.messaging/.shared.datamodel.action.execution.ActionExecutorImpl$EmptyService } to com.google.android.apps.messaging/.shared.datamodel.action.execution.ActionExecutorImpl$EmptyService from pid=32000 uid=10113 pkg=com.google.android.apps.messaging startFg?=false
01-18 12:12:55.576  1449  1634 I ActivityManager: Start proc 32401:com.google.android.partnersetup/u0a67 for service {com.google.android.partnersetup/com.google.android.partnersetup.InstalledAppJobService}
01-18 12:12:55.576  1449  1634 D ActivityManager: handleProcessStartedLocked mDoneFinishBooting && app.pid != 0 ---> notifyProcessStart, app.processName = com.google.android.partnersetup, app.info = ApplicationInfo{64a2dd2 com.google.android.partnersetup}, app.hostingType = service, getHostingName() = ComponentInfo{com.google.android.partnersetup/com.google.android.partnersetup.InstalledAppJobService}, getIntentFlag() = 0, getIsPackageRunning() = false, app = ProcessRecord{9f7aea3 32401:com.google.android.partnersetup/u0a67}, getExtraData() = Bundle[{SERVICE_INTENT=Intent { cmp=com.google.android.partnersetup/.InstalledAppJobService }, CALLER_PACKAGE=android}]
01-18 12:25:23.954  1449  2785 W ActivityManager: Unable to start service Intent { act=com.google.firebase.MESSAGING_EVENT pkg=com.google.android.googlequicksearchbox } U=0: not found
01-18 12:25:24.612  1449  8163 W ActivityManager: Unable to start service Intent { act=com.google.firebase.MESSAGING_EVENT pkg=com.google.android.googlequicksearchbox } U=0: not found
01-18 12:35:05.346  1449  1522 I ActivityManager: Killing 31455:com.android.providers.calendar/u0a49 (adj 995): empty for 1928s
01-18 12:57:35.976  1449  1634 I ActivityManager: Start proc 890:com.google.android.contacts/u0a65 for service {com.google.android.contacts/com.firebase.jobdispatcher.GooglePlayReceiver}
01-18 12:57:35.977  1449  1634 D ActivityManager: handleProcessStartedLocked mDoneFinishBooting && app.pid != 0 ---> notifyProcessStart, app.processName = com.google.android.contacts, app.info = ApplicationInfo{717d9e9 com.google.android.contacts}, app.hostingType = service, getHostingName() = ComponentInfo{com.google.android.contacts/com.firebase.jobdispatcher.GooglePlayReceiver}, getIntentFlag() = 0, getIsPackageRunning() = false, app = ProcessRecord{cc2f66e 890:com.google.android.contacts/u0a65}, getExtraData() = Bundle[{SERVICE_INTENT=Intent { act=com.google.android.gms.gcm.ACTION_TASK_READY cmp=com.google.android.contacts/com.firebase.jobdispatcher.GooglePlayReceiver }, CALLER_PACKAGE=com.google.android.gms}]
01-18 12:57:36.539  1449  3635 I ActivityManager: Killing 30431:com.google.ar.core/u0a191 (adj 985): empty for 3202s
01-18 12:57:36.624  1449  1634 I ActivityManager: Start proc 1137:com.google.android.dialer/u0a66 for service {com.google.android.dialer/com.firebase.jobdispatcher.GooglePlayReceiver}
01-18 12:57:36.625  1449  1634 D ActivityManager: handleProcessStartedLocked mDoneFinishBooting && app.pid != 0 ---> notifyProcessStart, app.processName = com.google.android.dialer, app.info = ApplicationInfo{71d91d5 com.google.android.dialer}, app.hostingType = service, getHostingName() = ComponentInfo{com.google.android.dialer/com.firebase.jobdispatcher.GooglePlayReceiver}, getIntentFlag() = 0, getIsPackageRunning() = false, app = ProcessRecord{9c42dea 1137:com.google.android.dialer/u0a66}, getExtraData() = Bundle[{SERVICE_INTENT=Intent { act=com.google.android.gms.gcm.ACTION_TASK_READY cmp=com.google.android.dialer/com.firebase.jobdispatcher.GooglePlayReceiver }, CALLER_PACKAGE=com.google.android.gms}]
01-18 12:57:37.320  1449  1634 I ActivityManager: Start proc 1246:com.google.android.calendar/u0a94 for service {com.google.android.calendar/com.firebase.jobdispatcher.GooglePlayReceiver}
01-18 12:57:37.321  1449  1634 D ActivityManager: handleProcessStartedLocked mDoneFinishBooting && app.pid != 0 ---> notifyProcessStart, app.processName = com.google.android.calendar, app.info = ApplicationInfo{38e9eab com.google.android.calendar}, app.hostingType = service, getHostingName() = ComponentInfo{com.google.android.calendar/com.firebase.jobdispatcher.GooglePlayReceiver}, getIntentFlag() = 0, getIsPackageRunning() = false, app = ProcessRecord{b53d908 1246:com.google.android.calendar/u0a94}, getExtraData() = Bundle[{SERVICE_INTENT=Intent { act=com.google.android.gms.gcm.ACTION_TASK_READY cmp=com.google.android.calendar/com.firebase.jobdispatcher.GooglePlayReceiver }, CALLER_PACKAGE=com.google.android.gms}]
01-18 12:57:37.409  1449  8956 I ActivityManager: Killing 30959:com.google.android.gms:car/u0a61 (adj 985): empty for 3181s
01-18 12:57:37.704  1449  1634 I ActivityManager: Start proc 1304:com.android.providers.calendar/u0a49 for content provider {com.android.providers.calendar/com.android.providers.calendar.CalendarProvider2}
01-18 12:57:37.704  1449  1634 D ActivityManager: handleProcessStartedLocked mDoneFinishBooting && app.pid != 0 ---> notifyProcessStart, app.processName = com.android.providers.calendar, app.info = ApplicationInfo{f753ebd com.android.providers.calendar}, app.hostingType = content provider, getHostingName() = ComponentInfo{com.android.providers.calendar/com.android.providers.calendar.CalendarProvider2}, getIntentFlag() = 0, getIsPackageRunning() = false, app = ProcessRecord{1377cb2 1304:com.android.providers.calendar/u0a49}, getExtraData() = null
01-18 12:57:37.772  1449  9312 I ActivityManager: Process com.qualcomm.qti.workloadclassifier (pid 31233) has died: cch+99 SVC 
01-18 12:57:37.775  1449  9312 W ActivityManager: Scheduling restart of crashed service com.qualcomm.qti.workloadclassifier/.WLCService in 1000ms
01-18 12:57:38.055  1449  3635 I ActivityManager: Killing 31873:com.google.android.apps.nbu.files/u0a60 (adj 985): empty for 3017s
01-18 12:57:38.837  1449  1634 I ActivityManager: Start proc 1378:com.qualcomm.qti.workloadclassifier/1000 for service {com.qualcomm.qti.workloadclassifier/com.qualcomm.qti.workloadclassifier.WLCService}
01-18 12:57:38.838  1449  1634 D ActivityManager: handleProcessStartedLocked mDoneFinishBooting && app.pid != 0 ---> notifyProcessStart, app.processName = com.qualcomm.qti.workloadclassifier, app.info = ApplicationInfo{e89bfcb com.qualcomm.qti.workloadclassifier}, app.hostingType = service, getHostingName() = ComponentInfo{com.qualcomm.qti.workloadclassifier/com.qualcomm.qti.workloadclassifier.WLCService}, getIntentFlag() = 0, getIsPackageRunning() = false, app = ProcessRecord{382e7d3 1378:com.qualcomm.qti.workloadclassifier/1000}, getExtraData() = Bundle[{SERVICE_INTENT=Intent { cmp=com.qualcomm.qti.workloadclassifier/.WLCService }, CALLER_PACKAGE=com.qualcomm.qti.workloadclassifier}]
01-18 12:58:35.976  1449  3586 I ActivityManager: Killing 31734:com.android.cellbroadcastreceiver/1000 (adj 985): empty for 3019s
01-18 13:01:23.801  1449  1634 I ActivityManager: Start proc 1629:com.google.android.apps.nbu.files/u0a60 for service {com.google.android.apps.nbu.files/com.google.android.apps.nbu.files.junkdetection.JunkDetectionService}
01-18 13:01:23.801  1449  1634 D ActivityManager: handleProcessStartedLocked mDoneFinishBooting && app.pid != 0 ---> notifyProcessStart, app.processName = com.google.android.apps.nbu.files, app.info = ApplicationInfo{b4652a2 com.google.android.apps.nbu.files}, app.hostingType = service, getHostingName() = ComponentInfo{com.google.android.apps.nbu.files/com.google.android.apps.nbu.files.junkdetection.JunkDetectionService}, getIntentFlag() = 0, getIsPackageRunning() = false, app = ProcessRecord{56abb33 1629:com.google.android.apps.nbu.files/u0a60}, getExtraData() = Bundle[{SERVICE_INTENT=Intent { cmp=com.google.android.apps.nbu.files/.junkdetection.JunkDetectionService }, CALLER_PACKAGE=android}]
01-18 13:01:23.805  1449  5962 W ActivityManager: Unable to start service Intent { act=com.google.firebase.MESSAGING_EVENT pkg=com.google.android.googlequicksearchbox } U=0: not found
01-18 13:01:25.027  1449  3586 W ActivityManager: Unable to start service Intent { act=com.google.firebase.MESSAGING_EVENT pkg=com.google.android.googlequicksearchbox } U=0: not found
01-18 13:01:38.422  1449  1634 I ActivityManager: Start proc 1752:com.hmdglobal.support/u0a71 for service {com.hmdglobal.support/androidx.work.impl.background.systemjob.SystemJobService}
01-18 13:01:38.423  1449  1634 D ActivityManager: handleProcessStartedLocked mDoneFinishBooting && app.pid != 0 ---> notifyProcessStart, app.processName = com.hmdglobal.support, app.info = ApplicationInfo{4cc1109 com.hmdglobal.support}, app.hostingType = service, getHostingName() = ComponentInfo{com.hmdglobal.support/androidx.work.impl.background.systemjob.SystemJobService}, getIntentFlag() = 0, getIsPackageRunning() = false, app = ProcessRecord{e0a2f0e 1752:com.hmdglobal.support/u0a71}, getExtraData() = Bundle[{SERVICE_INTENT=Intent { cmp=com.hmdglobal.support/androidx.work.impl.background.systemjob.SystemJobService }, CALLER_PACKAGE=android}]
01-18 13:01:39.387  1449  1634 I ActivityManager: Start proc 1898:com.google.android.webview:webview_service/u0a126 for service {com.google.android.webview/org.chromium.android_webview.services.VariationsSeedServer}
01-18 13:01:39.388  1449  1634 D ActivityManager: handleProcessStartedLocked mDoneFinishBooting && app.pid != 0 ---> notifyProcessStart, app.processName = com.google.android.webview:webview_service, app.info = ApplicationInfo{3d072cd com.google.android.webview}, app.hostingType = service, getHostingName() = ComponentInfo{com.google.android.webview/org.chromium.android_webview.services.VariationsSeedServer}, getIntentFlag() = 0, getIsPackageRunning() = false, app = ProcessRecord{a498782 1898:com.google.android.webview:webview_service/u0a126}, getExtraData() = Bundle[{SERVICE_INTENT=Intent { cmp=com.google.android.webview/org.chromium.android_webview.services.VariationsSeedServer }, CALLER_PACKAGE=com.hmdglobal.support}]
01-18 13:01:39.445  1449  5810 D ActivityManager: Package [com.hmdglobal.support] have process
01-18 13:01:39.478  1449  1634 I ActivityManager: Start proc 1930:com.google.android.webview:sandboxed_process0:org.chromium.content.app.SandboxedProcessService0/u0i19 for  {com.hmdglobal.support/org.chromium.content.app.SandboxedProcessService0}
01-18 13:01:39.478  1449  1634 D ActivityManager: handleProcessStartedLocked mDoneFinishBooting && app.pid != 0 ---> notifyProcessStart, app.processName = com.google.android.webview:sandboxed_process0:org.chromium.content.app.SandboxedProcessService0, app.info = ApplicationInfo{f30a93d com.hmdglobal.support}, app.hostingType = , getHostingName() = null, getIntentFlag() = 0, getIsPackageRunning() = true, app = ProcessRecord{d76d532 1930:com.google.android.webview:sandboxed_process0:org.chromium.content.app.SandboxedProcessService0/u0a71i19}, getExtraData() = Bundle[{SERVICE_INTENT=Intent { cmp=com.hmdglobal.support/org.chromium.content.app.SandboxedProcessService0 }, CALLER_PACKAGE=com.hmdglobal.support}]
01-18 13:01:39.838  1449  5962 I ActivityManager: Killing 32196:com.microsoft.skydrive/u0a213 (adj 985): empty for 3195s
01-18 13:01:39.843  1449  3586 I ActivityManager: Process com.evenwell.batteryprotect (pid 31258) has died: cch+99 SVC 
01-18 13:01:39.848  1449  3586 W ActivityManager: Scheduling restart of crashed service com.evenwell.batteryprotect/.DetectBatteryService in 1000ms
01-18 13:01:39.994  1449  2549 I ActivityManager: Killing 32401:com.google.android.partnersetup/u0a67 (adj 985): empty for 2924s
01-18 13:01:40.002  1449  2549 I ActivityManager: Killing 30983:com.google.android.apps.turbo/u0a173 (adj 985): empty for 3143s
01-18 13:01:40.879  1449  1634 I ActivityManager: Start proc 2037:com.evenwell.batteryprotect/1000 for service {com.evenwell.batteryprotect/com.evenwell.batteryprotect.DetectBatteryService}
01-18 13:01:40.880  1449  1634 D ActivityManager: handleProcessStartedLocked mDoneFinishBooting && app.pid != 0 ---> notifyProcessStart, app.processName = com.evenwell.batteryprotect, app.info = ApplicationInfo{a19b81e com.evenwell.batteryprotect}, app.hostingType = service, getHostingName() = ComponentInfo{com.evenwell.batteryprotect/com.evenwell.batteryprotect.DetectBatteryService}, getIntentFlag() = 0, getIsPackageRunning() = false, app = ProcessRecord{a1c348d 2037:com.evenwell.batteryprotect/1000}, getExtraData() = Bundle[{SERVICE_INTENT=Intent { cmp=com.evenwell.batteryprotect/.DetectBatteryService }, CALLER_PACKAGE=com.evenwell.batteryprotect}]
01-18 13:01:53.896  1449  2549 I ActivityManager: Killing 32175:com.google.android.apps.turbo:aab/u0a173 (adj 985): empty for 2893s
01-18 13:10:42.389  1449  1634 I ActivityManager: Start proc 2164:com.google.android.apps.turbo:aab/u0a173 for service {com.google.android.apps.turbo/com.google.android.libraries.smartbattery.appusage.library.InferAppBucketsJob}
01-18 13:10:42.390  1449  1634 D ActivityManager: handleProcessStartedLocked mDoneFinishBooting && app.pid != 0 ---> notifyProcessStart, app.processName = com.google.android.apps.turbo:aab, app.info = ApplicationInfo{ce9583e com.google.android.apps.turbo}, app.hostingType = service, getHostingName() = ComponentInfo{com.microsoft.skydrive/com.microsoft.skydrive.jobs.UpdateMetadataForOfflineFilesJob}, getIntentFlag() = 0, getIsPackageRunning() = false, app = ProcessRecord{631a69f 2164:com.google.android.apps.turbo:aab/u0a173}, getExtraData() = Bundle[{SERVICE_INTENT=Intent { cmp=com.microsoft.skydrive/.jobs.UpdateMetadataForOfflineFilesJob }, CALLER_PACKAGE=android}]
01-18 13:10:42.445  1449  1634 I ActivityManager: Start proc 2187:com.microsoft.skydrive/u0a213 for service {com.microsoft.skydrive/com.microsoft.skydrive.jobs.UpdateMetadataForOfflineFilesJob}
01-18 13:10:42.446  1449  1634 D ActivityManager: handleProcessStartedLocked mDoneFinishBooting && app.pid != 0 ---> notifyProcessStart, app.processName = com.microsoft.skydrive, app.info = ApplicationInfo{ea7825e com.microsoft.skydrive}, app.hostingType = service, getHostingName() = ComponentInfo{com.microsoft.skydrive/com.microsoft.skydrive.jobs.UpdateMetadataForOfflineFilesJob}, getIntentFlag() = 0, getIsPackageRunning() = false, app = ProcessRecord{f57758f 2187:com.microsoft.skydrive/u0a213}, getExtraData() = Bundle[{SERVICE_INTENT=Intent { cmp=com.microsoft.skydrive/.jobs.UpdateMetadataForOfflineFilesJob }, CALLER_PACKAGE=android}]
01-18 13:10:42.915  1449  8163 I ActivityManager: Killing 30920:com.google.android.projection.gearhead:shared/u0a240 (adj 975): empty for 2354s
01-18 13:10:43.276  1449  3633 W ActivityManager: Background start not allowed: service Intent { cmp=com.microsoft.skydrive/com.microsoft.odsp.task.TaskService } to com.microsoft.skydrive/com.microsoft.odsp.task.TaskService from pid=2187 uid=10213 pkg=com.microsoft.skydrive startFg?=false
01-18 13:11:17.605  1449  9738 I ActivityManager: Killing 2755:com.android.settings/1000 (adj 985): empty for 2389s
01-18 13:11:17.683  1449  1615 W ActivityManager: setHasOverlayUi called on unknown pid: 2755
01-18 13:11:38.556  1449  1634 I ActivityManager: Start proc 2376:com.google.android.youtube/u0a128 for service {com.google.android.youtube/androidx.work.impl.background.systemjob.SystemJobService}
01-18 13:11:38.556  1449  1634 D ActivityManager: handleProcessStartedLocked mDoneFinishBooting && app.pid != 0 ---> notifyProcessStart, app.processName = com.google.android.youtube, app.info = ApplicationInfo{bb40a74 com.google.android.youtube}, app.hostingType = service, getHostingName() = ComponentInfo{com.google.android.youtube/androidx.work.impl.background.systemjob.SystemJobService}, getIntentFlag() = 0, getIsPackageRunning() = false, app = ProcessRecord{8ffb9d 2376:com.google.android.youtube/u0a128}, getExtraData() = Bundle[{SERVICE_INTENT=Intent { cmp=com.google.android.youtube/androidx.work.impl.background.systemjob.SystemJobService }, CALLER_PACKAGE=android}]
01-18 13:12:55.881  1449  1634 I ActivityManager: Start proc 2605:com.google.android.partnersetup/u0a67 for service {com.google.android.partnersetup/com.google.android.partnersetup.InstalledAppJobService}
01-18 13:12:55.881  1449  1634 D ActivityManager: handleProcessStartedLocked mDoneFinishBooting && app.pid != 0 ---> notifyProcessStart, app.processName = com.google.android.partnersetup, app.info = ApplicationInfo{b57c5e1 com.google.android.partnersetup}, app.hostingType = service, getHostingName() = ComponentInfo{com.google.android.partnersetup/com.google.android.partnersetup.InstalledAppJobService}, getIntentFlag() = 0, getIsPackageRunning() = false, app = ProcessRecord{fafff06 2605:com.google.android.partnersetup/u0a67}, getExtraData() = Bundle[{SERVICE_INTENT=Intent { cmp=com.google.android.partnersetup/.InstalledAppJobService }, CALLER_PACKAGE=android}]
01-18 13:25:25.973  1449  1634 I ActivityManager: Start proc 2835:com.google.android.apps.maps/u0a112 for service {com.google.android.apps.maps/com.google.android.apps.gmm.offline.update.OfflineAutoUpdateMaintenanceGcmService}
01-18 13:25:25.973  1449  1634 D ActivityManager: handleProcessStartedLocked mDoneFinishBooting && app.pid != 0 ---> notifyProcessStart, app.processName = com.google.android.apps.maps, app.info = ApplicationInfo{d24c4d6 com.google.android.apps.maps}, app.hostingType = service, getHostingName() = ComponentInfo{com.google.android.apps.maps/com.google.android.apps.gmm.offline.update.OfflineAutoUpdateMaintenanceGcmService}, getIntentFlag() = 0, getIsPackageRunning() = false, app = ProcessRecord{253357 2835:com.google.android.apps.maps/u0a112}, getExtraData() = Bundle[{SERVICE_INTENT=Intent { act=com.google.android.gms.gcm.ACTION_TASK_READY cmp=com.google.android.apps.maps/com.google.android.apps.gmm.offline.update.OfflineAutoUpdateMaintenanceGcmService }, CALLER_PACKAGE=com.google.android.gms}]
01-18 13:25:26.591  1449  1634 I ActivityManager: Start proc 2901:com.google.process.gapps/u0a61 for content provider {com.google.android.gsf/com.google.android.gsf.settings.GoogleSettingsProvider}
01-18 13:25:26.591  1449  1634 D ActivityManager: handleProcessStartedLocked mDoneFinishBooting && app.pid != 0 ---> notifyProcessStart, app.processName = com.google.process.gapps, app.info = ApplicationInfo{f694f55 com.google.android.gsf}, app.hostingType = content provider, getHostingName() = ComponentInfo{com.google.android.gsf/com.google.android.gsf.settings.GoogleSettingsProvider}, getIntentFlag() = 0, getIsPackageRunning() = false, app = ProcessRecord{6c0dd6a 2901:com.google.process.gapps/u0a61}, getExtraData() = null
01-18 13:27:49.573  1449  1449 I ActivityManager: Killing 1304:com.android.providers.calendar/u0a49 (adj 955): empty for 1811s
01-18 13:27:49.581  1449  1449 I ActivityManager: Killing 1137:com.google.android.dialer/u0a66 (adj 965): empty for 1812s
01-18 13:27:49.590  1449  1449 I ActivityManager: Killing 890:com.google.android.contacts/u0a65 (adj 965): empty for 1813s
01-18 13:27:49.596  1449  1449 I ActivityManager: Killing 29934:android.process.acore/u0a45 (adj 965): empty for 1813s
01-18 13:27:49.601  1449  1449 I ActivityManager: Killing 32000:com.google.android.apps.messaging/u0a113 (adj 975): empty for 1813s
01-18 13:27:50.030  1449  1634 I ActivityManager: Start proc 3047:com.google.android.apps.turbo/u0a173 for broadcast {com.google.android.apps.turbo/com.google.android.apps.turbo.nudges.broadcasts.BatteryStatusChangedReceiver}
01-18 13:27:50.030  1449  1634 D ActivityManager: handleProcessStartedLocked mDoneFinishBooting && app.pid != 0 ---> notifyProcessStart, app.processName = com.google.android.apps.turbo, app.info = ApplicationInfo{d476d1d com.google.android.apps.turbo}, app.hostingType = broadcast, getHostingName() = ComponentInfo{com.google.android.apps.turbo/com.google.android.apps.turbo.nudges.broadcasts.BatteryStatusChangedReceiver}, getIntentFlag() = 16777236, getIsPackageRunning() = false, app = ProcessRecord{c167b92 3047:com.google.android.apps.turbo/u0a173}, getExtraData() = Bundle[{BROADCAST_INTENT=Intent { act=android.intent.action.BATTERY_LEVEL_CHANGED flg=0x1000010 (has extras) }, CALLER_PACKAGE=android}]
01-18 13:27:50.350  1449  3611 I ActivityManager: Killing 1246:com.google.android.calendar/u0a94 (adj 985): empty for 1812s
01-18 13:31:33.251  1449  1634 I ActivityManager: Start proc 3238:com.google.android.projection.gearhead:shared/u0a240 for broadcast {com.google.android.projection.gearhead/com.google.android.apps.auto.components.connectivity.impl.ConnectivityEventHandlerImpl$ConnectivityEventBroadcastReceiver}
01-18 13:31:33.251  1449  1634 D ActivityManager: handleProcessStartedLocked mDoneFinishBooting && app.pid != 0 ---> notifyProcessStart, app.processName = com.google.android.projection.gearhead:shared, app.info = ApplicationInfo{b904899 com.google.android.projection.gearhead}, app.hostingType = broadcast, getHostingName() = ComponentInfo{com.google.android.projection.gearhead/com.google.android.apps.auto.components.connectivity.impl.ConnectivityEventHandlerImpl$ConnectivityEventBroadcastReceiver}, getIntentFlag() = 822083604, getIsPackageRunning() = false, app = ProcessRecord{1e3b75e 3238:com.google.android.projection.gearhead:shared/u0a240}, getExtraData() = Bundle[{BROADCAST_INTENT=Intent { act=android.hardware.usb.action.USB_STATE flg=0x31000010 (has extras) }, CALLER_PACKAGE=android}]
01-18 13:31:33.663  1449  1634 I ActivityManager: Start proc 3274:com.android.settings/1000 for broadcast {com.android.settings/cust.settings.deviceinfo.MtpEnableSettingReceiver}
01-18 13:31:33.664  1449  1634 D ActivityManager: handleProcessStartedLocked mDoneFinishBooting && app.pid != 0 ---> notifyProcessStart, app.processName = com.android.settings, app.info = ApplicationInfo{f223cbe com.android.settings}, app.hostingType = broadcast, getHostingName() = ComponentInfo{com.android.settings/cust.settings.deviceinfo.MtpEnableSettingReceiver}, getIntentFlag() = 822083604, getIsPackageRunning() = false, app = ProcessRecord{909f11f 3274:com.android.settings/1000}, getExtraData() = Bundle[{BROADCAST_INTENT=Intent { act=com.fihtdc.usb.dialog flg=0x31000010 (has extras) }, CALLER_PACKAGE=android}]
01-18 13:31:38.861  1449  3592 D ActivityManager: Package [com.google.android.gms] have process
01-18 13:31:38.936  1449  1634 I ActivityManager: Start proc 3351:com.google.android.gms:car/u0a61 for service {com.google.android.gms/com.google.android.gms.car.CarService}
01-18 13:31:38.938  1449  1634 D ActivityManager: handleProcessStartedLocked mDoneFinishBooting && app.pid != 0 ---> notifyProcessStart, app.processName = com.google.android.gms:car, app.info = ApplicationInfo{44bf85e com.google.android.gms}, app.hostingType = service, getHostingName() = ComponentInfo{com.google.android.gms/com.google.android.gms.car.CarService}, getIntentFlag() = 0, getIsPackageRunning() = true, app = ProcessRecord{1e9810c 3351:com.google.android.gms:car/u0a61}, getExtraData() = Bundle[{SERVICE_INTENT=Intent { act=com.google.android.gms.car.service.START pkg=com.google.android.gms }, CALLER_PACKAGE=com.google.android.projection.gearhead}]
01-18 13:31:39.391  1449  7759 W ActivityManager: Unable to start service Intent { act=local_action cmp=com.google.android.gms/.car.InCallService2 } U=0: not found
01-18 13:31:44.100  1449  3632 I ActivityManager: Process com.qualcomm.qti.workloadclassifier (pid 1378) has died: cch+99 SVC 
01-18 13:31:44.105  1449  3632 W ActivityManager: Scheduling restart of crashed service com.qualcomm.qti.workloadclassifier/.WLCService in 1000ms
01-18 13:31:45.152  1449  1634 I ActivityManager: Start proc 3405:com.qualcomm.qti.workloadclassifier/1000 for service {com.qualcomm.qti.workloadclassifier/com.qualcomm.qti.workloadclassifier.WLCService}
01-18 13:31:45.153  1449  1634 D ActivityManager: handleProcessStartedLocked mDoneFinishBooting && app.pid != 0 ---> notifyProcessStart, app.processName = com.qualcomm.qti.workloadclassifier, app.info = ApplicationInfo{e89bfcb com.qualcomm.qti.workloadclassifier}, app.hostingType = service, getHostingName() = ComponentInfo{com.qualcomm.qti.workloadclassifier/com.qualcomm.qti.workloadclassifier.WLCService}, getIntentFlag() = 0, getIsPackageRunning() = false, app = ProcessRecord{9c2353d 3405:com.qualcomm.qti.workloadclassifier/1000}, getExtraData() = Bundle[{SERVICE_INTENT=Intent { cmp=com.qualcomm.qti.workloadclassifier/.WLCService }, CALLER_PACKAGE=com.qualcomm.qti.workloadclassifier}]
01-18 13:32:09.730  1449  1634 I ActivityManager: Start proc 3481:com.google.ar.core/u0a191 for service {com.google.ar.core/com.google.ar.core.services.AnalyticsService}
01-18 13:32:09.731  1449  1634 D ActivityManager: handleProcessStartedLocked mDoneFinishBooting && app.pid != 0 ---> notifyProcessStart, app.processName = com.google.ar.core, app.info = ApplicationInfo{561161f com.google.ar.core}, app.hostingType = service, getHostingName() = ComponentInfo{com.google.ar.core/com.google.ar.core.services.AnalyticsService}, getIntentFlag() = 0, getIsPackageRunning() = false, app = ProcessRecord{5eafe6e 3481:com.google.ar.core/u0a191}, getExtraData() = Bundle[{SERVICE_INTENT=Intent { cmp=com.google.ar.core/.services.AnalyticsService }, CALLER_PACKAGE=de.dataExperts.holographic.template}]
01-18 13:32:09.897  1449  5962 W ActivityManager: Slow operation: 115ms so far, now at attachApplicationLocked: immediately before bindApplication
01-18 13:32:09.900  1449  5962 W ActivityManager: Slow operation: 118ms so far, now at attachApplicationLocked: immediately after bindApplication
01-18 13:32:09.901  1449  5962 W ActivityManager: Slow operation: 119ms so far, now at attachApplicationLocked: after updateLruProcessLocked
01-18 13:32:09.905  1449  5962 W ActivityManager: Slow operation: 124ms so far, now at attachApplicationLocked: after mServices.attachApplicationLocked
01-18 13:32:10.550  1449  3598 I ActivityManager: Process com.qualcomm.telephony (pid 31298) has died: cch+95 SVC 
01-18 13:32:10.565  1449  3598 W ActivityManager: Scheduling restart of crashed service com.qualcomm.atfwd/.AtFwdService in 1000ms
01-18 13:32:10.701  1449  5962 I ActivityManager: Process com.hmdglobal.datago (pid 31479) has died: cch+95 SVC 
01-18 13:32:10.715  1449  5962 W ActivityManager: Scheduling restart of crashed service com.hmdglobal.datago/.DataGoService in 10850ms
01-18 13:32:11.598  1449  1634 I ActivityManager: Start proc 3654:com.qualcomm.telephony/u0a241 for service {com.qualcomm.atfwd/com.qualcomm.atfwd.AtFwdService}
01-18 13:32:11.598  1449  1634 D ActivityManager: handleProcessStartedLocked mDoneFinishBooting && app.pid != 0 ---> notifyProcessStart, app.processName = com.qualcomm.telephony, app.info = ApplicationInfo{139e136 com.qualcomm.atfwd}, app.hostingType = service, getHostingName() = ComponentInfo{com.qualcomm.atfwd/com.qualcomm.atfwd.AtFwdService}, getIntentFlag() = 0, getIsPackageRunning() = false, app = ProcessRecord{83553ee 3654:com.qualcomm.telephony/u0a241}, getExtraData() = Bundle[{SERVICE_INTENT=Intent { cmp=com.qualcomm.atfwd/.AtFwdService }, CALLER_PACKAGE=com.qualcomm.atfwd}]
01-18 13:32:12.698  1449  6861 I ActivityManager: Process com.google.android.apps.nbu.files (pid 1629) has died: cch+95 CEM 
01-18 13:32:21.588  1449  1634 I ActivityManager: Start proc 3791:com.hmdglobal.datago/u0a174 for service {com.hmdglobal.datago/com.hmdglobal.datago.DataGoService}
01-18 13:32:21.588  1449  1634 D ActivityManager: handleProcessStartedLocked mDoneFinishBooting && app.pid != 0 ---> notifyProcessStart, app.processName = com.hmdglobal.datago, app.info = ApplicationInfo{bc56278 com.hmdglobal.datago}, app.hostingType = service, getHostingName() = ComponentInfo{com.hmdglobal.datago/com.hmdglobal.datago.DataGoService}, getIntentFlag() = 0, getIsPackageRunning() = false, app = ProcessRecord{be64ecc 3791:com.hmdglobal.datago/u0a174}, getExtraData() = Bundle[{SERVICE_INTENT=Intent { cmp=com.hmdglobal.datago/.DataGoService }, CALLER_PACKAGE=com.hmdglobal.datago}]
01-18 13:32:21.817  1449  1615 I ActivityManager: Killing 31063:de.dataExperts.holographic.template/u0a631 (adj 905): remove task
01-18 13:32:21.980  1449  1615 W ActivityManager: setHasOverlayUi called on unknown pid: 31063
01-18 13:32:22.210  1449  1634 I ActivityManager: Start proc 3836:com.android.bluetooth/1002 for service {com.android.bluetooth/com.android.bluetooth.btservice.AdapterService}
01-18 13:32:22.211  1449  1634 D ActivityManager: handleProcessStartedLocked mDoneFinishBooting && app.pid != 0 ---> notifyProcessStart, app.processName = com.android.bluetooth, app.info = ApplicationInfo{8aa9538 com.android.bluetooth}, app.hostingType = service, getHostingName() = ComponentInfo{com.android.bluetooth/com.android.bluetooth.btservice.AdapterService}, getIntentFlag() = 0, getIsPackageRunning() = false, app = ProcessRecord{b68c911 3836:com.android.bluetooth/1002}, getExtraData() = Bundle[{SERVICE_INTENT=Intent { act=android.bluetooth.IBluetooth cmp=com.android.bluetooth/.btservice.AdapterService }, CALLER_PACKAGE=android}]
01-18 13:32:32.955  1449  1634 I ActivityManager: Start proc 3953:com.android.vending/u0a76 for broadcast {com.android.vending/com.google.android.finsky.verifier.impl.PackageVerificationReceiver}
01-18 13:32:32.955  1449  1634 D ActivityManager: handleProcessStartedLocked mDoneFinishBooting && app.pid != 0 ---> notifyProcessStart, app.processName = com.android.vending, app.info = ApplicationInfo{9d4bed2 com.android.vending}, app.hostingType = broadcast, getHostingName() = ComponentInfo{com.android.vending/com.google.android.finsky.verifier.impl.PackageVerificationReceiver}, getIntentFlag() = 268435477, getIsPackageRunning() = false, app = ProcessRecord{a256ba3 3953:com.android.vending/u0a76}, getExtraData() = Bundle[{BROADCAST_INTENT=Intent { act=android.intent.action.PACKAGE_NEEDS_VERIFICATION dat=file:///data/app/vmdl56200742.tmp typ=application/vnd.android.package-archive flg=0x10000011 cmp=com.android.vending/com.google.android.finsky.verifier.impl.PackageVerificationReceiver (has extras) }, CALLER_PACKAGE=android}]
01-18 13:32:35.397  1449  1633 I ActivityManager: Force stopping com.mit.reality.hack appid=10635 user=-1: installPackageLI
01-18 13:32:35.398  1449  1653 I PackageManager: Update package com.mit.reality.hack code path from /data/app/com.mit.reality.hack-u2Js0Jz5bGYK0dFtoLiZug== to /data/app/com.mit.reality.hack-T6Ra5AaQTJyNqATYpnywRA==; Retain data and using new
01-18 13:32:35.398  1449  1653 I PackageManager: Update package com.mit.reality.hack resource path from /data/app/com.mit.reality.hack-u2Js0Jz5bGYK0dFtoLiZug== to /data/app/com.mit.reality.hack-T6Ra5AaQTJyNqATYpnywRA==; Retain data and using new
01-18 13:32:35.569  1449  1653 I PackageManager: Un-granting permission android.permission.MANAGE_DOCUMENTS from package com.google.android.youtube (protectionLevel=262146 flags=0x30dbbec5)
01-18 13:32:35.570  1449  1653 I PackageManager: Un-granting permission android.permission.MANAGE_USB from package com.google.android.googlequicksearchbox (protectionLevel=18 flags=0xb0dbbec5)
01-18 13:32:35.571  1449  1653 I PackageManager: Un-granting permission com.google.android.googleapps.permission.GOOGLE_AUTH from package com.android.providers.calendar (protectionLevel=2 flags=0x3088be45)
01-18 13:32:35.571  1449  1653 I PackageManager: Un-granting permission com.google.android.googleapps.permission.GOOGLE_AUTH.cl from package com.android.providers.calendar (protectionLevel=2 flags=0x3088be45)
01-18 13:32:35.573  1449  1653 I PackageManager: Un-granting permission com.google.android.setupwizard.READ_DEVICE_ORIGIN from package com.google.android.apps.messaging (protectionLevel=18 flags=0x38cbbec5)
01-18 13:32:35.574  1449  1653 I PackageManager: Un-granting permission android.permission.ACCESS_DOWNLOAD_MANAGER from package com.microsoft.office.officelens (protectionLevel=18 flags=0x30d83e44)
01-18 13:32:35.575  1449  1653 I PackageManager: Un-granting permission android.permission.SEND_DOWNLOAD_COMPLETED_INTENTS from package com.android.vending (protectionLevel=2 flags=0x38cabec5)
01-18 13:32:35.576  1449  1653 I PackageManager: Un-granting permission android.permission.WRITE_SETTINGS from package com.microsoft.skydrive (protectionLevel=1218 flags=0x30d83e44)
01-18 13:32:35.576  1449  1653 I PackageManager: Un-granting permission android.permission.REQUEST_INSTALL_PACKAGES from package com.microsoft.skydrive (protectionLevel=66 flags=0x30d83e44)
01-18 13:32:35.577  1449  1653 I PackageManager: Un-granting permission android.permission.SYSTEM_ALERT_WINDOW from package com.rnunitydemo (protectionLevel=1250 flags=0x3888be46)
01-18 13:32:35.580  1449  1653 I PackageManager: Un-granting permission android.permission.REQUEST_INSTALL_PACKAGES from package com.instagram.android (protectionLevel=66 flags=0x30c83e64)
01-18 13:32:35.581  1449  1653 I PackageManager: Un-granting permission com.google.android.providers.gsf.permission.WRITE_GSERVICES from package com.google.android.as (protectionLevel=18 flags=0x30c8be44)
01-18 13:32:35.581  1449  1653 I PackageManager: Un-granting permission android.permission.REQUEST_INSTALL_PACKAGES from package com.google.android.gm (protectionLevel=66 flags=0x38cbbec5)
01-18 13:32:35.583  1449  1653 I PackageManager: Un-granting permission android.permission.REQUEST_INSTALL_PACKAGES from package com.moodle.moodlemobile (protectionLevel=66 flags=0x38c8be44)
01-18 13:32:35.585  1449  1653 I PackageManager: Un-granting permission android.permission.WRITE_SETTINGS from package com.google.android.music (protectionLevel=1218 flags=0x38cbbe64)
01-18 13:32:35.585  1449  1653 I PackageManager: Un-granting permission android.permission.BIND_JOB_SERVICE from package com.google.android.music (protectionLevel=2 flags=0x38cbbe64)
01-18 13:32:35.586  1449  1653 I PackageManager: Un-granting permission android.permission.LOCATION_HARDWARE from package com.google.android.apps.wellbeing (protectionLevel=18 flags=0x20cbbec5)
01-18 13:32:35.586  1449  1653 I PackageManager: Un-granting permission android.permission.WRITE_SECURE_SETTINGS from package com.google.android.dialer (protectionLevel=50 flags=0x20cbbec5)
