01-18 20:17:53.468  1449  1634 D ActivityManager: handleProcessStartedLocked mDoneFinishBooting && app.pid != 0 ---> notifyProcessStart, app.processName = com.android.bluetooth, app.info = ApplicationInfo{83dbd34 com.android.bluetooth}, app.hostingType = service, getHostingName() = ComponentInfo{com.android.bluetooth/com.android.bluetooth.btservice.AdapterService}, getIntentFlag() = 0, getIsPackageRunning() = false, app = ProcessRecord{c27975d 27096:com.android.bluetooth/1002}, getExtraData() = Bundle[{SERVICE_INTENT=Intent { act=android.bluetooth.IBluetooth cmp=com.android.bluetooth/.btservice.AdapterService }, CALLER_PACKAGE=android}]
01-18 20:17:53.716  1449  1653 I PackageManager: [SW3]StatsLog PKG_ADM__ADM__MODIFY, isSystemApp:false
01-18 20:17:53.768  1449  1653 I ActivityManager: Force stopping com.mit.reality.hack appid=10635 user=0: pkg removed
01-18 20:17:53.838  1449  2440 W ActivityManager: Permission Denial: Accessing service com.google.android.music/.dial.DialMediaRouteProviderService from pid=3835, uid=10061 that is not exported from uid 10133
01-18 20:17:53.846  1449  1634 I ActivityManager: Start proc 27142:com.android.keychain/1000 for service {com.android.keychain/com.android.keychain.KeyChainService}
01-18 20:17:53.846  1449  1634 D ActivityManager: handleProcessStartedLocked mDoneFinishBooting && app.pid != 0 ---> notifyProcessStart, app.processName = com.android.keychain, app.info = ApplicationInfo{2351099 com.android.keychain}, app.hostingType = service, getHostingName() = ComponentInfo{com.android.keychain/com.android.keychain.KeyChainService}, getIntentFlag() = 0, getIsPackageRunning() = false, app = ProcessRecord{3cbafe1 27142:com.android.keychain/1000}, getExtraData() = Bundle[{SERVICE_INTENT=Intent { act=android.intent.action.PACKAGE_REMOVED cmp=com.android.keychain/.KeyChainService }, CALLER_PACKAGE=android}]
01-18 20:17:53.868  1449  9452 D ActivityManager: Package [com.google.android.gms] have process
01-18 20:17:53.869  1449  9312 W ActivityManager: Permission Denial: Accessing service com.google.android.music/.dial.DialMediaRouteProviderService from pid=3835, uid=10061 that is not exported from uid 10133
01-18 20:17:53.878  1449  2440 W ActivityManager: Permission Denial: Accessing service com.google.android.music/.dial.DialMediaRouteProviderService from pid=3835, uid=10061 that is not exported from uid 10133
01-18 20:17:53.909  1449  1634 I ActivityManager: Start proc 27157:com.google.android.gms.ui/u0a61 for service {com.google.android.gms/com.google.android.gms.chimera.UiIntentOperationService}
01-18 20:17:53.909  1449  1634 D ActivityManager: handleProcessStartedLocked mDoneFinishBooting && app.pid != 0 ---> notifyProcessStart, app.processName = com.google.android.gms.ui, app.info = ApplicationInfo{f0c34bf com.google.android.gms}, app.hostingType = service, getHostingName() = ComponentInfo{com.google.android.gms/com.google.android.gms.chimera.UiIntentOperationService}, getIntentFlag() = 0, getIsPackageRunning() = true, app = ProcessRecord{afed78c 27157:com.google.android.gms.ui/u0a61}, getExtraData() = Bundle[{SERVICE_INTENT=Intent { act=com.google.android.gms.autofill.sharedpreferences.SLAVE cat=[targeted_intent_op_prefix:.autofill.sharedpreferences.RemoteIntentOperation] cmp=com.google.android.gms/.chimera.UiIntentOperationService }, CALLER_PACKAGE=com.google.android.gms}]
01-18 20:18:40.963  1449  1615 D ActivityManager: Package [com.mit.reality.hack] have process
01-18 20:18:40.975  1449  1634 I ActivityManager: Start proc 27255:com.mit.reality.hack/u0a635 for activity {com.mit.reality.hack/com.unity3d.player.UnityPlayerActivity}
01-18 20:18:40.975  1449  1634 D ActivityManager: handleProcessStartedLocked mDoneFinishBooting && app.pid != 0 ---> notifyProcessStart, app.processName = com.mit.reality.hack, app.info = ApplicationInfo{cf25b6e com.mit.reality.hack}, app.hostingType = activity, getHostingName() = ComponentInfo{com.mit.reality.hack/com.unity3d.player.UnityPlayerActivity}, getIntentFlag() = 0, getIsPackageRunning() = true, app = ProcessRecord{20a20f 27255:com.mit.reality.hack/u0a635}, getExtraData() = null
01-18 20:18:45.434  1449  1634 I ActivityManager: Start proc 27328:com.google.ar.core/u0a191 for content provider {com.google.ar.core/com.google.ar.core.services.ArCoreContentProvider}
01-18 20:18:45.434  1449  1634 D ActivityManager: handleProcessStartedLocked mDoneFinishBooting && app.pid != 0 ---> notifyProcessStart, app.processName = com.google.ar.core, app.info = ApplicationInfo{f3d851d com.google.ar.core}, app.hostingType = content provider, getHostingName() = ComponentInfo{com.google.ar.core/com.google.ar.core.services.ArCoreContentProvider}, getIntentFlag() = 0, getIsPackageRunning() = false, app = ProcessRecord{d2eb392 27328:com.google.ar.core/u0a191}, getExtraData() = null
01-18 20:18:47.220  1449  2440 I ActivityManager: Process com.android.bluetooth (pid 27096) has died: fore SVC 
01-18 20:21:10.550  1449  1522 I ActivityManager: Process com.google.android.apps.nbu.files (pid 26372) has died: cch+65 CEM 
01-18 20:21:10.564  1449  2932 I ActivityManager: Process com.evenwell.AprUploadService (pid 22742) has died: cch+65 CEM 
01-18 20:21:10.593  1449  6861 I ActivityManager: Process com.android.cellbroadcastreceiver (pid 21308) has died: cch+95 CEM 
01-18 20:21:10.674  1449  6861 I ActivityManager: Process com.google.android.partnersetup (pid 26733) has died: cch+85 CEM 
01-18 20:21:10.682  1449  7548 I ActivityManager: Process com.google.android.gms.learning (pid 26536) has died: cch+85 CEM 
01-18 20:21:10.799  1449  3592 I ActivityManager: Process com.google.android.apps.turbo:aab (pid 26609) has died: cch+85 CEM 
01-18 20:21:10.847  1449  9312 I ActivityManager: Process com.hmdglobal.camera2 (pid 26762) has died: cch+65 CEM 
01-18 20:21:10.855  1449  9738 I ActivityManager: Process android.process.acore (pid 24787) has died: cch+75 CEM 
01-18 20:21:10.907  1449  5810 I ActivityManager: Process com.google.android.apps.photos (pid 26603) has died: cch+65 CEM 
01-18 20:21:10.935  1449  3592 I ActivityManager: Process com.android.providers.calendar (pid 26945) has died: cch+55 CEM 
01-18 20:21:11.080  1449  9312 I ActivityManager: Process com.google.android.contacts (pid 26815) has died: cch+55 CEM 
01-18 20:21:11.103  1449  6007 I ActivityManager: Process com.microsoft.skydrive (pid 26632) has died: cch+45 CEM 
01-18 20:21:11.145  1449  3586 I ActivityManager: Process com.android.settings (pid 27014) has died: cch+75 CEM 
01-18 20:21:11.150  1449  1615 W ActivityManager: setHasOverlayUi called on unknown pid: 27014
01-18 20:21:11.436  1449  1634 I ActivityManager: Start proc 27732:com.android.bluetooth/1002 for service {com.android.bluetooth/com.android.bluetooth.btservice.AdapterService}
01-18 20:21:11.436  1449  1634 D ActivityManager: handleProcessStartedLocked mDoneFinishBooting && app.pid != 0 ---> notifyProcessStart, app.processName = com.android.bluetooth, app.info = ApplicationInfo{3f409f7 com.android.bluetooth}, app.hostingType = service, getHostingName() = ComponentInfo{com.android.bluetooth/com.android.bluetooth.btservice.AdapterService}, getIntentFlag() = 0, getIsPackageRunning() = false, app = ProcessRecord{5fbb064 27732:com.android.bluetooth/1002}, getExtraData() = Bundle[{SERVICE_INTENT=Intent { act=android.bluetooth.IBluetooth cmp=com.android.bluetooth/.btservice.AdapterService }, CALLER_PACKAGE=android}]
01-18 20:21:22.304  1449  1615 I ActivityManager: Killing 27255:com.mit.reality.hack/u0a635 (adj 905): remove task
01-18 20:21:22.437  1449  1615 W ActivityManager: setHasOverlayUi called on unknown pid: 27255
01-18 20:21:25.020  1449  2785 W ActivityManager: Unable to start service Intent { cmp=com.evenwell.faceplusrecognition/.FacePlusService } U=0: not found
01-18 20:21:29.654  1449  3484 W ActivityManager: Permission Denial: Accessing service com.google.android.music/.dial.DialMediaRouteProviderService from pid=3835, uid=10061 that is not exported from uid 10133
01-18 20:21:30.991  1449  3593 I ActivityManager: Process com.android.bluetooth (pid 27732) has died: fore SVC 
01-18 20:24:38.797  1449  1634 I ActivityManager: Start proc 28025:com.evenwell.stbmonitor/1000 for broadcast {com.evenwell.stbmonitor/com.fihtdc.stbmonitor.queue.STBMonitorReceiver}
01-18 20:24:38.798  1449  1634 D ActivityManager: handleProcessStartedLocked mDoneFinishBooting && app.pid != 0 ---> notifyProcessStart, app.processName = com.evenwell.stbmonitor, app.info = ApplicationInfo{54c6d0c com.evenwell.stbmonitor}, app.hostingType = broadcast, getHostingName() = ComponentInfo{com.evenwell.stbmonitor/com.fihtdc.stbmonitor.queue.STBMonitorReceiver}, getIntentFlag() = 16777236, getIsPackageRunning() = false, app = ProcessRecord{e0c4655 28025:com.evenwell.stbmonitor/1000}, getExtraData() = Bundle[{BROADCAST_INTENT=Intent { act=android.intent.action.DROPBOX_ENTRY_ADDED flg=0x1000010 (has extras) }, CALLER_PACKAGE=android}]
01-18 20:24:39.043  1449  1634 I ActivityManager: Start proc 28055:com.evenwell.AprUploadService/u0a47 for content provider {com.evenwell.AprUploadService/com.fihtdc.AprUploadService.provider.SettingProvider}
01-18 20:24:39.043  1449  1634 D ActivityManager: handleProcessStartedLocked mDoneFinishBooting && app.pid != 0 ---> notifyProcessStart, app.processName = com.evenwell.AprUploadService, app.info = ApplicationInfo{a8d5788 com.evenwell.AprUploadService}, app.hostingType = content provider, getHostingName() = ComponentInfo{com.evenwell.AprUploadService/com.fihtdc.AprUploadService.provider.SettingProvider}, getIntentFlag() = 0, getIsPackageRunning() = false, app = ProcessRecord{a09e521 28055:com.evenwell.AprUploadService/u0a47}, getExtraData() = null
01-18 20:31:15.121  1449  2785 W ActivityManager: Permission Denial: Accessing service com.google.android.music/.dial.DialMediaRouteProviderService from pid=3835, uid=10061 that is not exported from uid 10133
01-18 20:31:15.172  1449  1634 I ActivityManager: Start proc 28164:com.android.settings/1000 for broadcast {com.android.settings/cust.settings.deviceinfo.MtpEnableSettingReceiver}
01-18 20:31:15.172  1449  1634 D ActivityManager: handleProcessStartedLocked mDoneFinishBooting && app.pid != 0 ---> notifyProcessStart, app.processName = com.android.settings, app.info = ApplicationInfo{3cb5f9e com.android.settings}, app.hostingType = broadcast, getHostingName() = ComponentInfo{com.android.settings/cust.settings.deviceinfo.MtpEnableSettingReceiver}, getIntentFlag() = 822083604, getIsPackageRunning() = false, app = ProcessRecord{6ee0a7f 28164:com.android.settings/1000}, getExtraData() = Bundle[{BROADCAST_INTENT=Intent { act=com.fihtdc.usb.dialog flg=0x31000010 (has extras) }, CALLER_PACKAGE=android}]
01-18 20:33:13.036  1449  1634 I ActivityManager: Start proc 28225:com.google.android.as/u0a170 for service {com.google.android.as/com.google.android.apps.miphone.aiai.common.brella.service.AiAiExampleStoreTtlService}
01-18 20:33:13.037  1449  1634 D ActivityManager: handleProcessStartedLocked mDoneFinishBooting && app.pid != 0 ---> notifyProcessStart, app.processName = com.google.android.as, app.info = ApplicationInfo{7426a35 com.google.android.as}, app.hostingType = service, getHostingName() = ComponentInfo{com.google.android.as/com.google.android.apps.miphone.aiai.common.brella.service.AiAiExampleStoreTtlService}, getIntentFlag() = 0, getIsPackageRunning() = false, app = ProcessRecord{bf7a7e 28225:com.google.android.as/u0a170}, getExtraData() = Bundle[{SERVICE_INTENT=Intent { cmp=com.google.android.as/com.google.android.apps.miphone.aiai.common.brella.service.AiAiExampleStoreTtlService }, CALLER_PACKAGE=android}]
01-18 20:35:19.673  1449  1522 W ActivityManager: Unbind failed: could not find connection for android.os.BinderProxy@e487fb9
01-18 20:37:54.689  1449  3592 W ActivityManager: Unable to start service Intent { act=local_action cmp=com.google.android.gms/.car.InCallService2 } U=0: not found
01-18 20:37:55.156  1449  2549 W ActivityManager: Permission Denial: Accessing service com.google.android.music/.dial.DialMediaRouteProviderService from pid=3835, uid=10061 that is not exported from uid 10133
01-18 20:38:07.529  1449  1634 I ActivityManager: Start proc 28380:com.android.bluetooth/1002 for service {com.android.bluetooth/com.android.bluetooth.btservice.AdapterService}
01-18 20:38:07.530  1449  1634 D ActivityManager: handleProcessStartedLocked mDoneFinishBooting && app.pid != 0 ---> notifyProcessStart, app.processName = com.android.bluetooth, app.info = ApplicationInfo{3ee7f54 com.android.bluetooth}, app.hostingType = service, getHostingName() = ComponentInfo{com.android.bluetooth/com.android.bluetooth.btservice.AdapterService}, getIntentFlag() = 0, getIsPackageRunning() = false, app = ProcessRecord{64ffefd 28380:com.android.bluetooth/1002}, getExtraData() = Bundle[{SERVICE_INTENT=Intent { act=android.bluetooth.IBluetooth cmp=com.android.bluetooth/.btservice.AdapterService }, CALLER_PACKAGE=android}]
01-18 20:40:42.172  1449  1615 D ActivityManager: Package [com.mit.reality.hack] have process
01-18 20:40:42.185  1449  1634 I ActivityManager: Start proc 28472:com.mit.reality.hack/u0a635 for activity {com.mit.reality.hack/com.unity3d.player.UnityPlayerActivity}
01-18 20:40:42.190  1449  1634 D ActivityManager: handleProcessStartedLocked mDoneFinishBooting && app.pid != 0 ---> notifyProcessStart, app.processName = com.mit.reality.hack, app.info = ApplicationInfo{cf25b6e com.mit.reality.hack}, app.hostingType = activity, getHostingName() = ComponentInfo{com.mit.reality.hack/com.unity3d.player.UnityPlayerActivity}, getIntentFlag() = 0, getIsPackageRunning() = true, app = ProcessRecord{ec9038e 28472:com.mit.reality.hack/u0a635}, getExtraData() = null
01-18 20:40:48.223  1449  8956 I ActivityManager: Process com.qualcomm.qti.workloadclassifier (pid 23000) has died: cch+75 SVC 
01-18 20:40:48.228  1449  8956 W ActivityManager: Scheduling restart of crashed service com.qualcomm.qti.workloadclassifier/.WLCService in 1000ms
01-18 20:40:48.551  1449  2785 I ActivityManager: Process com.android.bluetooth (pid 28380) has died: fore SVC 
01-18 20:40:49.252  1449  1634 I ActivityManager: Start proc 28661:com.qualcomm.qti.workloadclassifier/1000 for service {com.qualcomm.qti.workloadclassifier/com.qualcomm.qti.workloadclassifier.WLCService}
01-18 20:40:49.253  1449  1634 D ActivityManager: handleProcessStartedLocked mDoneFinishBooting && app.pid != 0 ---> notifyProcessStart, app.processName = com.qualcomm.qti.workloadclassifier, app.info = ApplicationInfo{e89bfcb com.qualcomm.qti.workloadclassifier}, app.hostingType = service, getHostingName() = ComponentInfo{com.qualcomm.qti.workloadclassifier/com.qualcomm.qti.workloadclassifier.WLCService}, getIntentFlag() = 0, getIsPackageRunning() = false, app = ProcessRecord{c39283f 28661:com.qualcomm.qti.workloadclassifier/1000}, getExtraData() = Bundle[{SERVICE_INTENT=Intent { cmp=com.qualcomm.qti.workloadclassifier/.WLCService }, CALLER_PACKAGE=com.qualcomm.qti.workloadclassifier}]
01-18 20:41:49.508  1449  3484 I ActivityManager: Process com.hmdglobal.datago (pid 23099) has died: cch+75 SVC 
01-18 20:41:49.514  1449  3484 W ActivityManager: Scheduling restart of crashed service com.hmdglobal.datago/.DataGoService in 1000ms
01-18 20:41:50.543  1449  1634 I ActivityManager: Start proc 29054:com.hmdglobal.datago/u0a174 for service {com.hmdglobal.datago/com.hmdglobal.datago.DataGoService}
01-18 20:41:50.543  1449  1634 D ActivityManager: handleProcessStartedLocked mDoneFinishBooting && app.pid != 0 ---> notifyProcessStart, app.processName = com.hmdglobal.datago, app.info = ApplicationInfo{bc56278 com.hmdglobal.datago}, app.hostingType = service, getHostingName() = ComponentInfo{com.hmdglobal.datago/com.hmdglobal.datago.DataGoService}, getIntentFlag() = 0, getIsPackageRunning() = false, app = ProcessRecord{2de0ad2 29054:com.hmdglobal.datago/u0a174}, getExtraData() = Bundle[{SERVICE_INTENT=Intent { cmp=com.hmdglobal.datago/.DataGoService }, CALLER_PACKAGE=com.hmdglobal.datago}]
01-18 20:41:50.905  1449  2549 I ActivityManager: Process com.google.android.gms.ui (pid 27157) has died: cch+65 CEM 
01-18 20:41:50.941  1449  3592 I ActivityManager: Process com.evenwell.batteryprotect (pid 23128) has died: cch+65 SVC 
01-18 20:41:50.944  1449  3592 W ActivityManager: Scheduling restart of crashed service com.evenwell.batteryprotect/.DetectBatteryService in 1000ms
01-18 20:41:51.975  1449  1634 I ActivityManager: Start proc 29078:com.evenwell.batteryprotect/1000 for service {com.evenwell.batteryprotect/com.evenwell.batteryprotect.DetectBatteryService}
01-18 20:41:51.975  1449  1634 D ActivityManager: handleProcessStartedLocked mDoneFinishBooting && app.pid != 0 ---> notifyProcessStart, app.processName = com.evenwell.batteryprotect, app.info = ApplicationInfo{a19b81e com.evenwell.batteryprotect}, app.hostingType = service, getHostingName() = ComponentInfo{com.evenwell.batteryprotect/com.evenwell.batteryprotect.DetectBatteryService}, getIntentFlag() = 0, getIsPackageRunning() = false, app = ProcessRecord{54daa0 29078:com.evenwell.batteryprotect/1000}, getExtraData() = Bundle[{SERVICE_INTENT=Intent { cmp=com.evenwell.batteryprotect/.DetectBatteryService }, CALLER_PACKAGE=com.evenwell.batteryprotect}]
01-18 20:41:59.763  1449  2549 W ActivityManager: Unbind failed: could not find connection for android.os.BinderProxy@e9f5db8
01-18 20:42:24.904  1449  6861 W ActivityManager: Unable to start service Intent { cmp=com.evenwell.faceplusrecognition/.FacePlusService } U=0: not found
01-18 20:43:23.306  1449  3598 W ActivityManager: Permission Denial: Accessing service com.google.android.music/.dial.DialMediaRouteProviderService from pid=3835, uid=10061 that is not exported from uid 10133
01-18 20:43:33.610  1449  3484 W ActivityManager: Permission Denial: Accessing service com.google.android.music/.dial.DialMediaRouteProviderService from pid=3835, uid=10061 that is not exported from uid 10133
01-18 20:43:37.805  1449  1634 I ActivityManager: Start proc 30095:com.android.bluetooth/1002 for service {com.android.bluetooth/com.android.bluetooth.btservice.AdapterService}
01-18 20:43:37.806  1449  1634 D ActivityManager: handleProcessStartedLocked mDoneFinishBooting && app.pid != 0 ---> notifyProcessStart, app.processName = com.android.bluetooth, app.info = ApplicationInfo{e0225c9 com.android.bluetooth}, app.hostingType = service, getHostingName() = ComponentInfo{com.android.bluetooth/com.android.bluetooth.btservice.AdapterService}, getIntentFlag() = 0, getIsPackageRunning() = false, app = ProcessRecord{e384ce 30095:com.android.bluetooth/1002}, getExtraData() = Bundle[{SERVICE_INTENT=Intent { act=android.bluetooth.IBluetooth cmp=com.android.bluetooth/.btservice.AdapterService }, CALLER_PACKAGE=android}]
01-18 20:43:37.863  1449  3586 I ActivityManager: Process com.mit.reality.hack (pid 28472) has died: cch+5 CEM 
01-18 20:43:37.889  1449  1615 W ActivityManager: setHasOverlayUi called on unknown pid: 28472
01-18 20:43:45.173  1449  1615 D ActivityManager: Package [com.mit.reality.hack] have process
01-18 20:43:45.187  1449  1634 I ActivityManager: Start proc 30153:com.mit.reality.hack/u0a635 for activity {com.mit.reality.hack/com.unity3d.player.UnityPlayerActivity}
01-18 20:43:45.191  1449  1634 D ActivityManager: handleProcessStartedLocked mDoneFinishBooting && app.pid != 0 ---> notifyProcessStart, app.processName = com.mit.reality.hack, app.info = ApplicationInfo{cf25b6e com.mit.reality.hack}, app.hostingType = activity, getHostingName() = ComponentInfo{com.mit.reality.hack/com.unity3d.player.UnityPlayerActivity}, getIntentFlag() = 0, getIsPackageRunning() = true, app = ProcessRecord{1841fa8 30153:com.mit.reality.hack/u0a635}, getExtraData() = null
01-18 20:43:51.466  1449  6960 I ActivityManager: Process com.android.bluetooth (pid 30095) has died: fore SVC 
01-18 20:44:07.790  1449  1615 I ActivityManager: Killing 30153:com.mit.reality.hack/u0a635 (adj 905): remove task
01-18 20:44:07.940  1449  1615 W ActivityManager: setHasOverlayUi called on unknown pid: 30153
01-18 20:44:07.942  1449  1634 I ActivityManager: Start proc 30603:com.android.bluetooth/1002 for service {com.android.bluetooth/com.android.bluetooth.btservice.AdapterService}
01-18 20:44:07.944  1449  1634 D ActivityManager: handleProcessStartedLocked mDoneFinishBooting && app.pid != 0 ---> notifyProcessStart, app.processName = com.android.bluetooth, app.info = ApplicationInfo{28d18a7 com.android.bluetooth}, app.hostingType = service, getHostingName() = ComponentInfo{com.android.bluetooth/com.android.bluetooth.btservice.AdapterService}, getIntentFlag() = 0, getIsPackageRunning() = false, app = ProcessRecord{bc09154 30603:com.android.bluetooth/1002}, getExtraData() = Bundle[{SERVICE_INTENT=Intent { act=android.bluetooth.IBluetooth cmp=com.android.bluetooth/.btservice.AdapterService }, CALLER_PACKAGE=android}]
01-18 20:44:09.614  1449  3597 W ActivityManager: Unable to start service Intent { cmp=com.evenwell.faceplusrecognition/.FacePlusService } U=0: not found
01-18 20:44:14.590  1449  3586 I ActivityManager: Process com.android.bluetooth (pid 30603) has died: fore SVC 
01-18 20:46:23.320  1449  3633 W ActivityManager: Permission Denial: Accessing service com.google.android.music/.dial.DialMediaRouteProviderService from pid=3835, uid=10061 that is not exported from uid 10133
01-18 20:46:24.555  1449  1634 I ActivityManager: Start proc 30714:com.android.bluetooth/1002 for service {com.android.bluetooth/com.android.bluetooth.btservice.AdapterService}
01-18 20:46:24.556  1449  1634 D ActivityManager: handleProcessStartedLocked mDoneFinishBooting && app.pid != 0 ---> notifyProcessStart, app.processName = com.android.bluetooth, app.info = ApplicationInfo{5271272 com.android.bluetooth}, app.hostingType = service, getHostingName() = ComponentInfo{com.android.bluetooth/com.android.bluetooth.btservice.AdapterService}, getIntentFlag() = 0, getIsPackageRunning() = false, app = ProcessRecord{f6dc6c3 30714:com.android.bluetooth/1002}, getExtraData() = Bundle[{SERVICE_INTENT=Intent { act=android.bluetooth.IBluetooth cmp=com.android.bluetooth/.btservice.AdapterService }, CALLER_PACKAGE=android}]
01-18 20:46:31.571  1449  1615 D ActivityManager: Package [com.mit.reality.hack] have process
01-18 20:46:31.599  1449  1634 I ActivityManager: Start proc 30771:com.mit.reality.hack/u0a635 for activity {com.mit.reality.hack/com.unity3d.player.UnityPlayerActivity}
01-18 20:46:31.603  1449  1634 D ActivityManager: handleProcessStartedLocked mDoneFinishBooting && app.pid != 0 ---> notifyProcessStart, app.processName = com.mit.reality.hack, app.info = ApplicationInfo{cf25b6e com.mit.reality.hack}, app.hostingType = activity, getHostingName() = ComponentInfo{com.mit.reality.hack/com.unity3d.player.UnityPlayerActivity}, getIntentFlag() = 0, getIsPackageRunning() = true, app = ProcessRecord{d01c42c 30771:com.mit.reality.hack/u0a635}, getExtraData() = null
01-18 20:46:37.838  1449  6861 I ActivityManager: Process com.android.bluetooth (pid 30714) has died: fore SVC 
01-18 20:47:11.332  1449  1634 I ActivityManager: Start proc 31110:com.android.bluetooth/1002 for service {com.android.bluetooth/com.android.bluetooth.btservice.AdapterService}
01-18 20:47:11.334  1449  1634 D ActivityManager: handleProcessStartedLocked mDoneFinishBooting && app.pid != 0 ---> notifyProcessStart, app.processName = com.android.bluetooth, app.info = ApplicationInfo{92e5960 com.android.bluetooth}, app.hostingType = service, getHostingName() = ComponentInfo{com.android.bluetooth/com.android.bluetooth.btservice.AdapterService}, getIntentFlag() = 0, getIsPackageRunning() = false, app = ProcessRecord{8377e19 31110:com.android.bluetooth/1002}, getExtraData() = Bundle[{SERVICE_INTENT=Intent { act=android.bluetooth.IBluetooth cmp=com.android.bluetooth/.btservice.AdapterService }, CALLER_PACKAGE=android}]
01-18 20:47:14.368  1449  5810 I ActivityManager: Process com.mit.reality.hack (pid 30771) has died: cch+5 CEM 
01-18 20:47:14.391  1449  1615 W ActivityManager: setHasOverlayUi called on unknown pid: 30771
01-18 20:47:14.994  1449  1615 D ActivityManager: Package [com.mit.reality.hack] have process
01-18 20:47:15.016  1449  1634 I ActivityManager: Start proc 31193:com.mit.reality.hack/u0a635 for activity {com.mit.reality.hack/com.unity3d.player.UnityPlayerActivity}
01-18 20:47:15.016  1449  1634 D ActivityManager: handleProcessStartedLocked mDoneFinishBooting && app.pid != 0 ---> notifyProcessStart, app.processName = com.mit.reality.hack, app.info = ApplicationInfo{cf25b6e com.mit.reality.hack}, app.hostingType = activity, getHostingName() = ComponentInfo{com.mit.reality.hack/com.unity3d.player.UnityPlayerActivity}, getIntentFlag() = 0, getIsPackageRunning() = true, app = ProcessRecord{d301144 31193:com.mit.reality.hack/u0a635}, getExtraData() = null
01-18 20:47:21.244  1449  3633 I ActivityManager: Process com.android.bluetooth (pid 31110) has died: fore SVC 
01-18 20:47:34.291  1449  1634 I ActivityManager: Start proc 31523:com.android.bluetooth/1002 for service {com.android.bluetooth/com.android.bluetooth.btservice.AdapterService}
01-18 20:47:34.291  1449  1634 D ActivityManager: handleProcessStartedLocked mDoneFinishBooting && app.pid != 0 ---> notifyProcessStart, app.processName = com.android.bluetooth, app.info = ApplicationInfo{3e31ad6 com.android.bluetooth}, app.hostingType = service, getHostingName() = ComponentInfo{com.android.bluetooth/com.android.bluetooth.btservice.AdapterService}, getIntentFlag() = 0, getIsPackageRunning() = false, app = ProcessRecord{163d157 31523:com.android.bluetooth/1002}, getExtraData() = Bundle[{SERVICE_INTENT=Intent { act=android.bluetooth.IBluetooth cmp=com.android.bluetooth/.btservice.AdapterService }, CALLER_PACKAGE=android}]
01-18 20:47:37.005  1449  1615 I ActivityManager: Killing 31193:com.mit.reality.hack/u0a635 (adj 905): remove task
01-18 20:47:37.117  1449  1615 W ActivityManager: setHasOverlayUi called on unknown pid: 31193
01-18 20:47:47.545  1449  1615 D ActivityManager: Package [com.mit.reality.hack] have process
01-18 20:47:47.552  1449  1634 I ActivityManager: Start proc 31618:com.mit.reality.hack/u0a635 for activity {com.mit.reality.hack/com.unity3d.player.UnityPlayerActivity}
01-18 20:47:47.553  1449  1634 D ActivityManager: handleProcessStartedLocked mDoneFinishBooting && app.pid != 0 ---> notifyProcessStart, app.processName = com.mit.reality.hack, app.info = ApplicationInfo{cf25b6e com.mit.reality.hack}, app.hostingType = activity, getHostingName() = ComponentInfo{com.mit.reality.hack/com.unity3d.player.UnityPlayerActivity}, getIntentFlag() = 0, getIsPackageRunning() = true, app = ProcessRecord{9f25a3d 31618:com.mit.reality.hack/u0a635}, getExtraData() = null
01-18 20:47:53.791  1449  7759 I ActivityManager: Process com.android.bluetooth (pid 31523) has died: fore SVC 
01-18 20:48:27.132  1449  5962 I ActivityManager: Process com.google.android.ims (pid 23733) has died: cch+65 SVC 
01-18 20:48:27.138  1449  5962 W ActivityManager: Scheduling restart of crashed service com.google.android.ims/.services.RcsService in 1000ms
01-18 20:48:28.160  1449  1634 I ActivityManager: Start proc 31899:com.google.android.ims/u0a51 for service {com.google.android.ims/com.google.android.ims.services.RcsService}
01-18 20:48:28.160  1449  1634 D ActivityManager: handleProcessStartedLocked mDoneFinishBooting && app.pid != 0 ---> notifyProcessStart, app.processName = com.google.android.ims, app.info = ApplicationInfo{b938a84 com.google.android.ims}, app.hostingType = service, getHostingName() = ComponentInfo{com.google.android.ims/com.google.android.ims.services.RcsService}, getIntentFlag() = 0, getIsPackageRunning() = false, app = ProcessRecord{a8cf305 31899:com.google.android.ims/u0a51}, getExtraData() = Bundle[{SERVICE_INTENT=Intent { act=csapk.created cmp=com.google.android.ims/.services.RcsService }, CALLER_PACKAGE=com.google.android.apps.messaging}]
01-18 20:48:29.323  1449  1634 I ActivityManager: Start proc 31947:com.google.android.apps.messaging/u0a113 for service {com.google.android.apps.messaging/com.google.android.apps.messaging.rcsmigration.RcsMigrationService}
01-18 20:48:29.323  1449  1634 D ActivityManager: handleProcessStartedLocked mDoneFinishBooting && app.pid != 0 ---> notifyProcessStart, app.processName = com.google.android.apps.messaging, app.info = ApplicationInfo{87fe72 com.google.android.apps.messaging}, app.hostingType = service, getHostingName() = ComponentInfo{com.google.android.apps.messaging/com.google.android.apps.messaging.rcsmigration.RcsMigrationService}, getIntentFlag() = 0, getIsPackageRunning() = false, app = ProcessRecord{79a42c3 31947:com.google.android.apps.messaging/u0a113}, getExtraData() = Bundle[{SERVICE_INTENT=Intent { cmp=com.google.android.apps.messaging/.rcsmigration.RcsMigrationService }, CALLER_PACKAGE=com.google.android.ims}]
01-18 20:48:29.348  1449  1633 D ActivityManager: Package [com.google.android.apps.messaging] have process
01-18 20:48:29.411  1449  3597 W ActivityManager: Unable to start service Intent { act=com.google.android.ims.SIM_ABSENT cmp=com.google.android.ims/cpp } U=0: not found
01-18 20:48:29.421  1449  5962 W ActivityManager: Receiver with filter android.content.IntentFilter@bb4e9ca already registered for pid 31899, callerPackage is com.google.android.ims
01-18 20:48:29.422  1449  5962 W ActivityManager: Receiver with filter android.content.IntentFilter@77f473b already registered for pid 31899, callerPackage is com.google.android.ims
01-18 20:48:30.059  1449  3597 I ActivityManager: Process com.android.keychain (pid 27142) has died: cch+55 CEM 
01-18 20:48:30.199  1449  3592 W ActivityManager: Background start not allowed: service Intent { cmp=com.google.android.apps.messaging/.shared.datamodel.action.execution.ActionExecutorImpl$EmptyService } to com.google.android.apps.messaging/.shared.datamodel.action.execution.ActionExecutorImpl$EmptyService from pid=31947 uid=10113 pkg=com.google.android.apps.messaging startFg?=false
01-18 20:48:36.028  1449  3484 W ActivityManager: Background start not allowed: service Intent { cmp=com.google.android.apps.messaging/.shared.datamodel.action.execution.ActionExecutorImpl$EmptyService } to com.google.android.apps.messaging/.shared.datamodel.action.execution.ActionExecutorImpl$EmptyService from pid=31947 uid=10113 pkg=com.google.android.apps.messaging startFg?=false
01-18 20:48:36.032  1449  3597 W ActivityManager: Background start not allowed: service Intent { cmp=com.google.android.apps.messaging/.shared.datamodel.action.execution.ActionExecutorImpl$EmptyService } to com.google.android.apps.messaging/.shared.datamodel.action.execution.ActionExecutorImpl$EmptyService from pid=31947 uid=10113 pkg=com.google.android.apps.messaging startFg?=false
01-18 20:48:41.811  1449  3597 W ActivityManager: Background start not allowed: service Intent { cmp=com.google.android.apps.messaging/.shared.datamodel.action.execution.ActionExecutorImpl$EmptyService } to com.google.android.apps.messaging/.shared.datamodel.action.execution.ActionExecutorImpl$EmptyService from pid=31947 uid=10113 pkg=com.google.android.apps.messaging startFg?=false
01-18 20:48:50.107  1449  1633 I ActivityManager: Waited long enough for: ServiceRecord{921853e u0 com.google.android.googlequicksearchbox/com.google.android.apps.gsa.shared.util.keepalive.StandaloneKeepAlive$KeepAliveService}
01-18 20:49:23.898  1449  1634 I ActivityManager: Start proc 32265:com.android.providers.calendar/u0a49 for content provider {com.android.providers.calendar/com.android.providers.calendar.CalendarProvider2}
01-18 20:49:23.898  1449  1634 D ActivityManager: handleProcessStartedLocked mDoneFinishBooting && app.pid != 0 ---> notifyProcessStart, app.processName = com.android.providers.calendar, app.info = ApplicationInfo{33281e2 com.android.providers.calendar}, app.hostingType = content provider, getHostingName() = ComponentInfo{com.android.providers.calendar/com.android.providers.calendar.CalendarProvider2}, getIntentFlag() = 0, getIsPackageRunning() = false, app = ProcessRecord{6e05973 32265:com.android.providers.calendar/u0a49}, getExtraData() = null
01-18 20:49:24.124  1449  3597 W ActivityManager: Unable to start service Intent { act=com.google.firebase.MESSAGING_EVENT pkg=com.google.android.googlequicksearchbox } U=0: not found
01-18 20:49:25.046  1449  3632 W ActivityManager: Unable to start service Intent { act=com.google.firebase.MESSAGING_EVENT pkg=com.google.android.googlequicksearchbox } U=0: not found
01-18 20:49:28.988  1449  1615 I ActivityManager: Killing 31618:com.mit.reality.hack/u0a635 (adj 905): remove task
01-18 20:49:29.085  1449  1634 I ActivityManager: Start proc 32338:com.android.bluetooth/1002 for service {com.android.bluetooth/com.android.bluetooth.btservice.AdapterService}
01-18 20:49:29.086  1449  1634 D ActivityManager: handleProcessStartedLocked mDoneFinishBooting && app.pid != 0 ---> notifyProcessStart, app.processName = com.android.bluetooth, app.info = ApplicationInfo{f772eb8 com.android.bluetooth}, app.hostingType = service, getHostingName() = ComponentInfo{com.android.bluetooth/com.android.bluetooth.btservice.AdapterService}, getIntentFlag() = 0, getIsPackageRunning() = false, app = ProcessRecord{4b2491 32338:com.android.bluetooth/1002}, getExtraData() = Bundle[{SERVICE_INTENT=Intent { act=android.bluetooth.IBluetooth cmp=com.android.bluetooth/.btservice.AdapterService }, CALLER_PACKAGE=android}]
01-18 20:49:29.160  1449  1615 W ActivityManager: setHasOverlayUi called on unknown pid: 31618
01-18 20:49:44.033  1449  3586 W ActivityManager: Unable to start service Intent { cmp=com.evenwell.faceplusrecognition/.FacePlusService } U=0: not found
01-18 20:49:50.155  1449  3586 I ActivityManager: Process com.android.bluetooth (pid 32338) has died: fore SVC 
01-18 20:50:36.245  1449  3635 W ActivityManager: Permission Denial: Accessing service com.google.android.music/.dial.DialMediaRouteProviderService from pid=3835, uid=10061 that is not exported from uid 10133
01-18 20:50:49.985  1449  6861 W ActivityManager: Permission Denial: Accessing service com.google.android.music/.dial.DialMediaRouteProviderService from pid=3835, uid=10061 that is not exported from uid 10133
01-18 20:50:57.439  1449  1634 I ActivityManager: Start proc 32471:com.android.bluetooth/1002 for service {com.android.bluetooth/com.android.bluetooth.btservice.AdapterService}
01-18 20:50:57.439  1449  1634 D ActivityManager: handleProcessStartedLocked mDoneFinishBooting && app.pid != 0 ---> notifyProcessStart, app.processName = com.android.bluetooth, app.info = ApplicationInfo{a8b86cf com.android.bluetooth}, app.hostingType = service, getHostingName() = ComponentInfo{com.android.bluetooth/com.android.bluetooth.btservice.AdapterService}, getIntentFlag() = 0, getIsPackageRunning() = false, app = ProcessRecord{395a85c 32471:com.android.bluetooth/1002}, getExtraData() = Bundle[{SERVICE_INTENT=Intent { act=android.bluetooth.IBluetooth cmp=com.android.bluetooth/.btservice.AdapterService }, CALLER_PACKAGE=android}]
01-18 20:51:01.851  1449  6897 W ActivityManager: Unable to start service Intent { cmp=com.evenwell.faceplusrecognition/.FacePlusService } U=0: not found
01-18 20:51:03.279  1449  3593 W ActivityManager: Background start not allowed: service Intent { cmp=com.google.android.apps.messaging/.shared.datamodel.action.execution.ActionExecutorImpl$EmptyService } to com.google.android.apps.messaging/.shared.datamodel.action.execution.ActionExecutorImpl$EmptyService from pid=31947 uid=10113 pkg=com.google.android.apps.messaging startFg?=false
01-18 20:51:03.507  1449  1634 I ActivityManager: Start proc 32529:android.process.acore/u0a45 for content provider {com.android.providers.contacts/com.android.providers.contacts.ContactsProvider2}
01-18 20:51:03.508  1449  1634 D ActivityManager: handleProcessStartedLocked mDoneFinishBooting && app.pid != 0 ---> notifyProcessStart, app.processName = android.process.acore, app.info = ApplicationInfo{e2565f3 com.android.providers.contacts}, app.hostingType = content provider, getHostingName() = ComponentInfo{com.android.providers.contacts/com.android.providers.contacts.ContactsProvider2}, getIntentFlag() = 0, getIsPackageRunning() = false, app = ProcessRecord{7eea2b0 32529:android.process.acore/u0a45}, getExtraData() = null
01-18 20:51:08.202  1449  3593 I ActivityManager: Process com.android.bluetooth (pid 32471) has died: fore SVC 
01-18 20:51:26.151  1449  1634 I ActivityManager: Start proc 32562:com.google.android.calendar/u0a94 for broadcast {com.google.android.calendar/com.google.android.apps.calendar.usernotificationsframework.common.UserNotificationBroadcastReceiver}
01-18 20:51:26.151  1449  1634 D ActivityManager: handleProcessStartedLocked mDoneFinishBooting && app.pid != 0 ---> notifyProcessStart, app.processName = com.google.android.calendar, app.info = ApplicationInfo{89f79a3 com.google.android.calendar}, app.hostingType = broadcast, getHostingName() = ComponentInfo{com.google.android.calendar/com.google.android.apps.calendar.usernotificationsframework.common.UserNotificationBroadcastReceiver}, getIntentFlag() = 20, getIsPackageRunning() = false, app = ProcessRecord{a08a4a0 32562:com.google.android.calendar/u0a94}, getExtraData() = Bundle[{BROADCAST_INTENT=Intent { act=com.google.android.calendar.intent.action.CHECK_NOTIFICATIONS flg=0x14 cmp=com.google.android.calendar/com.google.android.apps.calendar.usernotificationsframework.common.UserNotificationBroadcastReceiver (has extras) }, CALLER_PACKAGE=com.google.android.calendar}]
01-18 20:51:26.232  1449  1634 I ActivityManager: Start proc 32583:com.google.android.youtube/u0a128 for service {com.google.android.youtube/androidx.work.impl.background.systemjob.SystemJobService}
01-18 20:51:26.232  1449  1634 D ActivityManager: handleProcessStartedLocked mDoneFinishBooting && app.pid != 0 ---> notifyProcessStart, app.processName = com.google.android.youtube, app.info = ApplicationInfo{422f300 com.google.android.youtube}, app.hostingType = service, getHostingName() = ComponentInfo{com.google.android.youtube/androidx.work.impl.background.systemjob.SystemJobService}, getIntentFlag() = 0, getIsPackageRunning() = false, app = ProcessRecord{aeba739 32583:com.google.android.youtube/u0a128}, getExtraData() = Bundle[{SERVICE_INTENT=Intent { cmp=com.google.android.youtube/androidx.work.impl.background.systemjob.SystemJobService }, CALLER_PACKAGE=android}]
01-18 20:51:46.373  1449  6861 W ActivityManager: Permission Denial: Accessing service com.google.android.music/.dial.DialMediaRouteProviderService from pid=3835, uid=10061 that is not exported from uid 10133
01-18 20:52:08.584  1449  3593 W ActivityManager: Permission Denial: Accessing service com.google.android.music/.dial.DialMediaRouteProviderService from pid=3835, uid=10061 that is not exported from uid 10133
01-18 20:52:11.202  1449  3586 W ActivityManager: Background start not allowed: service Intent { cmp=com.google.android.apps.messaging/.shared.datamodel.action.execution.ActionExecutorImpl$EmptyService } to com.google.android.apps.messaging/.shared.datamodel.action.execution.ActionExecutorImpl$EmptyService from pid=31947 uid=10113 pkg=com.google.android.apps.messaging startFg?=false
01-18 20:52:11.207  1449  3586 W ActivityManager: Background start not allowed: service Intent { cmp=com.google.android.apps.messaging/.shared.datamodel.action.execution.ActionExecutorImpl$EmptyService } to com.google.android.apps.messaging/.shared.datamodel.action.execution.ActionExecutorImpl$EmptyService from pid=31947 uid=10113 pkg=com.google.android.apps.messaging startFg?=false
01-18 20:52:47.856  1449  8163 W ActivityManager: Permission Denial: Accessing service com.google.android.music/.dial.DialMediaRouteProviderService from pid=3835, uid=10061 that is not exported from uid 10133
01-18 20:53:11.806  1449  3633 W ActivityManager: Permission Denial: Accessing service com.google.android.music/.dial.DialMediaRouteProviderService from pid=3835, uid=10061 that is not exported from uid 10133
01-18 20:53:13.380  1449  1634 I ActivityManager: Start proc 637:com.android.bluetooth/1002 for service {com.android.bluetooth/com.android.bluetooth.btservice.AdapterService}
01-18 20:53:13.381  1449  1634 D ActivityManager: handleProcessStartedLocked mDoneFinishBooting && app.pid != 0 ---> notifyProcessStart, app.processName = com.android.bluetooth, app.info = ApplicationInfo{7946d4b com.android.bluetooth}, app.hostingType = service, getHostingName() = ComponentInfo{com.android.bluetooth/com.android.bluetooth.btservice.AdapterService}, getIntentFlag() = 0, getIsPackageRunning() = false, app = ProcessRecord{6819328 637:com.android.bluetooth/1002}, getExtraData() = Bundle[{SERVICE_INTENT=Intent { act=android.bluetooth.IBluetooth cmp=com.android.bluetooth/.btservice.AdapterService }, CALLER_PACKAGE=android}]
01-18 20:53:14.647  1449  1615 D ActivityManager: Package [com.mit.reality.hack] have process
01-18 20:53:14.664  1449  1634 I ActivityManager: Start proc 721:com.mit.reality.hack/u0a635 for activity {com.mit.reality.hack/com.unity3d.player.UnityPlayerActivity}
01-18 20:53:14.665  1449  1634 D ActivityManager: handleProcessStartedLocked mDoneFinishBooting && app.pid != 0 ---> notifyProcessStart, app.processName = com.mit.reality.hack, app.info = ApplicationInfo{cf25b6e com.mit.reality.hack}, app.hostingType = activity, getHostingName() = ComponentInfo{com.mit.reality.hack/com.unity3d.player.UnityPlayerActivity}, getIntentFlag() = 0, getIsPackageRunning() = true, app = ProcessRecord{512a7e8 721:com.mit.reality.hack/u0a635}, getExtraData() = null
01-18 20:53:20.941  1449  3635 I ActivityManager: Process com.android.bluetooth (pid 637) has died: fore SVC 
01-18 20:55:31.805  1449  1634 I ActivityManager: Start proc 1766:com.android.bluetooth/1002 for service {com.android.bluetooth/com.android.bluetooth.btservice.AdapterService}
01-18 20:55:31.805  1449  1634 D ActivityManager: handleProcessStartedLocked mDoneFinishBooting && app.pid != 0 ---> notifyProcessStart, app.processName = com.android.bluetooth, app.info = ApplicationInfo{b5d35db com.android.bluetooth}, app.hostingType = service, getHostingName() = ComponentInfo{com.android.bluetooth/com.android.bluetooth.btservice.AdapterService}, getIntentFlag() = 0, getIsPackageRunning() = false, app = ProcessRecord{f7ad878 1766:com.android.bluetooth/1002}, getExtraData() = Bundle[{SERVICE_INTENT=Intent { act=android.bluetooth.IBluetooth cmp=com.android.bluetooth/.btservice.AdapterService }, CALLER_PACKAGE=android}]
01-18 20:55:31.970  1449  3635 I ActivityManager: Process com.mit.reality.hack (pid 721) has died: cch+5 CEM 
01-18 20:55:31.987  1449  1615 W ActivityManager: setHasOverlayUi called on unknown pid: 721
01-18 20:55:43.924  1449  3592 W ActivityManager: Unable to start service Intent { cmp=com.evenwell.faceplusrecognition/.FacePlusService } U=0: not found
01-18 20:55:45.361  1449  1634 I ActivityManager: Start proc 1894:com.android.cellbroadcastreceiver/1000 for broadcast {com.android.cellbroadcastreceiver/com.android.cellbroadcastreceiver.CellBroadcastReceiver}
01-18 20:55:45.361  1449  1634 D ActivityManager: handleProcessStartedLocked mDoneFinishBooting && app.pid != 0 ---> notifyProcessStart, app.processName = com.android.cellbroadcastreceiver, app.info = ApplicationInfo{c73857a com.android.cellbroadcastreceiver}, app.hostingType = broadcast, getHostingName() = ComponentInfo{com.android.cellbroadcastreceiver/com.android.cellbroadcastreceiver.CellBroadcastReceiver}, getIntentFlag() = 16777236, getIsPackageRunning() = false, app = ProcessRecord{34b61f8 1894:com.android.cellbroadcastreceiver/1000}, getExtraData() = Bundle[{BROADCAST_INTENT=Intent { act=android.intent.action.SERVICE_STATE flg=0x1000010 (has extras) }, CALLER_PACKAGE=android}]
01-18 20:55:45.771  1449  9443 W ActivityManager: Permission Denial: Accessing service com.google.android.music/.dial.DialMediaRouteProviderService from pid=3835, uid=10061 that is not exported from uid 10133
01-18 20:55:48.945  1449  3592 I ActivityManager: Process com.android.bluetooth (pid 1766) has died: fore SVC 
01-18 20:57:33.375  1449  8956 W ActivityManager: Permission Denial: Accessing service com.google.android.music/.dial.DialMediaRouteProviderService from pid=3835, uid=10061 that is not exported from uid 10133
01-18 20:57:35.313  1449  1634 I ActivityManager: Start proc 2018:com.android.bluetooth/1002 for service {com.android.bluetooth/com.android.bluetooth.btservice.AdapterService}
01-18 20:57:35.313  1449  1634 D ActivityManager: handleProcessStartedLocked mDoneFinishBooting && app.pid != 0 ---> notifyProcessStart, app.processName = com.android.bluetooth, app.info = ApplicationInfo{b2e6f06 com.android.bluetooth}, app.hostingType = service, getHostingName() = ComponentInfo{com.android.bluetooth/com.android.bluetooth.btservice.AdapterService}, getIntentFlag() = 0, getIsPackageRunning() = false, app = ProcessRecord{d3d49c7 2018:com.android.bluetooth/1002}, getExtraData() = Bundle[{SERVICE_INTENT=Intent { act=android.bluetooth.IBluetooth cmp=com.android.bluetooth/.btservice.AdapterService }, CALLER_PACKAGE=android}]
01-18 20:57:37.140  1449  1615 D ActivityManager: Package [com.mit.reality.hack] have process
01-18 20:57:37.151  1449  1634 I ActivityManager: Start proc 2075:com.mit.reality.hack/u0a635 for activity {com.mit.reality.hack/com.unity3d.player.UnityPlayerActivity}
01-18 20:57:37.151  1449  1634 D ActivityManager: handleProcessStartedLocked mDoneFinishBooting && app.pid != 0 ---> notifyProcessStart, app.processName = com.mit.reality.hack, app.info = ApplicationInfo{cf25b6e com.mit.reality.hack}, app.hostingType = activity, getHostingName() = ComponentInfo{com.mit.reality.hack/com.unity3d.player.UnityPlayerActivity}, getIntentFlag() = 0, getIsPackageRunning() = true, app = ProcessRecord{dcc0323 2075:com.mit.reality.hack/u0a635}, getExtraData() = null
01-18 20:57:43.397  1449  5962 I ActivityManager: Process com.android.bluetooth (pid 2018) has died: fore SVC 
01-18 20:59:45.258  1449  1634 I ActivityManager: Start proc 2551:com.android.bluetooth/1002 for service {com.android.bluetooth/com.android.bluetooth.btservice.AdapterService}
01-18 20:59:45.258  1449  1634 D ActivityManager: handleProcessStartedLocked mDoneFinishBooting && app.pid != 0 ---> notifyProcessStart, app.processName = com.android.bluetooth, app.info = ApplicationInfo{d2b7180 com.android.bluetooth}, app.hostingType = service, getHostingName() = ComponentInfo{com.android.bluetooth/com.android.bluetooth.btservice.AdapterService}, getIntentFlag() = 0, getIsPackageRunning() = false, app = ProcessRecord{11483b9 2551:com.android.bluetooth/1002}, getExtraData() = Bundle[{SERVICE_INTENT=Intent { act=android.bluetooth.IBluetooth cmp=com.android.bluetooth/.btservice.AdapterService }, CALLER_PACKAGE=android}]
01-18 20:59:45.409  1449  3598 I ActivityManager: Process com.mit.reality.hack (pid 2075) has died: cch+5 CEM 
01-18 20:59:45.423  1449  1615 W ActivityManager: setHasOverlayUi called on unknown pid: 2075
01-18 20:59:46.927  1449  6960 W ActivityManager: Unable to start service Intent { cmp=com.evenwell.faceplusrecognition/.FacePlusService } U=0: not found
01-18 20:59:49.117  1449  3592 W ActivityManager: Permission Denial: Accessing service com.google.android.music/.dial.DialMediaRouteProviderService from pid=3835, uid=10061 that is not exported from uid 10133
01-18 20:59:52.032  1449  3592 I ActivityManager: Process com.android.bluetooth (pid 2551) has died: fore SVC 
01-18 20:59:55.360  1449  8956 W ActivityManager: Permission Denial: Accessing service com.google.android.music/.dial.DialMediaRouteProviderService from pid=3835, uid=10061 that is not exported from uid 10133
01-18 20:59:57.541  1449  3598 W ActivityManager: Permission Denial: Accessing service com.google.android.music/.dial.DialMediaRouteProviderService from pid=3835, uid=10061 that is not exported from uid 10133
01-18 20:59:57.773  1449  1615 D ActivityManager: Package [com.hmdglobal.camera2] have process
01-18 20:59:57.774  1449  1615 D ActivityManager: Package [com.hmdglobal.camera2] have process
01-18 20:59:57.790  1449  1634 I ActivityManager: Start proc 2752:com.hmdglobal.camera2/u0a52 for activity {com.hmdglobal.camera2/com.android.camera.CaptureSecurityActivity}
01-18 20:59:57.790  1449  1634 D ActivityManager: handleProcessStartedLocked mDoneFinishBooting && app.pid != 0 ---> notifyProcessStart, app.processName = com.hmdglobal.camera2, app.info = ApplicationInfo{d179c83 com.hmdglobal.camera2}, app.hostingType = activity, getHostingName() = ComponentInfo{com.hmdglobal.camera2/com.android.camera.CaptureSecurityActivity}, getIntentFlag() = 0, getIsPackageRunning() = true, app = ProcessRecord{50fbe00 2752:com.hmdglobal.camera2/u0a52}, getExtraData() = null
01-18 20:59:58.960  1449  6960 I ActivityManager: Process com.qualcomm.telephony (pid 23685) has died: cch+95 SVC 
01-18 20:59:58.964  1449  6960 W ActivityManager: Scheduling restart of crashed service com.qualcomm.atfwd/.AtFwdService in 1000ms
01-18 20:59:59.670  1449  8956 W ActivityManager: Unable to start service Intent { cmp=com.evenwell.faceplusrecognition/.FacePlusService } U=0: not found
01-18 21:00:00.029  1449  1634 I ActivityManager: Start proc 3000:com.qualcomm.telephony/u0a241 for service {com.qualcomm.atfwd/com.qualcomm.atfwd.AtFwdService}
01-18 21:00:00.029  1449  1634 D ActivityManager: handleProcessStartedLocked mDoneFinishBooting && app.pid != 0 ---> notifyProcessStart, app.processName = com.qualcomm.telephony, app.info = ApplicationInfo{139e136 com.qualcomm.atfwd}, app.hostingType = service, getHostingName() = ComponentInfo{com.qualcomm.atfwd/com.qualcomm.atfwd.AtFwdService}, getIntentFlag() = 0, getIsPackageRunning() = false, app = ProcessRecord{6afe7e3 3000:com.qualcomm.telephony/u0a241}, getExtraData() = Bundle[{SERVICE_INTENT=Intent { cmp=com.qualcomm.atfwd/.AtFwdService }, CALLER_PACKAGE=com.qualcomm.atfwd}]
