01-18 14:19:01.598  1449  6897 W ActivityManager: Unable to start service Intent { cmp=com.evenwell.faceplusrecognition/.FacePlusService } U=0: not found
01-18 14:19:06.711  1449  3592 I ActivityManager: Process com.android.bluetooth (pid 9414) has died: fore SVC 
01-18 14:21:31.758  1449  1634 I ActivityManager: Start proc 9625:com.Triplee.TripleeSocial/u0a563 for service {com.Triplee.TripleeSocial/com.onesignal.SyncJobService}
01-18 14:21:31.759  1449  1634 D ActivityManager: handleProcessStartedLocked mDoneFinishBooting && app.pid != 0 ---> notifyProcessStart, app.processName = com.Triplee.TripleeSocial, app.info = ApplicationInfo{71b5822 com.Triplee.TripleeSocial}, app.hostingType = service, getHostingName() = ComponentInfo{com.Triplee.TripleeSocial/com.onesignal.SyncJobService}, getIntentFlag() = 0, getIsPackageRunning() = false, app = ProcessRecord{1b1bb9b 9625:com.Triplee.TripleeSocial/u0a563}, getExtraData() = Bundle[{SERVICE_INTENT=Intent { cmp=com.Triplee.TripleeSocial/com.onesignal.SyncJobService }, CALLER_PACKAGE=android}]
01-18 14:42:06.692  1449  1634 I ActivityManager: Start proc 9882:com.google.android.youtube/u0a128 for service {com.google.android.youtube/androidx.work.impl.background.systemjob.SystemJobService}
01-18 14:42:06.692  1449  1634 D ActivityManager: handleProcessStartedLocked mDoneFinishBooting && app.pid != 0 ---> notifyProcessStart, app.processName = com.google.android.youtube, app.info = ApplicationInfo{651a96c com.google.android.youtube}, app.hostingType = service, getHostingName() = ComponentInfo{com.google.android.youtube/androidx.work.impl.background.systemjob.SystemJobService}, getIntentFlag() = 0, getIsPackageRunning() = false, app = ProcessRecord{7ec3b35 9882:com.google.android.youtube/u0a128}, getExtraData() = Bundle[{SERVICE_INTENT=Intent { cmp=com.google.android.youtube/androidx.work.impl.background.systemjob.SystemJobService }, CALLER_PACKAGE=android}]
01-18 14:42:07.155  1449  1634 I ActivityManager: Start proc 9928:com.google.android.apps.wellbeing/u0a169 for service {com.google.android.apps.wellbeing/com.firebase.jobdispatcher.GooglePlayReceiver}
01-18 14:42:07.156  1449  1634 D ActivityManager: handleProcessStartedLocked mDoneFinishBooting && app.pid != 0 ---> notifyProcessStart, app.processName = com.google.android.apps.wellbeing, app.info = ApplicationInfo{6e1b0c9 com.google.android.apps.wellbeing}, app.hostingType = service, getHostingName() = ComponentInfo{com.google.android.apps.wellbeing/com.firebase.jobdispatcher.GooglePlayReceiver}, getIntentFlag() = 0, getIsPackageRunning() = false, app = ProcessRecord{66bb3ce 9928:com.google.android.apps.wellbeing/u0a169}, getExtraData() = Bundle[{SERVICE_INTENT=Intent { act=com.google.android.gms.gcm.ACTION_TASK_READY cmp=com.google.android.apps.wellbeing/com.firebase.jobdispatcher.GooglePlayReceiver }, CALLER_PACKAGE=com.google.android.gms}]
01-18 14:42:07.811  1449  3632 W PackageManager: Cannot suspend package "com.android.vending": required for package verification
01-18 14:42:07.816  1449  3632 W PackageManager: Cannot suspend package "com.google.android.apps.work.oobconfig": protected package
01-18 14:42:07.816  1449  3632 W PackageManager: Cannot suspend the platform package: android
01-18 14:42:07.820  1449  3632 W PackageManager: Cannot suspend package "com.android.launcher3": contains the active launcher
01-18 14:42:07.831  1449  3632 W PackageManager: Cannot suspend package "com.google.android.dialer": is the default dialer
01-18 14:42:07.841  1449  3632 W PackageManager: Cannot suspend package "com.google.android.packageinstaller": required for package installation
01-18 14:42:07.841  1449  3632 W PackageManager: Cannot suspend package "com.google.android.gms": has an active device admin
01-18 14:42:07.874  1449  1634 I ActivityManager: Start proc 10052:com.android.chrome/u0a98 for service {com.android.chrome/org.chromium.chrome.browser.usage_stats.UsageStatsBrowserServiceProvider}
01-18 14:42:07.875  1449  1634 D ActivityManager: handleProcessStartedLocked mDoneFinishBooting && app.pid != 0 ---> notifyProcessStart, app.processName = com.android.chrome, app.info = ApplicationInfo{11ca250 com.android.chrome}, app.hostingType = service, getHostingName() = ComponentInfo{com.android.chrome/org.chromium.chrome.browser.usage_stats.UsageStatsBrowserServiceProvider}, getIntentFlag() = 0, getIsPackageRunning() = false, app = ProcessRecord{c85ac49 10052:com.android.chrome/u0a98}, getExtraData() = Bundle[{SERVICE_INTENT=Intent { cmp=com.android.chrome/org.chromium.chrome.browser.usage_stats.UsageStatsBrowserServiceProvider }, CALLER_PACKAGE=com.google.android.apps.wellbeing}]
01-18 14:42:07.933  1449  3632 W PackageManager: Cannot suspend package "com.google.android.permissioncontroller": required for permissions management
01-18 14:42:18.383  1449  6897 I ActivityManager: Killing 8214:com.google.android.gms.learning/u0a61 (adj 975): empty for 1803s
01-18 14:42:36.765  1449  3633 I ActivityManager: Killing 8305:com.google.android.keep/u0a136 (adj 985): empty for 1817s
01-18 14:42:36.785  1449  3484 I ActivityManager: Killing 7121:com.google.android.dialer/u0a66 (adj 985): empty for 1817s
--------- beginning of main
01-18 14:49:23.799  1449  1634 I ActivityManager: Start proc 10203:com.android.providers.calendar/u0a49 for content provider {com.android.providers.calendar/com.android.providers.calendar.CalendarProvider2}
01-18 14:49:23.799  1449  1634 D ActivityManager: handleProcessStartedLocked mDoneFinishBooting && app.pid != 0 ---> notifyProcessStart, app.processName = com.android.providers.calendar, app.info = ApplicationInfo{e6fa311 com.android.providers.calendar}, app.hostingType = content provider, getHostingName() = ComponentInfo{com.android.providers.calendar/com.android.providers.calendar.CalendarProvider2}, getIntentFlag() = 0, getIsPackageRunning() = false, app = ProcessRecord{95dcc76 10203:com.android.providers.calendar/u0a49}, getExtraData() = null
01-18 14:49:23.992  1449  2440 I ActivityManager: Killing 8278:com.google.android.gms.unstable/u0a61 (adj 995): empty for 2220s
01-18 14:49:24.036  1449  9443 W ActivityManager: Unable to start service Intent { act=com.google.firebase.MESSAGING_EVENT pkg=com.google.android.googlequicksearchbox } U=0: not found
01-18 14:49:24.850  1449  3597 W ActivityManager: Unable to start service Intent { act=com.google.firebase.MESSAGING_EVENT pkg=com.google.android.googlequicksearchbox } U=0: not found
01-18 14:49:38.649  1449  1633 I ActivityManager: Waited long enough for: ServiceRecord{1d3d987 u0 com.google.android.googlequicksearchbox/com.google.android.apps.gsa.shared.util.keepalive.StandaloneKeepAlive$KeepAliveService}
01-18 15:01:23.958  1449  1634 I ActivityManager: Start proc 10401:com.google.android.apps.nbu.files/u0a60 for service {com.google.android.apps.nbu.files/com.google.android.apps.nbu.files.junkdetection.JunkDetectionService}
01-18 15:01:23.958  1449  1634 D ActivityManager: handleProcessStartedLocked mDoneFinishBooting && app.pid != 0 ---> notifyProcessStart, app.processName = com.google.android.apps.nbu.files, app.info = ApplicationInfo{a44bc5 com.google.android.apps.nbu.files}, app.hostingType = service, getHostingName() = ComponentInfo{com.google.android.apps.nbu.files/com.google.android.apps.nbu.files.junkdetection.JunkDetectionService}, getIntentFlag() = 0, getIsPackageRunning() = false, app = ProcessRecord{468791a 10401:com.google.android.apps.nbu.files/u0a60}, getExtraData() = Bundle[{SERVICE_INTENT=Intent { cmp=com.google.android.apps.nbu.files/.junkdetection.JunkDetectionService }, CALLER_PACKAGE=android}]
01-18 15:01:24.777  1449  9443 I ActivityManager: Killing 8635:com.google.android.partnersetup/u0a67 (adj 985): empty for 2905s
01-18 15:01:40.042  1449  1634 I ActivityManager: Start proc 10474:com.hmdglobal.support/u0a71 for service {com.hmdglobal.support/androidx.work.impl.background.systemjob.SystemJobService}
01-18 15:01:40.042  1449  1634 D ActivityManager: handleProcessStartedLocked mDoneFinishBooting && app.pid != 0 ---> notifyProcessStart, app.processName = com.hmdglobal.support, app.info = ApplicationInfo{39c0fb6 com.hmdglobal.support}, app.hostingType = service, getHostingName() = ComponentInfo{com.hmdglobal.support/androidx.work.impl.background.systemjob.SystemJobService}, getIntentFlag() = 0, getIsPackageRunning() = false, app = ProcessRecord{30054b7 10474:com.hmdglobal.support/u0a71}, getExtraData() = Bundle[{SERVICE_INTENT=Intent { cmp=com.hmdglobal.support/androidx.work.impl.background.systemjob.SystemJobService }, CALLER_PACKAGE=android}]
01-18 15:01:41.003  1449  1634 I ActivityManager: Start proc 10568:com.google.android.webview:webview_service/u0a126 for service {com.google.android.webview/org.chromium.android_webview.services.VariationsSeedServer}
01-18 15:01:41.004  1449  1634 D ActivityManager: handleProcessStartedLocked mDoneFinishBooting && app.pid != 0 ---> notifyProcessStart, app.processName = com.google.android.webview:webview_service, app.info = ApplicationInfo{6446829 com.google.android.webview}, app.hostingType = service, getHostingName() = ComponentInfo{com.google.android.webview/org.chromium.android_webview.services.VariationsSeedServer}, getIntentFlag() = 0, getIsPackageRunning() = false, app = ProcessRecord{b9307ae 10568:com.google.android.webview:webview_service/u0a126}, getExtraData() = Bundle[{SERVICE_INTENT=Intent { cmp=com.google.android.webview/org.chromium.android_webview.services.VariationsSeedServer }, CALLER_PACKAGE=com.hmdglobal.support}]
01-18 15:01:41.060  1449  3634 D ActivityManager: Package [com.hmdglobal.support] have process
01-18 15:01:41.094  1449  1634 I ActivityManager: Start proc 10590:com.google.android.webview:sandboxed_process0:org.chromium.content.app.SandboxedProcessService0/u0i20 for  {com.hmdglobal.support/org.chromium.content.app.SandboxedProcessService0}
01-18 15:01:41.094  1449  1634 D ActivityManager: handleProcessStartedLocked mDoneFinishBooting && app.pid != 0 ---> notifyProcessStart, app.processName = com.google.android.webview:sandboxed_process0:org.chromium.content.app.SandboxedProcessService0, app.info = ApplicationInfo{1fa96e0 com.hmdglobal.support}, app.hostingType = , getHostingName() = null, getIntentFlag() = 0, getIsPackageRunning() = true, app = ProcessRecord{2eaad99 10590:com.google.android.webview:sandboxed_process0:org.chromium.content.app.SandboxedProcessService0/u0a71i20}, getExtraData() = Bundle[{SERVICE_INTENT=Intent { cmp=com.hmdglobal.support/org.chromium.content.app.SandboxedProcessService0 }, CALLER_PACKAGE=com.hmdglobal.support}]
01-18 15:01:41.699  1449  6861 I ActivityManager: Killing 5472:android.process.acore/u0a45 (adj 995): empty for 2904s
01-18 15:01:41.834  1449  6861 I ActivityManager: Killing 4063:com.android.keychain/1000 (adj 995): empty for 2757s
01-18 15:01:41.836  1449  6861 I ActivityManager: Killing 8711:com.hmdglobal.camera2/u0a52 (adj 995): empty for 2802s
01-18 15:02:08.702  1449  1634 I ActivityManager: Start proc 10684:com.evenwell.AprUploadService/u0a47 for service {com.evenwell.AprUploadService/com.fihtdc.AprUploadService.service.job.PiggybackCheckJobService}
01-18 15:02:08.702  1449  1634 D ActivityManager: handleProcessStartedLocked mDoneFinishBooting && app.pid != 0 ---> notifyProcessStart, app.processName = com.evenwell.AprUploadService, app.info = ApplicationInfo{31223a0 com.evenwell.AprUploadService}, app.hostingType = service, getHostingName() = ComponentInfo{com.evenwell.AprUploadService/com.fihtdc.AprUploadService.service.job.PiggybackCheckJobService}, getIntentFlag() = 0, getIsPackageRunning() = false, app = ProcessRecord{3541b59 10684:com.evenwell.AprUploadService/u0a47}, getExtraData() = Bundle[{SERVICE_INTENT=Intent { cmp=com.evenwell.AprUploadService/com.fihtdc.AprUploadService.service.job.PiggybackCheckJobService }, CALLER_PACKAGE=android}]
01-18 15:02:08.968  1449  8956 I ActivityManager: Killing 4091:com.google.android.gms.ui/u0a61 (adj 995): empty for 2784s
01-18 15:03:38.865  1449  3597 I ActivityManager: Process com.evenwell.hdrservice (pid 3487) has died: cch+99 SVC 
01-18 15:03:38.870  1449  3597 W ActivityManager: Scheduling restart of crashed service com.evenwell.hdrservice/.HDRService in 1000ms
01-18 15:03:39.913  1449  1634 I ActivityManager: Start proc 10739:com.evenwell.hdrservice/1000 for service {com.evenwell.hdrservice/com.evenwell.hdrservice.HDRService}
01-18 15:03:39.914  1449  1634 D ActivityManager: handleProcessStartedLocked mDoneFinishBooting && app.pid != 0 ---> notifyProcessStart, app.processName = com.evenwell.hdrservice, app.info = ApplicationInfo{dcbdb30 com.evenwell.hdrservice}, app.hostingType = service, getHostingName() = ComponentInfo{com.evenwell.hdrservice/com.evenwell.hdrservice.HDRService}, getIntentFlag() = 0, getIsPackageRunning() = false, app = ProcessRecord{3b523a9 10739:com.evenwell.hdrservice/1000}, getExtraData() = Bundle[{SERVICE_INTENT=Intent { cmp=com.evenwell.hdrservice/.HDRService }, CALLER_PACKAGE=android}]
01-18 15:03:40.062  1449  9452 I ActivityManager: Process com.qualcomm.qti.workloadclassifier (pid 7491) has died: cch+95 SVC 
01-18 15:03:40.067  1449  9452 W ActivityManager: Scheduling restart of crashed service com.qualcomm.qti.workloadclassifier/.WLCService in 1000ms
01-18 15:03:41.122  1449  1634 I ActivityManager: Start proc 10763:com.qualcomm.qti.workloadclassifier/1000 for service {com.qualcomm.qti.workloadclassifier/com.qualcomm.qti.workloadclassifier.WLCService}
01-18 15:03:41.123  1449  1634 D ActivityManager: handleProcessStartedLocked mDoneFinishBooting && app.pid != 0 ---> notifyProcessStart, app.processName = com.qualcomm.qti.workloadclassifier, app.info = ApplicationInfo{e89bfcb com.qualcomm.qti.workloadclassifier}, app.hostingType = service, getHostingName() = ComponentInfo{com.qualcomm.qti.workloadclassifier/com.qualcomm.qti.workloadclassifier.WLCService}, getIntentFlag() = 0, getIsPackageRunning() = false, app = ProcessRecord{753eb78 10763:com.qualcomm.qti.workloadclassifier/1000}, getExtraData() = Bundle[{SERVICE_INTENT=Intent { cmp=com.qualcomm.qti.workloadclassifier/.WLCService }, CALLER_PACKAGE=com.qualcomm.qti.workloadclassifier}]
01-18 15:10:16.924  1449  1633 I ActivityManager: Force stopping com.mit.reality.hack appid=10635 user=-1: installPackageLI
01-18 15:10:16.924  1449  1653 I PackageManager: Update package com.mit.reality.hack code path from /data/app/com.mit.reality.hack-HkZkLLHu2LY6AzHuz4RB9w== to /data/app/com.mit.reality.hack-R8mHQVMA6ZU0tyASgVeq5A==; Retain data and using new
01-18 15:10:16.924  1449  1653 I PackageManager: Update package com.mit.reality.hack resource path from /data/app/com.mit.reality.hack-HkZkLLHu2LY6AzHuz4RB9w== to /data/app/com.mit.reality.hack-R8mHQVMA6ZU0tyASgVeq5A==; Retain data and using new
01-18 15:10:17.052  1449  1653 I PackageManager: Un-granting permission android.permission.MANAGE_DOCUMENTS from package com.google.android.youtube (protectionLevel=262146 flags=0x30dbbec5)
01-18 15:10:17.053  1449  1653 I PackageManager: Un-granting permission android.permission.MANAGE_USB from package com.google.android.googlequicksearchbox (protectionLevel=18 flags=0xb0dbbec5)
01-18 15:10:17.053  1449  1653 I PackageManager: Un-granting permission com.google.android.googleapps.permission.GOOGLE_AUTH from package com.android.providers.calendar (protectionLevel=2 flags=0x3088be45)
01-18 15:10:17.053  1449  1653 I PackageManager: Un-granting permission com.google.android.googleapps.permission.GOOGLE_AUTH.cl from package com.android.providers.calendar (protectionLevel=2 flags=0x3088be45)
01-18 15:10:17.054  1449  1653 I PackageManager: Un-granting permission com.google.android.setupwizard.READ_DEVICE_ORIGIN from package com.google.android.apps.messaging (protectionLevel=18 flags=0x38cbbec5)
01-18 15:10:17.055  1449  1653 I PackageManager: Un-granting permission android.permission.ACCESS_DOWNLOAD_MANAGER from package com.microsoft.office.officelens (protectionLevel=18 flags=0x30d83e44)
01-18 15:10:17.055  1449  1653 I PackageManager: Un-granting permission android.permission.SEND_DOWNLOAD_COMPLETED_INTENTS from package com.android.vending (protectionLevel=2 flags=0x38cabec5)
01-18 15:10:17.056  1449  1653 I PackageManager: Un-granting permission android.permission.WRITE_SETTINGS from package com.microsoft.skydrive (protectionLevel=1218 flags=0x30d83e44)
01-18 15:10:17.056  1449  1653 I PackageManager: Un-granting permission android.permission.REQUEST_INSTALL_PACKAGES from package com.microsoft.skydrive (protectionLevel=66 flags=0x30d83e44)
01-18 15:10:17.056  1449  1653 I PackageManager: Un-granting permission android.permission.SYSTEM_ALERT_WINDOW from package com.rnunitydemo (protectionLevel=1250 flags=0x3888be46)
01-18 15:10:17.058  1449  1653 I PackageManager: Un-granting permission android.permission.REQUEST_INSTALL_PACKAGES from package com.instagram.android (protectionLevel=66 flags=0x30c83e64)
01-18 15:10:17.058  1449  1653 I PackageManager: Un-granting permission com.google.android.providers.gsf.permission.WRITE_GSERVICES from package com.google.android.as (protectionLevel=18 flags=0x30c8be44)
01-18 15:10:17.058  1449  1653 I PackageManager: Un-granting permission android.permission.REQUEST_INSTALL_PACKAGES from package com.google.android.gm (protectionLevel=66 flags=0x38cbbec5)
01-18 15:10:17.059  1449  1653 I PackageManager: Un-granting permission android.permission.REQUEST_INSTALL_PACKAGES from package com.moodle.moodlemobile (protectionLevel=66 flags=0x38c8be44)
01-18 15:10:17.060  1449  1653 I PackageManager: Un-granting permission android.permission.WRITE_SETTINGS from package com.google.android.music (protectionLevel=1218 flags=0x38cbbe64)
01-18 15:10:17.060  1449  1653 I PackageManager: Un-granting permission android.permission.BIND_JOB_SERVICE from package com.google.android.music (protectionLevel=2 flags=0x38cbbe64)
01-18 15:10:17.061  1449  1653 I PackageManager: Un-granting permission android.permission.LOCATION_HARDWARE from package com.google.android.apps.wellbeing (protectionLevel=18 flags=0x20cbbec5)
01-18 15:10:17.061  1449  1653 I PackageManager: Un-granting permission android.permission.WRITE_SECURE_SETTINGS from package com.google.android.dialer (protectionLevel=50 flags=0x20cbbec5)
01-18 15:10:17.062  1449  1653 I PackageManager: Un-granting permission android.permission.REQUEST_INSTALL_PACKAGES from package com.google.android.apps.nbu.files (protectionLevel=66 flags=0x30c83ec5)
01-18 15:10:17.062  1449  1653 I PackageManager: Un-granting permission android.permission.REQUEST_INSTALL_PACKAGES from package com.google.android.apps.docs (protectionLevel=66 flags=0x38cbbec5)
01-18 15:10:17.063  1449  1653 I PackageManager: Un-granting permission android.permission.REQUEST_INSTALL_PACKAGES from package com.oculus.twilight (protectionLevel=66 flags=0x30c83e44)
01-18 15:10:17.063  1449  1653 I PackageManager: Un-granting permission com.google.android.gm.permission.READ_GMAIL from package com.google.android.contacts (protectionLevel=2 flags=0x30cbbec5)
01-18 15:10:17.063  1449  1653 I PackageManager: Un-granting permission com.google.android.googleapps.permission.GOOGLE_AUTH from package com.google.android.contacts (protectionLevel=2 flags=0x30cbbec5)
01-18 15:10:17.063  1449  1653 I PackageManager: Un-granting permission android.permission.INTERACT_ACROSS_USERS from package com.google.android.syncadapters.contacts (protectionLevel=50 flags=0x20883e45)
01-18 15:10:17.064  1449  1653 I PackageManager: Un-granting permission android.permission.REQUEST_INSTALL_PACKAGES from package com.android.chrome (protectionLevel=66 flags=0xa0cbbec5)
01-18 15:10:17.064  1449  1653 I PackageManager: Un-granting permission android.permission.CAPTURE_VIDEO_OUTPUT from package com.google.android.gms (protectionLevel=2 flags=0xa0cabec5)
01-18 15:10:17.065  1449  1653 I PackageManager: Un-granting permission android.permission.MANAGE_DEVICE_ADMINS from package com.google.android.gms (protectionLevel=2 flags=0xa0cabec5)
01-18 15:10:17.065  1449  1653 I PackageManager: Un-granting permission android.permission.MANAGE_ACTIVITY_STACKS from package com.google.android.gms (protectionLevel=2 flags=0xa0cabec5)
01-18 15:10:17.065  1449  1653 I PackageManager: Un-granting permission android.permission.CAPTURE_SECURE_VIDEO_OUTPUT from package com.google.android.gms (protectionLevel=2 flags=0xa0cabec5)
01-18 15:10:17.066  1449  1653 I PackageManager: Un-granting permission com.google.android.googleapps.permission.GOOGLE_AUTH from package com.google.android.videos (protectionLevel=2 flags=0x30dbbe44)
01-18 15:10:17.067  1449  1653 I PackageManager: Un-granting permission android.permission.WRITE_MEDIA_STORAGE from package com.google.android.apps.photos (protectionLevel=18 flags=0x38d9bec5)
01-18 15:10:17.068  1449  1653 I PackageManager: Un-granting permission android.permission.WRITE_SETTINGS from package com.glgjing.stark (protectionLevel=1218 flags=0x3088be44)
01-18 15:10:17.068  1449  1653 I PackageManager: Un-granting permission android.permission.SYSTEM_ALERT_WINDOW from package com.glgjing.stark (protectionLevel=1250 flags=0x3088be44)
01-18 15:10:17.068  1449  1653 I PackageManager: Un-granting permission android.permission.PACKAGE_USAGE_STATS from package com.glgjing.stark (protectionLevel=114 flags=0x3088be44)
01-18 15:10:17.069  1449  1653 I PackageManager: Un-granting permission android.permission.PACKAGE_USAGE_STATS from package com.hmdglobal.support (protectionLevel=114 flags=0x30c8bec5)
01-18 15:10:17.070  1449  1653 I PackageManager: Un-granting permission android.permission.DUMP from package com.google.android.apps.turbo (protectionLevel=50 flags=0x30cbbec5)
01-18 15:10:17.070  1449  1653 I PackageManager: Un-granting permission android.permission.READ_WALLPAPER_INTERNAL from package com.google.android.apps.wallpaper (protectionLevel=18 flags=0x38cbbec5)
01-18 15:10:17.993  1449  1653 I PackageManager: [SW3]StatsLog PKG_ADM__ADM__MODIFY, isSystemApp:false
01-18 15:10:18.044  1449  1653 I ActivityManager: Force stopping com.mit.reality.hack appid=10635 user=0: pkg removed
01-18 15:10:18.145  1449  1634 I ActivityManager: Start proc 10872:com.android.keychain/1000 for service {com.android.keychain/com.android.keychain.KeyChainService}
01-18 15:10:18.146  1449  1634 D ActivityManager: handleProcessStartedLocked mDoneFinishBooting && app.pid != 0 ---> notifyProcessStart, app.processName = com.android.keychain, app.info = ApplicationInfo{2351099 com.android.keychain}, app.hostingType = service, getHostingName() = ComponentInfo{com.android.keychain/com.android.keychain.KeyChainService}, getIntentFlag() = 0, getIsPackageRunning() = false, app = ProcessRecord{985c8bf 10872:com.android.keychain/1000}, getExtraData() = Bundle[{SERVICE_INTENT=Intent { act=android.intent.action.PACKAGE_REMOVED cmp=com.android.keychain/.KeyChainService }, CALLER_PACKAGE=android}]
01-18 15:10:18.217  1449  3484 D ActivityManager: Package [com.google.android.gms] have process
01-18 15:10:18.238  1449  1634 I ActivityManager: Start proc 10901:com.google.android.gms.ui/u0a61 for service {com.google.android.gms/com.google.android.gms.chimera.UiIntentOperationService}
01-18 15:10:18.238  1449  1634 D ActivityManager: handleProcessStartedLocked mDoneFinishBooting && app.pid != 0 ---> notifyProcessStart, app.processName = com.google.android.gms.ui, app.info = ApplicationInfo{f1e10b7 com.google.android.gms}, app.hostingType = service, getHostingName() = ComponentInfo{com.google.android.gms/com.google.android.gms.chimera.UiIntentOperationService}, getIntentFlag() = 0, getIsPackageRunning() = true, app = ProcessRecord{d6f1024 10901:com.google.android.gms.ui/u0a61}, getExtraData() = Bundle[{SERVICE_INTENT=Intent { act=com.google.android.gms.autofill.sharedpreferences.SLAVE cat=[targeted_intent_op_prefix:.autofill.sharedpreferences.RemoteIntentOperation] cmp=com.google.android.gms/.chimera.UiIntentOperationService }, CALLER_PACKAGE=com.google.android.gms}]
01-18 15:10:27.877  1449  2785 W ActivityManager: Permission Denial: Accessing service com.google.android.music/.dial.DialMediaRouteProviderService from pid=3835, uid=10061 that is not exported from uid 10133
01-18 15:10:28.588  1449  3632 I ActivityManager: Process com.qualcomm.telephony (pid 7516) has died: cch+95 SVC 
01-18 15:10:28.589  1449  3632 W ActivityManager: Scheduling restart of crashed service com.qualcomm.atfwd/.AtFwdService in 1000ms
01-18 15:10:29.126  1449  1634 I ActivityManager: Start proc 11013:com.android.bluetooth/1002 for service {com.android.bluetooth/com.android.bluetooth.btservice.AdapterService}
01-18 15:10:29.126  1449  1634 D ActivityManager: handleProcessStartedLocked mDoneFinishBooting && app.pid != 0 ---> notifyProcessStart, app.processName = com.android.bluetooth, app.info = ApplicationInfo{b9846ab com.android.bluetooth}, app.hostingType = service, getHostingName() = ComponentInfo{com.android.bluetooth/com.android.bluetooth.btservice.AdapterService}, getIntentFlag() = 0, getIsPackageRunning() = false, app = ProcessRecord{8a06108 11013:com.android.bluetooth/1002}, getExtraData() = Bundle[{SERVICE_INTENT=Intent { act=android.bluetooth.IBluetooth cmp=com.android.bluetooth/.btservice.AdapterService }, CALLER_PACKAGE=android}]
01-18 15:10:29.611  1449  1634 I ActivityManager: Start proc 11058:com.qualcomm.telephony/u0a241 for service {com.qualcomm.atfwd/com.qualcomm.atfwd.AtFwdService}
01-18 15:10:29.612  1449  1634 D ActivityManager: handleProcessStartedLocked mDoneFinishBooting && app.pid != 0 ---> notifyProcessStart, app.processName = com.qualcomm.telephony, app.info = ApplicationInfo{139e136 com.qualcomm.atfwd}, app.hostingType = service, getHostingName() = ComponentInfo{com.qualcomm.atfwd/com.qualcomm.atfwd.AtFwdService}, getIntentFlag() = 0, getIsPackageRunning() = false, app = ProcessRecord{95ccad6 11058:com.qualcomm.telephony/u0a241}, getExtraData() = Bundle[{SERVICE_INTENT=Intent { cmp=com.qualcomm.atfwd/.AtFwdService }, CALLER_PACKAGE=com.qualcomm.atfwd}]
01-18 15:10:32.825  1449  1615 D ActivityManager: Package [com.mit.reality.hack] have process
01-18 15:10:32.842  1449  1634 I ActivityManager: Start proc 11105:com.mit.reality.hack/u0a635 for activity {com.mit.reality.hack/com.unity3d.player.UnityPlayerActivity}
01-18 15:10:32.843  1449  1634 D ActivityManager: handleProcessStartedLocked mDoneFinishBooting && app.pid != 0 ---> notifyProcessStart, app.processName = com.mit.reality.hack, app.info = ApplicationInfo{71ae47 com.mit.reality.hack}, app.hostingType = activity, getHostingName() = ComponentInfo{com.mit.reality.hack/com.unity3d.player.UnityPlayerActivity}, getIntentFlag() = 0, getIsPackageRunning() = true, app = ProcessRecord{56b0674 11105:com.mit.reality.hack/u0a635}, getExtraData() = null
01-18 15:10:38.752  1449  3586 I ActivityManager: Process com.hmdglobal.datago (pid 8947) has died: cch+85 SVC 
01-18 15:10:38.755  1449  3586 W ActivityManager: Scheduling restart of crashed service com.hmdglobal.datago/.DataGoService in 1000ms
01-18 15:10:39.178  1449  6960 I ActivityManager: Process com.android.bluetooth (pid 11013) has died: fore SVC 
01-18 15:10:39.777  1449  1634 I ActivityManager: Start proc 11301:com.hmdglobal.datago/u0a174 for service {com.hmdglobal.datago/com.hmdglobal.datago.DataGoService}
01-18 15:10:39.777  1449  1634 D ActivityManager: handleProcessStartedLocked mDoneFinishBooting && app.pid != 0 ---> notifyProcessStart, app.processName = com.hmdglobal.datago, app.info = ApplicationInfo{bc56278 com.hmdglobal.datago}, app.hostingType = service, getHostingName() = ComponentInfo{com.hmdglobal.datago/com.hmdglobal.datago.DataGoService}, getIntentFlag() = 0, getIsPackageRunning() = false, app = ProcessRecord{43bef7e 11301:com.hmdglobal.datago/u0a174}, getExtraData() = Bundle[{SERVICE_INTENT=Intent { cmp=com.hmdglobal.datago/.DataGoService }, CALLER_PACKAGE=com.hmdglobal.datago}]
01-18 15:10:45.437  1449  2785 I ActivityManager: Killing 8448:com.google.android.apps.messaging/u0a113 (adj 985): empty for 3109s
01-18 15:10:55.056  1449  1634 I ActivityManager: Start proc 11431:com.google.android.apps.turbo:aab/u0a173 for service {com.google.android.apps.turbo/com.google.android.libraries.smartbattery.appusage.library.InferAppBucketsJob}
01-18 15:10:55.057  1449  1634 D ActivityManager: handleProcessStartedLocked mDoneFinishBooting && app.pid != 0 ---> notifyProcessStart, app.processName = com.google.android.apps.turbo:aab, app.info = ApplicationInfo{53f930c com.google.android.apps.turbo}, app.hostingType = service, getHostingName() = ComponentInfo{com.google.android.apps.turbo/com.google.android.libraries.smartbattery.appusage.library.InferAppBucketsJob}, getIntentFlag() = 0, getIsPackageRunning() = false, app = ProcessRecord{2277455 11431:com.google.android.apps.turbo:aab/u0a173}, getExtraData() = Bundle[{SERVICE_INTENT=Intent { cmp=com.google.android.apps.turbo/com.google.android.libraries.smartbattery.appusage.library.InferAppBucketsJob }, CALLER_PACKAGE=android}]
01-18 15:11:14.844  1449  1634 I ActivityManager: Start proc 11505:com.android.bluetooth/1002 for service {com.android.bluetooth/com.android.bluetooth.btservice.AdapterService}
01-18 15:11:14.844  1449  1634 D ActivityManager: handleProcessStartedLocked mDoneFinishBooting && app.pid != 0 ---> notifyProcessStart, app.processName = com.android.bluetooth, app.info = ApplicationInfo{72c5195 com.android.bluetooth}, app.hostingType = service, getHostingName() = ComponentInfo{com.android.bluetooth/com.android.bluetooth.btservice.AdapterService}, getIntentFlag() = 0, getIsPackageRunning() = false, app = ProcessRecord{cf852aa 11505:com.android.bluetooth/1002}, getExtraData() = Bundle[{SERVICE_INTENT=Intent { act=android.bluetooth.IBluetooth cmp=com.android.bluetooth/.btservice.AdapterService }, CALLER_PACKAGE=android}]
01-18 15:11:14.885  1449  6861 I ActivityManager: Process com.mit.reality.hack (pid 11105) has died: cch+5 CEM 
01-18 15:11:14.903  1449  1615 W ActivityManager: setHasOverlayUi called on unknown pid: 11105
01-18 15:11:16.474  1449  3586 W ActivityManager: Unable to start service Intent { cmp=com.evenwell.faceplusrecognition/.FacePlusService } U=0: not found
01-18 15:11:21.629  1449  3586 I ActivityManager: Process com.android.bluetooth (pid 11505) has died: fore SVC 
01-18 15:11:32.436  1449  1634 I ActivityManager: Start proc 11564:com.microsoft.skydrive/u0a213 for service {com.microsoft.skydrive/com.microsoft.skydrive.jobs.UpdateMetadataForOfflineFilesJob}
01-18 15:11:32.437  1449  1634 D ActivityManager: handleProcessStartedLocked mDoneFinishBooting && app.pid != 0 ---> notifyProcessStart, app.processName = com.microsoft.skydrive, app.info = ApplicationInfo{ea7825e com.microsoft.skydrive}, app.hostingType = service, getHostingName() = ComponentInfo{com.microsoft.skydrive/com.microsoft.skydrive.jobs.UpdateMetadataForOfflineFilesJob}, getIntentFlag() = 0, getIsPackageRunning() = false, app = ProcessRecord{d27d807 11564:com.microsoft.skydrive/u0a213}, getExtraData() = Bundle[{SERVICE_INTENT=Intent { cmp=com.microsoft.skydrive/.jobs.UpdateMetadataForOfflineFilesJob }, CALLER_PACKAGE=android}]
01-18 15:11:34.082  1449  6897 W ActivityManager: Background start not allowed: service Intent { cmp=com.microsoft.skydrive/com.microsoft.odsp.task.TaskService } to com.microsoft.skydrive/com.microsoft.odsp.task.TaskService from pid=11564 uid=10213 pkg=com.microsoft.skydrive startFg?=false
01-18 15:12:09.649  1449  3634 I ActivityManager: Killing 9928:com.google.android.apps.wellbeing/u0a169 (adj 985): empty for 1800s
01-18 15:12:09.663  1449  3634 I ActivityManager: Killing 10052:com.android.chrome/u0a98 (adj 985): empty for 1800s
01-18 15:12:09.669  1449  3634 I ActivityManager: Killing 9882:com.google.android.youtube/u0a128 (adj 995): empty for 1801s
01-18 15:12:59.120  1449  1634 I ActivityManager: Start proc 11695:com.google.android.partnersetup/u0a67 for service {com.google.android.partnersetup/com.google.android.partnersetup.InstalledAppJobService}
01-18 15:12:59.121  1449  1634 D ActivityManager: handleProcessStartedLocked mDoneFinishBooting && app.pid != 0 ---> notifyProcessStart, app.processName = com.google.android.partnersetup, app.info = ApplicationInfo{abd9c9d com.google.android.partnersetup}, app.hostingType = service, getHostingName() = ComponentInfo{com.google.android.partnersetup/com.google.android.partnersetup.InstalledAppJobService}, getIntentFlag() = 0, getIsPackageRunning() = false, app = ProcessRecord{6e1b512 11695:com.google.android.partnersetup/u0a67}, getExtraData() = Bundle[{SERVICE_INTENT=Intent { cmp=com.google.android.partnersetup/.InstalledAppJobService }, CALLER_PACKAGE=android}]
01-18 15:13:55.075  1449  3632 W ActivityManager: Permission Denial: Accessing service com.google.android.music/.dial.DialMediaRouteProviderService from pid=3835, uid=10061 that is not exported from uid 10133
01-18 15:13:57.663  1449  8163 W ActivityManager: Permission Denial: Accessing service com.google.android.music/.dial.DialMediaRouteProviderService from pid=3835, uid=10061 that is not exported from uid 10133
01-18 15:13:59.249  1449  1634 I ActivityManager: Start proc 11799:com.android.bluetooth/1002 for service {com.android.bluetooth/com.android.bluetooth.btservice.AdapterService}
01-18 15:13:59.250  1449  1634 D ActivityManager: handleProcessStartedLocked mDoneFinishBooting && app.pid != 0 ---> notifyProcessStart, app.processName = com.android.bluetooth, app.info = ApplicationInfo{7aa749a com.android.bluetooth}, app.hostingType = service, getHostingName() = ComponentInfo{com.android.bluetooth/com.android.bluetooth.btservice.AdapterService}, getIntentFlag() = 0, getIsPackageRunning() = false, app = ProcessRecord{c36c1cb 11799:com.android.bluetooth/1002}, getExtraData() = Bundle[{SERVICE_INTENT=Intent { act=android.bluetooth.IBluetooth cmp=com.android.bluetooth/.btservice.AdapterService }, CALLER_PACKAGE=android}]
01-18 15:13:59.672  1449  1615 D ActivityManager: Package [com.mit.reality.hack] have process
01-18 15:13:59.694  1449  1634 I ActivityManager: Start proc 11846:com.mit.reality.hack/u0a635 for activity {com.mit.reality.hack/com.unity3d.player.UnityPlayerActivity}
01-18 15:13:59.694  1449  1634 D ActivityManager: handleProcessStartedLocked mDoneFinishBooting && app.pid != 0 ---> notifyProcessStart, app.processName = com.mit.reality.hack, app.info = ApplicationInfo{71ae47 com.mit.reality.hack}, app.hostingType = activity, getHostingName() = ComponentInfo{com.mit.reality.hack/com.unity3d.player.UnityPlayerActivity}, getIntentFlag() = 0, getIsPackageRunning() = true, app = ProcessRecord{6b34b5a 11846:com.mit.reality.hack/u0a635}, getExtraData() = null
01-18 15:14:06.026  1449  3632 I ActivityManager: Process com.android.bluetooth (pid 11799) has died: fore SVC 
01-18 15:14:15.089  1449  5962 I ActivityManager: Process com.evenwell.batteryprotect (pid 9316) has died: cch+85 SVC 
01-18 15:14:15.093  1449  5962 W ActivityManager: Scheduling restart of crashed service com.evenwell.batteryprotect/.DetectBatteryService in 1000ms
01-18 15:14:16.118  1449  1634 I ActivityManager: Start proc 12119:com.evenwell.batteryprotect/1000 for service {com.evenwell.batteryprotect/com.evenwell.batteryprotect.DetectBatteryService}
01-18 15:14:16.118  1449  1634 D ActivityManager: handleProcessStartedLocked mDoneFinishBooting && app.pid != 0 ---> notifyProcessStart, app.processName = com.evenwell.batteryprotect, app.info = ApplicationInfo{a19b81e com.evenwell.batteryprotect}, app.hostingType = service, getHostingName() = ComponentInfo{com.evenwell.batteryprotect/com.evenwell.batteryprotect.DetectBatteryService}, getIntentFlag() = 0, getIsPackageRunning() = false, app = ProcessRecord{680333b 12119:com.evenwell.batteryprotect/1000}, getExtraData() = Bundle[{SERVICE_INTENT=Intent { cmp=com.evenwell.batteryprotect/.DetectBatteryService }, CALLER_PACKAGE=com.evenwell.batteryprotect}]
01-18 15:14:37.893 11846 11870 E Unity   : NullReferenceException: Object reference not set to an instance of an object
01-18 15:14:37.893 11846 11870 E Unity   :   at UpdateProgressDisplay.UpdateText (System.Single percentage) [0x0001d] in <117bb4f863444190a2260a8bf94cc007>:0 
01-18 15:14:37.893 11846 11870 E Unity   :   at UnityEngine.Events.InvokableCall`1[T1].Invoke (T1 args0) [0x00011] in <38e8064b9da648b081580a64b9f8f73e>:0 
01-18 15:14:37.893 11846 11870 E Unity   :   at UnityEngine.Events.UnityEvent`1[T0].Invoke (T0 arg0) [0x00023] in <38e8064b9da648b081580a64b9f8f73e>:0 
01-18 15:14:37.893 11846 11870 E Unity   :   at AnchorInit+<>c__DisplayClass12_0.<SaveCurrentObjectAnchorToCloudAsync>b__0 () [0x00000] in <117bb4f863444190a2260a8bf94cc007>:0 
01-18 15:14:37.893 11846 11870 E Unity   :   at Microsoft.Azure.SpatialAnchors.Unity.UnityDispatcher.Update () [0x0003f] in <117bb4f863444190a2260a8bf94cc007>:0 
01-18 15:14:37.893 11846 11870 E Unity   :  
01-18 15:14:37.893 11846 11870 E Unity   : (Filename: <117bb4f863444190a2260a8bf94cc007> Line: 0)
01-18 15:14:37.893 11846 11870 E Unity   : 
01-18 15:14:38.228 11846 11870 E Unity   : NullReferenceException: Object reference not set to an instance of an object
01-18 15:14:38.228 11846 11870 E Unity   :   at UpdateProgressDisplay.UpdateText (System.Single percentage) [0x0001d] in <117bb4f863444190a2260a8bf94cc007>:0 
01-18 15:14:38.228 11846 11870 E Unity   :   at UnityEngine.Events.InvokableCall`1[T1].Invoke (T1 args0) [0x00011] in <38e8064b9da648b081580a64b9f8f73e>:0 
01-18 15:14:38.228 11846 11870 E Unity   :   at UnityEngine.Events.UnityEvent`1[T0].Invoke (T0 arg0) [0x00023] in <38e8064b9da648b081580a64b9f8f73e>:0 
01-18 15:14:38.228 11846 11870 E Unity   :   at AnchorInit+<>c__DisplayClass12_0.<SaveCurrentObjectAnchorToCloudAsync>b__0 () [0x00000] in <117bb4f863444190a2260a8bf94cc007>:0 
01-18 15:14:38.228 11846 11870 E Unity   :   at Microsoft.Azure.SpatialAnchors.Unity.UnityDispatcher.Update () [0x0003f] in <117bb4f863444190a2260a8bf94cc007>:0 
01-18 15:14:38.228 11846 11870 E Unity   :  
01-18 15:14:38.228 11846 11870 E Unity   : (Filename: <117bb4f863444190a2260a8bf94cc007> Line: 0)
01-18 15:14:38.228 11846 11870 E Unity   : 
01-18 15:14:38.560 11846 11870 E Unity   : NullReferenceException: Object reference not set to an instance of an object
01-18 15:14:38.560 11846 11870 E Unity   :   at UpdateProgressDisplay.UpdateText (System.Single percentage) [0x0001d] in <117bb4f863444190a2260a8bf94cc007>:0 
01-18 15:14:38.560 11846 11870 E Unity   :   at UnityEngine.Events.InvokableCall`1[T1].Invoke (T1 args0) [0x00011] in <38e8064b9da648b081580a64b9f8f73e>:0 
01-18 15:14:38.560 11846 11870 E Unity   :   at UnityEngine.Events.UnityEvent`1[T0].Invoke (T0 arg0) [0x00023] in <38e8064b9da648b081580a64b9f8f73e>:0 
01-18 15:14:38.560 11846 11870 E Unity   :   at AnchorInit+<>c__DisplayClass12_0.<SaveCurrentObjectAnchorToCloudAsync>b__0 () [0x00000] in <117bb4f863444190a2260a8bf94cc007>:0 
01-18 15:14:38.560 11846 11870 E Unity   :   at Microsoft.Azure.SpatialAnchors.Unity.UnityDispatcher.Update () [0x0003f] in <117bb4f863444190a2260a8bf94cc007>:0 
01-18 15:14:38.560 11846 11870 E Unity   :  
01-18 15:14:38.560 11846 11870 E Unity   : (Filename: <117bb4f863444190a2260a8bf94cc007> Line: 0)
01-18 15:14:38.560 11846 11870 E Unity   : 
01-18 15:14:38.892 11846 11870 E Unity   : NullReferenceException: Object reference not set to an instance of an object
01-18 15:14:38.892 11846 11870 E Unity   :   at UpdateProgressDisplay.UpdateText (System.Single percentage) [0x0001d] in <117bb4f863444190a2260a8bf94cc007>:0 
01-18 15:14:38.892 11846 11870 E Unity   :   at UnityEngine.Events.InvokableCall`1[T1].Invoke (T1 args0) [0x00011] in <38e8064b9da648b081580a64b9f8f73e>:0 
01-18 15:14:38.892 11846 11870 E Unity   :   at UnityEngine.Events.UnityEvent`1[T0].Invoke (T0 arg0) [0x00023] in <38e8064b9da648b081580a64b9f8f73e>:0 
01-18 15:14:38.892 11846 11870 E Unity   :   at AnchorInit+<>c__DisplayClass12_0.<SaveCurrentObjectAnchorToCloudAsync>b__0 () [0x00000] in <117bb4f863444190a2260a8bf94cc007>:0 
01-18 15:14:38.892 11846 11870 E Unity   :   at Microsoft.Azure.SpatialAnchors.Unity.UnityDispatcher.Update () [0x0003f] in <117bb4f863444190a2260a8bf94cc007>:0 
01-18 15:14:38.892 11846 11870 E Unity   :  
01-18 15:14:38.892 11846 11870 E Unity   : (Filename: <117bb4f863444190a2260a8bf94cc007> Line: 0)
01-18 15:14:38.892 11846 11870 E Unity   : 
01-18 15:14:39.227 11846 11870 E Unity   : NullReferenceException: Object reference not set to an instance of an object
01-18 15:14:39.227 11846 11870 E Unity   :   at UpdateProgressDisplay.UpdateText (System.Single percentage) [0x0001d] in <117bb4f863444190a2260a8bf94cc007>:0 
01-18 15:14:39.227 11846 11870 E Unity   :   at UnityEngine.Events.InvokableCall`1[T1].Invoke (T1 args0) [0x00011] in <38e8064b9da648b081580a64b9f8f73e>:0 
01-18 15:14:39.227 11846 11870 E Unity   :   at UnityEngine.Events.UnityEvent`1[T0].Invoke (T0 arg0) [0x00023] in <38e8064b9da648b081580a64b9f8f73e>:0 
01-18 15:14:39.227 11846 11870 E Unity   :   at AnchorInit+<>c__DisplayClass12_0.<SaveCurrentObjectAnchorToCloudAsync>b__0 () [0x00000] in <117bb4f863444190a2260a8bf94cc007>:0 
01-18 15:14:39.227 11846 11870 E Unity   :   at Microsoft.Azure.SpatialAnchors.Unity.UnityDispatcher.Update () [0x0003f] in <117bb4f863444190a2260a8bf94cc007>:0 
01-18 15:14:39.227 11846 11870 E Unity   :  
01-18 15:14:39.227 11846 11870 E Unity   : (Filename: <117bb4f863444190a2260a8bf94cc007> Line: 0)
01-18 15:14:39.227 11846 11870 E Unity   : 
01-18 15:14:39.564 11846 11870 E Unity   : NullReferenceException: Object reference not set to an instance of an object
01-18 15:14:39.564 11846 11870 E Unity   :   at UpdateProgressDisplay.UpdateText (System.Single percentage) [0x0001d] in <117bb4f863444190a2260a8bf94cc007>:0 
01-18 15:14:39.564 11846 11870 E Unity   :   at UnityEngine.Events.InvokableCall`1[T1].Invoke (T1 args0) [0x00011] in <38e8064b9da648b081580a64b9f8f73e>:0 
01-18 15:14:39.564 11846 11870 E Unity   :   at UnityEngine.Events.UnityEvent`1[T0].Invoke (T0 arg0) [0x00023] in <38e8064b9da648b081580a64b9f8f73e>:0 
01-18 15:14:39.564 11846 11870 E Unity   :   at AnchorInit+<>c__DisplayClass12_0.<SaveCurrentObjectAnchorToCloudAsync>b__0 () [0x00000] in <117bb4f863444190a2260a8bf94cc007>:0 
01-18 15:14:39.564 11846 11870 E Unity   :   at Microsoft.Azure.SpatialAnchors.Unity.UnityDispatcher.Update () [0x0003f] in <117bb4f863444190a2260a8bf94cc007>:0 
01-18 15:14:39.564 11846 11870 E Unity   :  
01-18 15:14:39.564 11846 11870 E Unity   : (Filename: <117bb4f863444190a2260a8bf94cc007> Line: 0)
01-18 15:14:39.564 11846 11870 E Unity   : 
01-18 15:14:39.892 11846 11870 E Unity   : NullReferenceException: Object reference not set to an instance of an object
01-18 15:14:39.892 11846 11870 E Unity   :   at UpdateProgressDisplay.UpdateText (System.Single percentage) [0x0001d] in <117bb4f863444190a2260a8bf94cc007>:0 
01-18 15:14:39.892 11846 11870 E Unity   :   at UnityEngine.Events.InvokableCall`1[T1].Invoke (T1 args0) [0x00011] in <38e8064b9da648b081580a64b9f8f73e>:0 
01-18 15:14:39.892 11846 11870 E Unity   :   at UnityEngine.Events.UnityEvent`1[T0].Invoke (T0 arg0) [0x00023] in <38e8064b9da648b081580a64b9f8f73e>:0 
01-18 15:14:39.892 11846 11870 E Unity   :   at AnchorInit+<>c__DisplayClass12_0.<SaveCurrentObjectAnchorToCloudAsync>b__0 () [0x00000] in <117bb4f863444190a2260a8bf94cc007>:0 
01-18 15:14:39.892 11846 11870 E Unity   :   at Microsoft.Azure.SpatialAnchors.Unity.UnityDispatcher.Update () [0x0003f] in <117bb4f863444190a2260a8bf94cc007>:0 
01-18 15:14:39.892 11846 11870 E Unity   :  
01-18 15:14:39.892 11846 11870 E Unity   : (Filename: <117bb4f863444190a2260a8bf94cc007> Line: 0)
01-18 15:14:39.892 11846 11870 E Unity   : 
01-18 15:14:40.230 11846 11870 E Unity   : NullReferenceException: Object reference not set to an instance of an object
01-18 15:14:40.230 11846 11870 E Unity   :   at UpdateProgressDisplay.UpdateText (System.Single percentage) [0x0001d] in <117bb4f863444190a2260a8bf94cc007>:0 
01-18 15:14:40.230 11846 11870 E Unity   :   at UnityEngine.Events.InvokableCall`1[T1].Invoke (T1 args0) [0x00011] in <38e8064b9da648b081580a64b9f8f73e>:0 
01-18 15:14:40.230 11846 11870 E Unity   :   at UnityEngine.Events.UnityEvent`1[T0].Invoke (T0 arg0) [0x00023] in <38e8064b9da648b081580a64b9f8f73e>:0 
01-18 15:14:40.230 11846 11870 E Unity   :   at AnchorInit+<>c__DisplayClass12_0.<SaveCurrentObjectAnchorToCloudAsync>b__0 () [0x00000] in <117bb4f863444190a2260a8bf94cc007>:0 
01-18 15:14:40.230 11846 11870 E Unity   :   at Microsoft.Azure.SpatialAnchors.Unity.UnityDispatcher.Update () [0x0003f] in <117bb4f863444190a2260a8bf94cc007>:0 
01-18 15:14:40.230 11846 11870 E Unity   :  
01-18 15:14:40.230 11846 11870 E Unity   : (Filename: <117bb4f863444190a2260a8bf94cc007> Line: 0)
01-18 15:14:40.230 11846 11870 E Unity   : 
01-18 15:14:40.560 11846 11870 E Unity   : NullReferenceException: Object reference not set to an instance of an object
01-18 15:14:40.560 11846 11870 E Unity   :   at UpdateProgressDisplay.UpdateText (System.Single percentage) [0x0001d] in <117bb4f863444190a2260a8bf94cc007>:0 
01-18 15:14:40.560 11846 11870 E Unity   :   at UnityEngine.Events.InvokableCall`1[T1].Invoke (T1 args0) [0x00011] in <38e8064b9da648b081580a64b9f8f73e>:0 
01-18 15:14:40.560 11846 11870 E Unity   :   at UnityEngine.Events.UnityEvent`1[T0].Invoke (T0 arg0) [0x00023] in <38e8064b9da648b081580a64b9f8f73e>:0 
01-18 15:14:40.560 11846 11870 E Unity   :   at AnchorInit+<>c__DisplayClass12_0.<SaveCurrentObjectAnchorToCloudAsync>b__0 () [0x00000] in <117bb4f863444190a2260a8bf94cc007>:0 
01-18 15:14:40.560 11846 11870 E Unity   :   at Microsoft.Azure.SpatialAnchors.Unity.UnityDispatcher.Update () [0x0003f] in <117bb4f863444190a2260a8bf94cc007>:0 
01-18 15:14:40.560 11846 11870 E Unity   :  
01-18 15:14:40.560 11846 11870 E Unity   : (Filename: <117bb4f863444190a2260a8bf94cc007> Line: 0)
01-18 15:14:40.560 11846 11870 E Unity   : 
01-18 15:14:40.893 11846 11870 E Unity   : NullReferenceException: Object reference not set to an instance of an object
01-18 15:14:40.893 11846 11870 E Unity   :   at UpdateProgressDisplay.UpdateText (System.Single percentage) [0x0001d] in <117bb4f863444190a2260a8bf94cc007>:0 
01-18 15:14:40.893 11846 11870 E Unity   :   at UnityEngine.Events.InvokableCall`1[T1].Invoke (T1 args0) [0x00011] in <38e8064b9da648b081580a64b9f8f73e>:0 
01-18 15:14:40.893 11846 11870 E Unity   :   at UnityEngine.Events.UnityEvent`1[T0].Invoke (T0 arg0) [0x00023] in <38e8064b9da648b081580a64b9f8f73e>:0 
01-18 15:14:40.893 11846 11870 E Unity   :   at AnchorInit+<>c__DisplayClass12_0.<SaveCurrentObjectAnchorToCloudAsync>b__0 () [0x00000] in <117bb4f863444190a2260a8bf94cc007>:0 
01-18 15:14:40.893 11846 11870 E Unity   :   at Microsoft.Azure.SpatialAnchors.Unity.UnityDispatcher.Update () [0x0003f] in <117bb4f863444190a2260a8bf94cc007>:0 
01-18 15:14:40.893 11846 11870 E Unity   :  
01-18 15:14:40.893 11846 11870 E Unity   : (Filename: <117bb4f863444190a2260a8bf94cc007> Line: 0)
01-18 15:14:40.893 11846 11870 E Unity   : 
01-18 15:14:41.244 11846 11870 E Unity   : NullReferenceException: Object reference not set to an instance of an object
01-18 15:14:41.244 11846 11870 E Unity   :   at UpdateProgressDisplay.UpdateText (System.Single percentage) [0x0001d] in <117bb4f863444190a2260a8bf94cc007>:0 
01-18 15:14:41.244 11846 11870 E Unity   :   at UnityEngine.Events.InvokableCall`1[T1].Invoke (T1 args0) [0x00011] in <38e8064b9da648b081580a64b9f8f73e>:0 
01-18 15:14:41.244 11846 11870 E Unity   :   at UnityEngine.Events.UnityEvent`1[T0].Invoke (T0 arg0) [0x00023] in <38e8064b9da648b081580a64b9f8f73e>:0 
01-18 15:14:41.244 11846 11870 E Unity   :   at AnchorInit+<>c__DisplayClass12_0.<SaveCurrentObjectAnchorToCloudAsync>b__0 () [0x00000] in <117bb4f863444190a2260a8bf94cc007>:0 
01-18 15:14:41.244 11846 11870 E Unity   :   at Microsoft.Azure.SpatialAnchors.Unity.UnityDispatcher.Update () [0x0003f] in <117bb4f863444190a2260a8bf94cc007>:0 
01-18 15:14:41.244 11846 11870 E Unity   :  
01-18 15:14:41.244 11846 11870 E Unity   : (Filename: <117bb4f863444190a2260a8bf94cc007> Line: 0)
01-18 15:14:41.244 11846 11870 E Unity   : 
01-18 15:14:41.568 11846 11870 E Unity   : NullReferenceException: Object reference not set to an instance of an object
01-18 15:14:41.568 11846 11870 E Unity   :   at UpdateProgressDisplay.UpdateText (System.Single percentage) [0x0001d] in <117bb4f863444190a2260a8bf94cc007>:0 
01-18 15:14:41.568 11846 11870 E Unity   :   at UnityEngine.Events.InvokableCall`1[T1].Invoke (T1 args0) [0x00011] in <38e8064b9da648b081580a64b9f8f73e>:0 
01-18 15:14:41.568 11846 11870 E Unity   :   at UnityEngine.Events.UnityEvent`1[T0].Invoke (T0 arg0) [0x00023] in <38e8064b9da648b081580a64b9f8f73e>:0 
01-18 15:14:41.568 11846 11870 E Unity   :   at AnchorInit+<>c__DisplayClass12_0.<SaveCurrentObjectAnchorToCloudAsync>b__0 () [0x00000] in <117bb4f863444190a2260a8bf94cc007>:0 
01-18 15:14:41.568 11846 11870 E Unity   :   at Microsoft.Azure.SpatialAnchors.Unity.UnityDispatcher.Update () [0x0003f] in <117bb4f863444190a2260a8bf94cc007>:0 
01-18 15:14:41.568 11846 11870 E Unity   :  
01-18 15:14:41.568 11846 11870 E Unity   : (Filename: <117bb4f863444190a2260a8bf94cc007> Line: 0)
01-18 15:14:41.568 11846 11870 E Unity   : 
01-18 15:14:41.891 11846 11870 E Unity   : NullReferenceException: Object reference not set to an instance of an object
01-18 15:14:41.891 11846 11870 E Unity   :   at UpdateProgressDisplay.UpdateText (System.Single percentage) [0x0001d] in <117bb4f863444190a2260a8bf94cc007>:0 
01-18 15:14:41.891 11846 11870 E Unity   :   at UnityEngine.Events.InvokableCall`1[T1].Invoke (T1 args0) [0x00011] in <38e8064b9da648b081580a64b9f8f73e>:0 
01-18 15:14:41.891 11846 11870 E Unity   :   at UnityEngine.Events.UnityEvent`1[T0].Invoke (T0 arg0) [0x00023] in <38e8064b9da648b081580a64b9f8f73e>:0 
