--------- beginning of system
01-18 18:28:17.483  1449  3611 I ActivityManager: Process com.android.bluetooth (pid 20353) has died: fore SVC 
01-18 18:32:22.955  1449  3611 W ActivityManager: Unbind failed: could not find connection for android.os.BinderProxy@5256aaf
01-18 18:37:36.033  1449  3633 W ActivityManager: Permission Denial: Accessing service com.google.android.music/.dial.DialMediaRouteProviderService from pid=3835, uid=10061 that is not exported from uid 10133
01-18 18:37:42.241  1449  1633 I ActivityManager: Force stopping com.mit.reality.hack appid=10635 user=-1: installPackageLI
01-18 18:37:42.242  1449  1653 I PackageManager: Update package com.mit.reality.hack code path from /data/app/com.mit.reality.hack-fzpgdEA1s9EEYOedKPePgQ== to /data/app/com.mit.reality.hack--0cHfeBRLe07D77gLnfm0w==; Retain data and using new
01-18 18:37:42.242  1449  1653 I PackageManager: Update package com.mit.reality.hack resource path from /data/app/com.mit.reality.hack-fzpgdEA1s9EEYOedKPePgQ== to /data/app/com.mit.reality.hack--0cHfeBRLe07D77gLnfm0w==; Retain data and using new
01-18 18:37:42.417  1449  1653 I PackageManager: Un-granting permission android.permission.MANAGE_DOCUMENTS from package com.google.android.youtube (protectionLevel=262146 flags=0x30dbbec5)
01-18 18:37:42.419  1449  1653 I PackageManager: Un-granting permission android.permission.MANAGE_USB from package com.google.android.googlequicksearchbox (protectionLevel=18 flags=0xb0dbbec5)
01-18 18:37:42.419  1449  1653 I PackageManager: Un-granting permission com.google.android.googleapps.permission.GOOGLE_AUTH from package com.android.providers.calendar (protectionLevel=2 flags=0x3088be45)
01-18 18:37:42.419  1449  1653 I PackageManager: Un-granting permission com.google.android.googleapps.permission.GOOGLE_AUTH.cl from package com.android.providers.calendar (protectionLevel=2 flags=0x3088be45)
01-18 18:37:42.421  1449  1653 I PackageManager: Un-granting permission com.google.android.setupwizard.READ_DEVICE_ORIGIN from package com.google.android.apps.messaging (protectionLevel=18 flags=0x38cbbec5)
01-18 18:37:42.422  1449  1653 I PackageManager: Un-granting permission android.permission.ACCESS_DOWNLOAD_MANAGER from package com.microsoft.office.officelens (protectionLevel=18 flags=0x30d83e44)
01-18 18:37:42.424  1449  1653 I PackageManager: Un-granting permission android.permission.SEND_DOWNLOAD_COMPLETED_INTENTS from package com.android.vending (protectionLevel=2 flags=0x38cabec5)
01-18 18:37:42.425  1449  1653 I PackageManager: Un-granting permission android.permission.WRITE_SETTINGS from package com.microsoft.skydrive (protectionLevel=1218 flags=0x30d83e44)
01-18 18:37:42.425  1449  1653 I PackageManager: Un-granting permission android.permission.REQUEST_INSTALL_PACKAGES from package com.microsoft.skydrive (protectionLevel=66 flags=0x30d83e44)
01-18 18:37:42.426  1449  1653 I PackageManager: Un-granting permission android.permission.SYSTEM_ALERT_WINDOW from package com.rnunitydemo (protectionLevel=1250 flags=0x3888be46)
01-18 18:37:42.430  1449  1653 I PackageManager: Un-granting permission android.permission.REQUEST_INSTALL_PACKAGES from package com.instagram.android (protectionLevel=66 flags=0x30c83e64)
01-18 18:37:42.431  1449  1653 I PackageManager: Un-granting permission com.google.android.providers.gsf.permission.WRITE_GSERVICES from package com.google.android.as (protectionLevel=18 flags=0x30c8be44)
01-18 18:37:42.431  1449  1653 I PackageManager: Un-granting permission android.permission.REQUEST_INSTALL_PACKAGES from package com.google.android.gm (protectionLevel=66 flags=0x38cbbec5)
01-18 18:37:42.433  1449  1653 I PackageManager: Un-granting permission android.permission.REQUEST_INSTALL_PACKAGES from package com.moodle.moodlemobile (protectionLevel=66 flags=0x38c8be44)
01-18 18:37:42.436  1449  1653 I PackageManager: Un-granting permission android.permission.WRITE_SETTINGS from package com.google.android.music (protectionLevel=1218 flags=0x38cbbe64)
01-18 18:37:42.436  1449  1653 I PackageManager: Un-granting permission android.permission.BIND_JOB_SERVICE from package com.google.android.music (protectionLevel=2 flags=0x38cbbe64)
01-18 18:37:42.438  1449  1653 I PackageManager: Un-granting permission android.permission.LOCATION_HARDWARE from package com.google.android.apps.wellbeing (protectionLevel=18 flags=0x20cbbec5)
01-18 18:37:42.438  1449  1653 I PackageManager: Un-granting permission android.permission.WRITE_SECURE_SETTINGS from package com.google.android.dialer (protectionLevel=50 flags=0x20cbbec5)
01-18 18:37:42.440  1449  1653 I PackageManager: Un-granting permission android.permission.REQUEST_INSTALL_PACKAGES from package com.google.android.apps.nbu.files (protectionLevel=66 flags=0x30c83ec5)
01-18 18:37:42.441  1449  1653 I PackageManager: Un-granting permission android.permission.REQUEST_INSTALL_PACKAGES from package com.google.android.apps.docs (protectionLevel=66 flags=0x38cbbec5)
01-18 18:37:42.442  1449  1653 I PackageManager: Un-granting permission android.permission.REQUEST_INSTALL_PACKAGES from package com.oculus.twilight (protectionLevel=66 flags=0x30c83e44)
01-18 18:37:42.443  1449  1653 I PackageManager: Un-granting permission com.google.android.gm.permission.READ_GMAIL from package com.google.android.contacts (protectionLevel=2 flags=0x30cbbec5)
01-18 18:37:42.443  1449  1653 I PackageManager: Un-granting permission com.google.android.googleapps.permission.GOOGLE_AUTH from package com.google.android.contacts (protectionLevel=2 flags=0x30cbbec5)
01-18 18:37:42.444  1449  1653 I PackageManager: Un-granting permission android.permission.INTERACT_ACROSS_USERS from package com.google.android.syncadapters.contacts (protectionLevel=50 flags=0x20883e45)
01-18 18:37:42.445  1449  1653 I PackageManager: Un-granting permission android.permission.REQUEST_INSTALL_PACKAGES from package com.android.chrome (protectionLevel=66 flags=0xa0cbbec5)
01-18 18:37:42.446  1449  1653 I PackageManager: Un-granting permission android.permission.CAPTURE_VIDEO_OUTPUT from package com.google.android.gms (protectionLevel=2 flags=0xa0cabec5)
01-18 18:37:42.447  1449  1653 I PackageManager: Un-granting permission android.permission.MANAGE_DEVICE_ADMINS from package com.google.android.gms (protectionLevel=2 flags=0xa0cabec5)
01-18 18:37:42.447  1449  1653 I PackageManager: Un-granting permission android.permission.MANAGE_ACTIVITY_STACKS from package com.google.android.gms (protectionLevel=2 flags=0xa0cabec5)
01-18 18:37:42.447  1449  1653 I PackageManager: Un-granting permission android.permission.CAPTURE_SECURE_VIDEO_OUTPUT from package com.google.android.gms (protectionLevel=2 flags=0xa0cabec5)
01-18 18:37:42.451  1449  1653 I PackageManager: Un-granting permission com.google.android.googleapps.permission.GOOGLE_AUTH from package com.google.android.videos (protectionLevel=2 flags=0x30dbbe44)
01-18 18:37:42.453  1449  1653 I PackageManager: Un-granting permission android.permission.WRITE_MEDIA_STORAGE from package com.google.android.apps.photos (protectionLevel=18 flags=0x38d9bec5)
01-18 18:37:42.455  1449  1653 I PackageManager: Un-granting permission android.permission.WRITE_SETTINGS from package com.glgjing.stark (protectionLevel=1218 flags=0x3088be44)
01-18 18:37:42.455  1449  1653 I PackageManager: Un-granting permission android.permission.SYSTEM_ALERT_WINDOW from package com.glgjing.stark (protectionLevel=1250 flags=0x3088be44)
01-18 18:37:42.455  1449  1653 I PackageManager: Un-granting permission android.permission.PACKAGE_USAGE_STATS from package com.glgjing.stark (protectionLevel=114 flags=0x3088be44)
01-18 18:37:42.459  1449  1653 I PackageManager: Un-granting permission android.permission.PACKAGE_USAGE_STATS from package com.hmdglobal.support (protectionLevel=114 flags=0x30c8bec5)
01-18 18:37:42.460  1449  1653 I PackageManager: Un-granting permission android.permission.DUMP from package com.google.android.apps.turbo (protectionLevel=50 flags=0x30cbbec5)
01-18 18:37:42.460  1449  1653 I PackageManager: Un-granting permission android.permission.READ_WALLPAPER_INTERNAL from package com.google.android.apps.wallpaper (protectionLevel=18 flags=0x38cbbec5)
01-18 18:37:43.541  1449  1653 I PackageManager: [SW3]StatsLog PKG_ADM__ADM__MODIFY, isSystemApp:false
01-18 18:37:43.571  1449  1653 I ActivityManager: Force stopping com.mit.reality.hack appid=10635 user=0: pkg removed
01-18 18:37:43.618  1449  2548 W ActivityManager: Permission Denial: Accessing service com.google.android.music/.dial.DialMediaRouteProviderService from pid=3835, uid=10061 that is not exported from uid 10133
01-18 18:37:43.659  1449  3633 W ActivityManager: Permission Denial: Accessing service com.google.android.music/.dial.DialMediaRouteProviderService from pid=3835, uid=10061 that is not exported from uid 10133
01-18 18:37:43.679  1449  8956 W ActivityManager: Permission Denial: Accessing service com.google.android.music/.dial.DialMediaRouteProviderService from pid=3835, uid=10061 that is not exported from uid 10133
01-18 18:37:50.335  1449  1634 I ActivityManager: Start proc 20651:com.android.bluetooth/1002 for service {com.android.bluetooth/com.android.bluetooth.btservice.AdapterService}
01-18 18:37:50.335  1449  1634 D ActivityManager: handleProcessStartedLocked mDoneFinishBooting && app.pid != 0 ---> notifyProcessStart, app.processName = com.android.bluetooth, app.info = ApplicationInfo{f84e426 com.android.bluetooth}, app.hostingType = service, getHostingName() = ComponentInfo{com.android.bluetooth/com.android.bluetooth.btservice.AdapterService}, getIntentFlag() = 0, getIsPackageRunning() = false, app = ProcessRecord{47ce867 20651:com.android.bluetooth/1002}, getExtraData() = Bundle[{SERVICE_INTENT=Intent { act=android.bluetooth.IBluetooth cmp=com.android.bluetooth/.btservice.AdapterService }, CALLER_PACKAGE=android}]
01-18 18:37:50.493  1449  1615 D ActivityManager: Package [com.mit.reality.hack] have process
01-18 18:37:50.513  1449  1634 I ActivityManager: Start proc 20685:com.mit.reality.hack/u0a635 for activity {com.mit.reality.hack/com.unity3d.player.UnityPlayerActivity}
01-18 18:37:50.513  1449  1634 D ActivityManager: handleProcessStartedLocked mDoneFinishBooting && app.pid != 0 ---> notifyProcessStart, app.processName = com.mit.reality.hack, app.info = ApplicationInfo{7dcf899 com.mit.reality.hack}, app.hostingType = activity, getHostingName() = ComponentInfo{com.mit.reality.hack/com.unity3d.player.UnityPlayerActivity}, getIntentFlag() = 0, getIsPackageRunning() = true, app = ProcessRecord{c2aa75e 20685:com.mit.reality.hack/u0a635}, getExtraData() = null
01-18 18:37:56.890  1449  3484 I ActivityManager: Process com.android.bluetooth (pid 20651) has died: fore SVC 
01-18 18:37:58.557  1449  8163 W ActivityManager: Unable to start service Intent { act=local_action cmp=com.google.android.gms/.car.InCallService2 } U=0: not found
01-18 18:39:27.803  1449  1634 I ActivityManager: Start proc 21213:com.android.bluetooth/1002 for service {com.android.bluetooth/com.android.bluetooth.btservice.AdapterService}
01-18 18:39:27.804  1449  1634 D ActivityManager: handleProcessStartedLocked mDoneFinishBooting && app.pid != 0 ---> notifyProcessStart, app.processName = com.android.bluetooth, app.info = ApplicationInfo{c451242 com.android.bluetooth}, app.hostingType = service, getHostingName() = ComponentInfo{com.android.bluetooth/com.android.bluetooth.btservice.AdapterService}, getIntentFlag() = 0, getIsPackageRunning() = false, app = ProcessRecord{6051253 21213:com.android.bluetooth/1002}, getExtraData() = Bundle[{SERVICE_INTENT=Intent { act=android.bluetooth.IBluetooth cmp=com.android.bluetooth/.btservice.AdapterService }, CALLER_PACKAGE=android}]
01-18 18:39:28.796  1449  1615 I ActivityManager: Killing 20685:com.mit.reality.hack/u0a635 (adj 905): remove task
01-18 18:39:28.923  1449  1615 W ActivityManager: setHasOverlayUi called on unknown pid: 20685
01-18 18:39:30.835  1449  2549 W ActivityManager: Unable to start service Intent { cmp=com.evenwell.faceplusrecognition/.FacePlusService } U=0: not found
01-18 18:39:32.146  1449  1634 I ActivityManager: Start proc 21308:com.android.cellbroadcastreceiver/1000 for broadcast {com.android.cellbroadcastreceiver/com.android.cellbroadcastreceiver.CellBroadcastReceiver}
01-18 18:39:32.146  1449  1634 D ActivityManager: handleProcessStartedLocked mDoneFinishBooting && app.pid != 0 ---> notifyProcessStart, app.processName = com.android.cellbroadcastreceiver, app.info = ApplicationInfo{c73857a com.android.cellbroadcastreceiver}, app.hostingType = broadcast, getHostingName() = ComponentInfo{com.android.cellbroadcastreceiver/com.android.cellbroadcastreceiver.CellBroadcastReceiver}, getIntentFlag() = 16777236, getIsPackageRunning() = false, app = ProcessRecord{45778a9 21308:com.android.cellbroadcastreceiver/1000}, getExtraData() = Bundle[{BROADCAST_INTENT=Intent { act=android.intent.action.SERVICE_STATE flg=0x1000010 (has extras) }, CALLER_PACKAGE=android}]
01-18 18:39:32.482  1449  3597 W ActivityManager: Permission Denial: Accessing service com.google.android.music/.dial.DialMediaRouteProviderService from pid=3835, uid=10061 that is not exported from uid 10133
01-18 18:39:35.823  1449  2549 I ActivityManager: Process com.android.bluetooth (pid 21213) has died: fore SVC 
01-18 18:39:42.896  1449  5810 W ActivityManager: Permission Denial: Accessing service com.google.android.music/.dial.DialMediaRouteProviderService from pid=3835, uid=10061 that is not exported from uid 10133
01-18 18:43:47.473  1449  2549 W ActivityManager: Unbind failed: could not find connection for android.os.BinderProxy@8c5614a
01-18 18:57:15.729  1449  1633 I ActivityManager: Killing 19425:com.microsoft.skydrive/u0a213 (adj 985): empty for 1928s
01-18 18:57:15.739  1449  1633 I ActivityManager: Killing 19411:com.google.android.apps.turbo:aab/u0a173 (adj 985): empty for 1932s
01-18 18:57:15.744  1449  1633 I ActivityManager: Killing 19395:com.google.android.partnersetup/u0a67 (adj 995): empty for 1932s
01-18 18:57:15.806  1449  6897 I ActivityManager: Killing 19364:android.process.acore/u0a45 (adj 985): empty for 1924s
01-18 18:57:17.403  1449  2932 W ActivityManager: Permission Denial: Accessing service com.google.android.music/.dial.DialMediaRouteProviderService from pid=3835, uid=10061 that is not exported from uid 10133
01-18 18:57:20.649  1449 21603 I ActivityManager: Killing 19577:com.google.android.contacts/u0a65 (adj 985): empty for 1929s
01-18 18:57:21.171  1449  1634 I ActivityManager: Start proc 21625:com.android.bluetooth/1002 for service {com.android.bluetooth/com.android.bluetooth.btservice.AdapterService}
01-18 18:57:21.172  1449  1634 D ActivityManager: handleProcessStartedLocked mDoneFinishBooting && app.pid != 0 ---> notifyProcessStart, app.processName = com.android.bluetooth, app.info = ApplicationInfo{4220e4d com.android.bluetooth}, app.hostingType = service, getHostingName() = ComponentInfo{com.android.bluetooth/com.android.bluetooth.btservice.AdapterService}, getIntentFlag() = 0, getIsPackageRunning() = false, app = ProcessRecord{f69bd02 21625:com.android.bluetooth/1002}, getExtraData() = Bundle[{SERVICE_INTENT=Intent { act=android.bluetooth.IBluetooth cmp=com.android.bluetooth/.btservice.AdapterService }, CALLER_PACKAGE=android}]
01-18 18:57:28.082  1449  1633 I ActivityManager: Force stopping com.mit.reality.hack appid=10635 user=-1: installPackageLI
01-18 18:57:28.083  1449  1653 I PackageManager: Update package com.mit.reality.hack code path from /data/app/com.mit.reality.hack--0cHfeBRLe07D77gLnfm0w== to /data/app/com.mit.reality.hack-K8x68OWK5ur1C0HKlb-3MQ==; Retain data and using new
01-18 18:57:28.083  1449  1653 I PackageManager: Update package com.mit.reality.hack resource path from /data/app/com.mit.reality.hack--0cHfeBRLe07D77gLnfm0w== to /data/app/com.mit.reality.hack-K8x68OWK5ur1C0HKlb-3MQ==; Retain data and using new
01-18 18:57:28.226  1449  1653 I PackageManager: Un-granting permission android.permission.MANAGE_DOCUMENTS from package com.google.android.youtube (protectionLevel=262146 flags=0x30dbbec5)
01-18 18:57:28.228  1449  1653 I PackageManager: Un-granting permission android.permission.MANAGE_USB from package com.google.android.googlequicksearchbox (protectionLevel=18 flags=0xb0dbbec5)
01-18 18:57:28.228  1449  1653 I PackageManager: Un-granting permission com.google.android.googleapps.permission.GOOGLE_AUTH from package com.android.providers.calendar (protectionLevel=2 flags=0x3088be45)
01-18 18:57:28.228  1449  1653 I PackageManager: Un-granting permission com.google.android.googleapps.permission.GOOGLE_AUTH.cl from package com.android.providers.calendar (protectionLevel=2 flags=0x3088be45)
01-18 18:57:28.231  1449  1653 I PackageManager: Un-granting permission com.google.android.setupwizard.READ_DEVICE_ORIGIN from package com.google.android.apps.messaging (protectionLevel=18 flags=0x38cbbec5)
01-18 18:57:28.232  1449  1653 I PackageManager: Un-granting permission android.permission.ACCESS_DOWNLOAD_MANAGER from package com.microsoft.office.officelens (protectionLevel=18 flags=0x30d83e44)
01-18 18:57:28.233  1449  1653 I PackageManager: Un-granting permission android.permission.SEND_DOWNLOAD_COMPLETED_INTENTS from package com.android.vending (protectionLevel=2 flags=0x38cabec5)
01-18 18:57:28.234  1449  1653 I PackageManager: Un-granting permission android.permission.WRITE_SETTINGS from package com.microsoft.skydrive (protectionLevel=1218 flags=0x30d83e44)
01-18 18:57:28.234  1449  1653 I PackageManager: Un-granting permission android.permission.REQUEST_INSTALL_PACKAGES from package com.microsoft.skydrive (protectionLevel=66 flags=0x30d83e44)
01-18 18:57:28.235  1449  1653 I PackageManager: Un-granting permission android.permission.SYSTEM_ALERT_WINDOW from package com.rnunitydemo (protectionLevel=1250 flags=0x3888be46)
01-18 18:57:28.238  1449  1653 I PackageManager: Un-granting permission android.permission.REQUEST_INSTALL_PACKAGES from package com.instagram.android (protectionLevel=66 flags=0x30c83e64)
01-18 18:57:28.239  1449  1653 I PackageManager: Un-granting permission com.google.android.providers.gsf.permission.WRITE_GSERVICES from package com.google.android.as (protectionLevel=18 flags=0x30c8be44)
01-18 18:57:28.239  1449  1653 I PackageManager: Un-granting permission android.permission.REQUEST_INSTALL_PACKAGES from package com.google.android.gm (protectionLevel=66 flags=0x38cbbec5)
01-18 18:57:28.241  1449  1653 I PackageManager: Un-granting permission android.permission.REQUEST_INSTALL_PACKAGES from package com.moodle.moodlemobile (protectionLevel=66 flags=0x38c8be44)
01-18 18:57:28.243  1449  1653 I PackageManager: Un-granting permission android.permission.WRITE_SETTINGS from package com.google.android.music (protectionLevel=1218 flags=0x38cbbe64)
01-18 18:57:28.244  1449  1653 I PackageManager: Un-granting permission android.permission.BIND_JOB_SERVICE from package com.google.android.music (protectionLevel=2 flags=0x38cbbe64)
01-18 18:57:28.244  1449  1653 I PackageManager: Un-granting permission android.permission.LOCATION_HARDWARE from package com.google.android.apps.wellbeing (protectionLevel=18 flags=0x20cbbec5)
01-18 18:57:28.245  1449  1653 I PackageManager: Un-granting permission android.permission.WRITE_SECURE_SETTINGS from package com.google.android.dialer (protectionLevel=50 flags=0x20cbbec5)
01-18 18:57:28.246  1449  1653 I PackageManager: Un-granting permission android.permission.REQUEST_INSTALL_PACKAGES from package com.google.android.apps.nbu.files (protectionLevel=66 flags=0x30c83ec5)
01-18 18:57:28.247  1449  1653 I PackageManager: Un-granting permission android.permission.REQUEST_INSTALL_PACKAGES from package com.google.android.apps.docs (protectionLevel=66 flags=0x38cbbec5)
01-18 18:57:28.248  1449  1653 I PackageManager: Un-granting permission android.permission.REQUEST_INSTALL_PACKAGES from package com.oculus.twilight (protectionLevel=66 flags=0x30c83e44)
01-18 18:57:28.249  1449  1653 I PackageManager: Un-granting permission com.google.android.gm.permission.READ_GMAIL from package com.google.android.contacts (protectionLevel=2 flags=0x30cbbec5)
01-18 18:57:28.249  1449  1653 I PackageManager: Un-granting permission com.google.android.googleapps.permission.GOOGLE_AUTH from package com.google.android.contacts (protectionLevel=2 flags=0x30cbbec5)
01-18 18:57:28.250  1449  1653 I PackageManager: Un-granting permission android.permission.INTERACT_ACROSS_USERS from package com.google.android.syncadapters.contacts (protectionLevel=50 flags=0x20883e45)
01-18 18:57:28.250  1449  1653 I PackageManager: Un-granting permission android.permission.REQUEST_INSTALL_PACKAGES from package com.android.chrome (protectionLevel=66 flags=0xa0cbbec5)
01-18 18:57:28.251  1449  1653 I PackageManager: Un-granting permission android.permission.CAPTURE_VIDEO_OUTPUT from package com.google.android.gms (protectionLevel=2 flags=0xa0cabec5)
01-18 18:57:28.252  1449  1653 I PackageManager: Un-granting permission android.permission.MANAGE_DEVICE_ADMINS from package com.google.android.gms (protectionLevel=2 flags=0xa0cabec5)
01-18 18:57:28.252  1449  1653 I PackageManager: Un-granting permission android.permission.MANAGE_ACTIVITY_STACKS from package com.google.android.gms (protectionLevel=2 flags=0xa0cabec5)
01-18 18:57:28.252  1449  1653 I PackageManager: Un-granting permission android.permission.CAPTURE_SECURE_VIDEO_OUTPUT from package com.google.android.gms (protectionLevel=2 flags=0xa0cabec5)
01-18 18:57:28.256  1449  1653 I PackageManager: Un-granting permission com.google.android.googleapps.permission.GOOGLE_AUTH from package com.google.android.videos (protectionLevel=2 flags=0x30dbbe44)
01-18 18:57:28.258  1449  1653 I PackageManager: Un-granting permission android.permission.WRITE_MEDIA_STORAGE from package com.google.android.apps.photos (protectionLevel=18 flags=0x38d9bec5)
01-18 18:57:28.259  1449  1653 I PackageManager: Un-granting permission android.permission.WRITE_SETTINGS from package com.glgjing.stark (protectionLevel=1218 flags=0x3088be44)
01-18 18:57:28.259  1449  1653 I PackageManager: Un-granting permission android.permission.SYSTEM_ALERT_WINDOW from package com.glgjing.stark (protectionLevel=1250 flags=0x3088be44)
01-18 18:57:28.259  1449  1653 I PackageManager: Un-granting permission android.permission.PACKAGE_USAGE_STATS from package com.glgjing.stark (protectionLevel=114 flags=0x3088be44)
01-18 18:57:28.262  1449  1653 I PackageManager: Un-granting permission android.permission.PACKAGE_USAGE_STATS from package com.hmdglobal.support (protectionLevel=114 flags=0x30c8bec5)
01-18 18:57:28.263  1449  1653 I PackageManager: Un-granting permission android.permission.DUMP from package com.google.android.apps.turbo (protectionLevel=50 flags=0x30cbbec5)
01-18 18:57:28.263  1449  1653 I PackageManager: Un-granting permission android.permission.READ_WALLPAPER_INTERNAL from package com.google.android.apps.wallpaper (protectionLevel=18 flags=0x38cbbec5)
01-18 18:57:29.145  1449  1653 I PackageManager: [SW3]StatsLog PKG_ADM__ADM__MODIFY, isSystemApp:false
01-18 18:57:29.176  1449  1653 I ActivityManager: Force stopping com.mit.reality.hack appid=10635 user=0: pkg removed
01-18 18:57:29.219  1449  2440 W ActivityManager: Permission Denial: Accessing service com.google.android.music/.dial.DialMediaRouteProviderService from pid=3835, uid=10061 that is not exported from uid 10133
01-18 18:57:29.252  1449  5810 W ActivityManager: Permission Denial: Accessing service com.google.android.music/.dial.DialMediaRouteProviderService from pid=3835, uid=10061 that is not exported from uid 10133
01-18 18:57:29.297  1449  1523 W ActivityManager: Permission Denial: Accessing service com.google.android.music/.dial.DialMediaRouteProviderService from pid=3835, uid=10061 that is not exported from uid 10133
01-18 18:57:32.361  1449  1615 D ActivityManager: Package [com.mit.reality.hack] have process
01-18 18:57:32.381  1449  1634 I ActivityManager: Start proc 21749:com.mit.reality.hack/u0a635 for activity {com.mit.reality.hack/com.unity3d.player.UnityPlayerActivity}
01-18 18:57:32.382  1449  1634 D ActivityManager: handleProcessStartedLocked mDoneFinishBooting && app.pid != 0 ---> notifyProcessStart, app.processName = com.mit.reality.hack, app.info = ApplicationInfo{ea95b5b com.mit.reality.hack}, app.hostingType = activity, getHostingName() = ComponentInfo{com.mit.reality.hack/com.unity3d.player.UnityPlayerActivity}, getIntentFlag() = 0, getIsPackageRunning() = true, app = ProcessRecord{b53cff8 21749:com.mit.reality.hack/u0a635}, getExtraData() = null
01-18 18:57:33.238  1449  3484 W ActivityManager: Unable to start service Intent { act=local_action cmp=com.google.android.gms/.car.InCallService2 } U=0: not found
01-18 18:57:38.803  1449  1523 I ActivityManager: Process com.android.bluetooth (pid 21625) has died: fore SVC 
01-18 18:59:47.375  1449  1615 I ActivityManager: Killing 17591:com.evenwell.AprUploadService/u0a47 (adj 975): empty for 1993s
01-18 18:59:47.636  1449  1634 I ActivityManager: Start proc 22194:com.android.bluetooth/1002 for service {com.android.bluetooth/com.android.bluetooth.btservice.AdapterService}
01-18 18:59:47.636  1449  1634 D ActivityManager: handleProcessStartedLocked mDoneFinishBooting && app.pid != 0 ---> notifyProcessStart, app.processName = com.android.bluetooth, app.info = ApplicationInfo{8d3484c com.android.bluetooth}, app.hostingType = service, getHostingName() = ComponentInfo{com.android.bluetooth/com.android.bluetooth.btservice.AdapterService}, getIntentFlag() = 0, getIsPackageRunning() = false, app = ProcessRecord{8c52095 22194:com.android.bluetooth/1002}, getExtraData() = Bundle[{SERVICE_INTENT=Intent { act=android.bluetooth.IBluetooth cmp=com.android.bluetooth/.btservice.AdapterService }, CALLER_PACKAGE=android}]
01-18 18:59:47.675  1449  2785 I ActivityManager: Process com.mit.reality.hack (pid 21749) has died: cch+5 CEM 
01-18 18:59:47.702  1449  1615 W ActivityManager: setHasOverlayUi called on unknown pid: 21749
01-18 18:59:49.138  1449  3635 W ActivityManager: Unable to start service Intent { cmp=com.evenwell.faceplusrecognition/.FacePlusService } U=0: not found
01-18 18:59:50.098  1449  2785 W ActivityManager: Permission Denial: Accessing service com.google.android.music/.dial.DialMediaRouteProviderService from pid=3835, uid=10061 that is not exported from uid 10133
01-18 18:59:54.192  1449  3635 I ActivityManager: Process com.android.bluetooth (pid 22194) has died: fore SVC 
01-18 19:00:54.758  1449  1523 W ActivityManager: Permission Denial: Accessing service com.google.android.music/.dial.DialMediaRouteProviderService from pid=3835, uid=10061 that is not exported from uid 10133
01-18 19:01:09.309  1449  1523 W ActivityManager: Permission Denial: Accessing service com.google.android.music/.dial.DialMediaRouteProviderService from pid=3835, uid=10061 that is not exported from uid 10133
01-18 19:01:10.651  1449  1634 I ActivityManager: Start proc 22330:com.android.bluetooth/1002 for service {com.android.bluetooth/com.android.bluetooth.btservice.AdapterService}
01-18 19:01:10.652  1449  1634 D ActivityManager: handleProcessStartedLocked mDoneFinishBooting && app.pid != 0 ---> notifyProcessStart, app.processName = com.android.bluetooth, app.info = ApplicationInfo{a40df49 com.android.bluetooth}, app.hostingType = service, getHostingName() = ComponentInfo{com.android.bluetooth/com.android.bluetooth.btservice.AdapterService}, getIntentFlag() = 0, getIsPackageRunning() = false, app = ProcessRecord{d1d804e 22330:com.android.bluetooth/1002}, getExtraData() = Bundle[{SERVICE_INTENT=Intent { act=android.bluetooth.IBluetooth cmp=com.android.bluetooth/.btservice.AdapterService }, CALLER_PACKAGE=android}]
01-18 19:01:23.844  1449  1523 W ActivityManager: Unable to start service Intent { act=com.google.firebase.MESSAGING_EVENT pkg=com.google.android.googlequicksearchbox } U=0: not found
01-18 19:01:23.845  1449  1634 I ActivityManager: Start proc 22387:com.google.android.apps.nbu.files/u0a60 for service {com.google.android.apps.nbu.files/com.google.android.apps.nbu.files.junkdetection.JunkDetectionService}
01-18 19:01:23.845  1449  1634 D ActivityManager: handleProcessStartedLocked mDoneFinishBooting && app.pid != 0 ---> notifyProcessStart, app.processName = com.google.android.apps.nbu.files, app.info = ApplicationInfo{3d97721 com.google.android.apps.nbu.files}, app.hostingType = service, getHostingName() = ComponentInfo{com.google.android.apps.nbu.files/com.google.android.apps.nbu.files.junkdetection.JunkDetectionService}, getIntentFlag() = 0, getIsPackageRunning() = false, app = ProcessRecord{a69f746 22387:com.google.android.apps.nbu.files/u0a60}, getExtraData() = Bundle[{SERVICE_INTENT=Intent { cmp=com.google.android.apps.nbu.files/.junkdetection.JunkDetectionService }, CALLER_PACKAGE=android}]
01-18 19:01:24.773  1449  3592 W ActivityManager: Unable to start service Intent { act=com.google.firebase.MESSAGING_EVENT pkg=com.google.android.googlequicksearchbox } U=0: not found
01-18 19:01:44.140  1449  1615 D ActivityManager: Package [com.mit.reality.hack] have process
01-18 19:01:44.154  1449  1634 I ActivityManager: Start proc 22461:com.mit.reality.hack/u0a635 for activity {com.mit.reality.hack/com.unity3d.player.UnityPlayerActivity}
01-18 19:01:44.155  1449  1634 D ActivityManager: handleProcessStartedLocked mDoneFinishBooting && app.pid != 0 ---> notifyProcessStart, app.processName = com.mit.reality.hack, app.info = ApplicationInfo{ea95b5b com.mit.reality.hack}, app.hostingType = activity, getHostingName() = ComponentInfo{com.mit.reality.hack/com.unity3d.player.UnityPlayerActivity}, getIntentFlag() = 0, getIsPackageRunning() = true, app = ProcessRecord{8147cbc 22461:com.mit.reality.hack/u0a635}, getExtraData() = null
01-18 19:01:50.524  1449  1523 I ActivityManager: Process com.android.bluetooth (pid 22330) has died: fore SVC 
01-18 19:02:14.332  1449  1634 I ActivityManager: Start proc 22742:com.evenwell.AprUploadService/u0a47 for service {com.evenwell.AprUploadService/com.fihtdc.AprUploadService.service.job.PiggybackCheckJobService}
01-18 19:02:14.333  1449  1634 D ActivityManager: handleProcessStartedLocked mDoneFinishBooting && app.pid != 0 ---> notifyProcessStart, app.processName = com.evenwell.AprUploadService, app.info = ApplicationInfo{87618e6 com.evenwell.AprUploadService}, app.hostingType = service, getHostingName() = ComponentInfo{com.evenwell.AprUploadService/com.fihtdc.AprUploadService.service.job.PiggybackCheckJobService}, getIntentFlag() = 0, getIsPackageRunning() = false, app = ProcessRecord{dc2de27 22742:com.evenwell.AprUploadService/u0a47}, getExtraData() = Bundle[{SERVICE_INTENT=Intent { cmp=com.evenwell.AprUploadService/com.fihtdc.AprUploadService.service.job.PiggybackCheckJobService }, CALLER_PACKAGE=android}]
01-18 19:02:27.046  1449  3484 W ActivityManager: Unbind failed: could not find connection for android.os.BinderProxy@f659a3b
01-18 19:05:40.262  1449  6960 I ActivityManager: Process com.qualcomm.qti.workloadclassifier (pid 14921) has died: cch+99 SVC 
01-18 19:05:40.268  1449  6960 W ActivityManager: Scheduling restart of crashed service com.qualcomm.qti.workloadclassifier/.WLCService in 1000ms
01-18 19:05:40.272  1449  6960 I ActivityManager: Process com.hmdglobal.datago (pid 14944) has died: cch+95 SVC 
01-18 19:05:40.276  1449  6960 W ActivityManager: Scheduling restart of crashed service com.hmdglobal.datago/.DataGoService in 10992ms
01-18 19:05:40.530  1449  9452 I ActivityManager: Killing 19706:com.android.providers.calendar/u0a49 (adj 985): empty for 2296s
01-18 19:05:41.103  1449  1634 I ActivityManager: Start proc 22970:com.android.bluetooth/1002 for service {com.android.bluetooth/com.android.bluetooth.btservice.AdapterService}
01-18 19:05:41.103  1449  1634 D ActivityManager: handleProcessStartedLocked mDoneFinishBooting && app.pid != 0 ---> notifyProcessStart, app.processName = com.android.bluetooth, app.info = ApplicationInfo{9123f3e com.android.bluetooth}, app.hostingType = service, getHostingName() = ComponentInfo{com.android.bluetooth/com.android.bluetooth.btservice.AdapterService}, getIntentFlag() = 0, getIsPackageRunning() = false, app = ProcessRecord{3fe019f 22970:com.android.bluetooth/1002}, getExtraData() = Bundle[{SERVICE_INTENT=Intent { act=android.bluetooth.IBluetooth cmp=com.android.bluetooth/.btservice.AdapterService }, CALLER_PACKAGE=android}]
01-18 19:05:41.287  1449  1634 I ActivityManager: Start proc 23000:com.qualcomm.qti.workloadclassifier/1000 for service {com.qualcomm.qti.workloadclassifier/com.qualcomm.qti.workloadclassifier.WLCService}
01-18 19:05:41.288  1449  1634 D ActivityManager: handleProcessStartedLocked mDoneFinishBooting && app.pid != 0 ---> notifyProcessStart, app.processName = com.qualcomm.qti.workloadclassifier, app.info = ApplicationInfo{e89bfcb com.qualcomm.qti.workloadclassifier}, app.hostingType = service, getHostingName() = ComponentInfo{com.qualcomm.qti.workloadclassifier/com.qualcomm.qti.workloadclassifier.WLCService}, getIntentFlag() = 0, getIsPackageRunning() = false, app = ProcessRecord{845e433 23000:com.qualcomm.qti.workloadclassifier/1000}, getExtraData() = Bundle[{SERVICE_INTENT=Intent { cmp=com.qualcomm.qti.workloadclassifier/.WLCService }, CALLER_PACKAGE=com.qualcomm.qti.workloadclassifier}]
01-18 19:05:42.860  1449  3484 I ActivityManager: Process com.evenwell.batteryprotect (pid 16240) has died: cch+85 SVC 
01-18 19:05:42.864  1449  3484 W ActivityManager: Scheduling restart of crashed service com.evenwell.batteryprotect/.DetectBatteryService in 18405ms
01-18 19:05:43.913  1449  1615 I ActivityManager: Killing 19687:com.google.android.keep/u0a136 (adj 985): empty for 2298s
01-18 19:05:44.099  1449  8956 I ActivityManager: Process com.mit.reality.hack (pid 22461) has died: cch+5 CEM 
01-18 19:05:44.126  1449  1615 W ActivityManager: setHasOverlayUi called on unknown pid: 22461
01-18 19:05:45.650  1449  7548 W ActivityManager: Unable to start service Intent { cmp=com.evenwell.faceplusrecognition/.FacePlusService } U=0: not found
01-18 19:05:49.341  1449  3598 W ActivityManager: Permission Denial: Accessing service com.google.android.music/.dial.DialMediaRouteProviderService from pid=3835, uid=10061 that is not exported from uid 10133
01-18 19:05:50.703  1449  9312 I ActivityManager: Process com.android.bluetooth (pid 22970) has died: fore SVC 
01-18 19:05:51.291  1449  1634 I ActivityManager: Start proc 23099:com.hmdglobal.datago/u0a174 for service {com.hmdglobal.datago/com.hmdglobal.datago.DataGoService}
01-18 19:05:51.291  1449  1634 D ActivityManager: handleProcessStartedLocked mDoneFinishBooting && app.pid != 0 ---> notifyProcessStart, app.processName = com.hmdglobal.datago, app.info = ApplicationInfo{bc56278 com.hmdglobal.datago}, app.hostingType = service, getHostingName() = ComponentInfo{com.hmdglobal.datago/com.hmdglobal.datago.DataGoService}, getIntentFlag() = 0, getIsPackageRunning() = false, app = ProcessRecord{4becbcf 23099:com.hmdglobal.datago/u0a174}, getExtraData() = Bundle[{SERVICE_INTENT=Intent { cmp=com.hmdglobal.datago/.DataGoService }, CALLER_PACKAGE=com.hmdglobal.datago}]
01-18 19:06:01.305  1449  1634 I ActivityManager: Start proc 23128:com.evenwell.batteryprotect/1000 for service {com.evenwell.batteryprotect/com.evenwell.batteryprotect.DetectBatteryService}
01-18 19:06:01.306  1449  1634 D ActivityManager: handleProcessStartedLocked mDoneFinishBooting && app.pid != 0 ---> notifyProcessStart, app.processName = com.evenwell.batteryprotect, app.info = ApplicationInfo{a19b81e com.evenwell.batteryprotect}, app.hostingType = service, getHostingName() = ComponentInfo{com.evenwell.batteryprotect/com.evenwell.batteryprotect.DetectBatteryService}, getIntentFlag() = 0, getIsPackageRunning() = false, app = ProcessRecord{aa25f48 23128:com.evenwell.batteryprotect/1000}, getExtraData() = Bundle[{SERVICE_INTENT=Intent { cmp=com.evenwell.batteryprotect/.DetectBatteryService }, CALLER_PACKAGE=com.evenwell.batteryprotect}]
01-18 19:14:58.573  1449  1634 I ActivityManager: Start proc 23217:com.hmdglobal.support/u0a71 for service {com.hmdglobal.support/androidx.work.impl.background.systemjob.SystemJobService}
01-18 19:14:58.573  1449  1634 D ActivityManager: handleProcessStartedLocked mDoneFinishBooting && app.pid != 0 ---> notifyProcessStart, app.processName = com.hmdglobal.support, app.info = ApplicationInfo{cfdc00d com.hmdglobal.support}, app.hostingType = service, getHostingName() = ComponentInfo{com.google.android.youtube/androidx.work.impl.background.systemjob.SystemJobService}, getIntentFlag() = 0, getIsPackageRunning() = false, app = ProcessRecord{f9cebc2 23217:com.hmdglobal.support/u0a71}, getExtraData() = Bundle[{SERVICE_INTENT=Intent { cmp=com.google.android.youtube/androidx.work.impl.background.systemjob.SystemJobService }, CALLER_PACKAGE=android}]
01-18 19:14:58.600  1449  1634 I ActivityManager: Start proc 23230:com.google.android.youtube/u0a128 for service {com.google.android.youtube/androidx.work.impl.background.systemjob.SystemJobService}
01-18 19:14:58.600  1449  1634 D ActivityManager: handleProcessStartedLocked mDoneFinishBooting && app.pid != 0 ---> notifyProcessStart, app.processName = com.google.android.youtube, app.info = ApplicationInfo{bd35009 com.google.android.youtube}, app.hostingType = service, getHostingName() = ComponentInfo{com.google.android.youtube/androidx.work.impl.background.systemjob.SystemJobService}, getIntentFlag() = 0, getIsPackageRunning() = false, app = ProcessRecord{b52020e 23230:com.google.android.youtube/u0a128}, getExtraData() = Bundle[{SERVICE_INTENT=Intent { cmp=com.google.android.youtube/androidx.work.impl.background.systemjob.SystemJobService }, CALLER_PACKAGE=android}]
01-18 19:14:59.930  1449  1449 D ActivityManager: Package [com.google.android.apps.turbo] have process
01-18 19:14:59.948  1449  1634 I ActivityManager: Start proc 23430:com.google.android.apps.turbo:aab/u0a173 for service {com.google.android.apps.turbo/com.google.android.libraries.smartbattery.appusage.library.InferAppBucketsJob}
01-18 19:14:59.949  1449  1634 D ActivityManager: handleProcessStartedLocked mDoneFinishBooting && app.pid != 0 ---> notifyProcessStart, app.processName = com.google.android.apps.turbo:aab, app.info = ApplicationInfo{6a10a66 com.google.android.apps.turbo}, app.hostingType = service, getHostingName() = ComponentInfo{com.google.android.apps.turbo/com.google.android.libraries.smartbattery.appusage.library.InferAppBucketsJob}, getIntentFlag() = 0, getIsPackageRunning() = true, app = ProcessRecord{4a0b1a7 23430:com.google.android.apps.turbo:aab/u0a173}, getExtraData() = Bundle[{SERVICE_INTENT=Intent { cmp=com.google.android.apps.turbo/com.google.android.libraries.smartbattery.appusage.library.InferAppBucketsJob }, CALLER_PACKAGE=android}]
01-18 19:15:00.049  1449  1634 I ActivityManager: Start proc 23454:com.google.android.webview:webview_service/u0a126 for service {com.google.android.webview/org.chromium.android_webview.services.VariationsSeedServer}
01-18 19:15:00.050  1449  1634 D ActivityManager: handleProcessStartedLocked mDoneFinishBooting && app.pid != 0 ---> notifyProcessStart, app.processName = com.google.android.webview:webview_service, app.info = ApplicationInfo{fd1759e com.google.android.webview}, app.hostingType = service, getHostingName() = ComponentInfo{com.google.android.webview/org.chromium.android_webview.services.VariationsSeedServer}, getIntentFlag() = 0, getIsPackageRunning() = false, app = ProcessRecord{439687f 23454:com.google.android.webview:webview_service/u0a126}, getExtraData() = Bundle[{SERVICE_INTENT=Intent { cmp=com.google.android.webview/org.chromium.android_webview.services.VariationsSeedServer }, CALLER_PACKAGE=com.hmdglobal.support}]
01-18 19:15:00.075  1449  3592 D ActivityManager: Package [com.hmdglobal.support] have process
01-18 19:15:00.113  1449  1634 I ActivityManager: Start proc 23487:com.google.android.webview:sandboxed_process0:org.chromium.content.app.SandboxedProcessService0/u0i22 for  {com.hmdglobal.support/org.chromium.content.app.SandboxedProcessService0}
01-18 19:15:00.113  1449  1634 D ActivityManager: handleProcessStartedLocked mDoneFinishBooting && app.pid != 0 ---> notifyProcessStart, app.processName = com.google.android.webview:sandboxed_process0:org.chromium.content.app.SandboxedProcessService0, app.info = ApplicationInfo{3e25c68 com.hmdglobal.support}, app.hostingType = , getHostingName() = null, getIntentFlag() = 0, getIsPackageRunning() = true, app = ProcessRecord{ff93881 23487:com.google.android.webview:sandboxed_process0:org.chromium.content.app.SandboxedProcessService0/u0a71i22}, getExtraData() = Bundle[{SERVICE_INTENT=Intent { cmp=com.hmdglobal.support/org.chromium.content.app.SandboxedProcessService0 }, CALLER_PACKAGE=com.hmdglobal.support}]
01-18 19:15:00.450  1449  1634 I ActivityManager: Start proc 23546:com.microsoft.skydrive/u0a213 for service {com.microsoft.skydrive/com.microsoft.skydrive.jobs.UpdateMetadataForOfflineFilesJob}
01-18 19:15:00.451  1449  1634 D ActivityManager: handleProcessStartedLocked mDoneFinishBooting && app.pid != 0 ---> notifyProcessStart, app.processName = com.microsoft.skydrive, app.info = ApplicationInfo{ea7825e com.microsoft.skydrive}, app.hostingType = service, getHostingName() = ComponentInfo{com.microsoft.skydrive/com.microsoft.skydrive.jobs.UpdateMetadataForOfflineFilesJob}, getIntentFlag() = 0, getIsPackageRunning() = false, app = ProcessRecord{a93f5be 23546:com.microsoft.skydrive/u0a213}, getExtraData() = Bundle[{SERVICE_INTENT=Intent { cmp=com.microsoft.skydrive/.jobs.UpdateMetadataForOfflineFilesJob }, CALLER_PACKAGE=android}]
01-18 19:15:01.152  1449  6007 I ActivityManager: Process com.qualcomm.telephony (pid 15363) has died: cch+95 SVC 
01-18 19:15:01.154  1449  6007 W ActivityManager: Scheduling restart of crashed service com.qualcomm.atfwd/.AtFwdService in 1000ms
01-18 19:15:01.200  1449  2785 I ActivityManager: Process com.google.android.ims (pid 15593) has died: cch+85 SVC 
01-18 19:15:01.206  1449  2785 W ActivityManager: Scheduling restart of crashed service com.google.android.ims/.services.RcsService in 10948ms
01-18 19:15:01.684  1449  6897 W ActivityManager: Background start not allowed: service Intent { cmp=com.microsoft.skydrive/com.microsoft.odsp.task.TaskService } to com.microsoft.skydrive/com.microsoft.odsp.task.TaskService from pid=23546 uid=10213 pkg=com.microsoft.skydrive startFg?=false
01-18 19:15:01.822  1449  2785 I ActivityManager: Process com.Triplee.TripleeSocial (pid 9625) has died: cch+85 CEM 
01-18 19:15:01.842  1449  2785 I ActivityManager: Process com.android.settings (pid 15762) has died: cch+75 CEM 
01-18 19:15:01.847  1449  1615 W ActivityManager: setHasOverlayUi called on unknown pid: 15762
01-18 19:15:02.188  1449  1634 I ActivityManager: Start proc 23685:com.qualcomm.telephony/u0a241 for service {com.qualcomm.atfwd/com.qualcomm.atfwd.AtFwdService}
01-18 19:15:02.188  1449  1634 D ActivityManager: handleProcessStartedLocked mDoneFinishBooting && app.pid != 0 ---> notifyProcessStart, app.processName = com.qualcomm.telephony, app.info = ApplicationInfo{139e136 com.qualcomm.atfwd}, app.hostingType = service, getHostingName() = ComponentInfo{com.qualcomm.atfwd/com.qualcomm.atfwd.AtFwdService}, getIntentFlag() = 0, getIsPackageRunning() = false, app = ProcessRecord{c07d337 23685:com.qualcomm.telephony/u0a241}, getExtraData() = Bundle[{SERVICE_INTENT=Intent { cmp=com.qualcomm.atfwd/.AtFwdService }, CALLER_PACKAGE=com.qualcomm.atfwd}]
01-18 19:15:37.525  1449  1634 I ActivityManager: Start proc 23733:com.google.android.ims/u0a51 for service {com.google.android.ims/com.google.android.ims.services.RcsService}
01-18 19:15:37.526  1449  1634 D ActivityManager: handleProcessStartedLocked mDoneFinishBooting && app.pid != 0 ---> notifyProcessStart, app.processName = com.google.android.ims, app.info = ApplicationInfo{b938a84 com.google.android.ims}, app.hostingType = service, getHostingName() = ComponentInfo{com.google.android.ims/com.google.android.ims.services.RcsService}, getIntentFlag() = 0, getIsPackageRunning() = false, app = ProcessRecord{b89b989 23733:com.google.android.ims/u0a51}, getExtraData() = Bundle[{SERVICE_INTENT=Intent { act=csapk.created cmp=com.google.android.ims/.services.RcsService }, CALLER_PACKAGE=com.google.android.apps.messaging}]
01-18 19:15:37.718  1449  3586 I ActivityManager: Process com.google.android.gms.ui (pid 15941) has died: cch+85 CEM 
01-18 19:15:54.366  1449  1634 I ActivityManager: Start proc 23776:com.google.android.apps.messaging/u0a113 for service {com.google.android.apps.messaging/com.google.android.apps.messaging.rcsmigration.RcsMigrationService}
01-18 19:15:54.367  1449  1634 D ActivityManager: handleProcessStartedLocked mDoneFinishBooting && app.pid != 0 ---> notifyProcessStart, app.processName = com.google.android.apps.messaging, app.info = ApplicationInfo{a81a326 com.google.android.apps.messaging}, app.hostingType = service, getHostingName() = ComponentInfo{com.google.android.apps.messaging/com.google.android.apps.messaging.rcsmigration.RcsMigrationService}, getIntentFlag() = 0, getIsPackageRunning() = false, app = ProcessRecord{e4c3b67 23776:com.google.android.apps.messaging/u0a113}, getExtraData() = Bundle[{SERVICE_INTENT=Intent { cmp=com.google.android.apps.messaging/.rcsmigration.RcsMigrationService }, CALLER_PACKAGE=com.google.android.ims}]
01-18 19:15:54.392  1449  1633 D ActivityManager: Package [com.google.android.apps.messaging] have process
01-18 19:15:54.422  1449  3586 W ActivityManager: Unable to start service Intent { act=com.google.android.ims.SIM_ABSENT cmp=com.google.android.ims/cpp } U=0: not found
01-18 19:15:54.445  1449  5962 W ActivityManager: Receiver with filter android.content.IntentFilter@dba1375 already registered for pid 23733, callerPackage is com.google.android.ims
01-18 19:15:54.446  1449  5962 W ActivityManager: Receiver with filter android.content.IntentFilter@ba61f0a already registered for pid 23733, callerPackage is com.google.android.ims
01-18 19:15:54.723  1449  5962 I ActivityManager: Process com.google.android.projection.gearhead:shared (pid 14073) has died: cch+75 CEM 
01-18 19:15:54.995  1449  5962 W ActivityManager: Background start not allowed: service Intent { cmp=com.google.android.apps.messaging/.shared.datamodel.action.execution.ActionExecutorImpl$EmptyService } to com.google.android.apps.messaging/.shared.datamodel.action.execution.ActionExecutorImpl$EmptyService from pid=23776 uid=10113 pkg=com.google.android.apps.messaging startFg?=false
01-18 19:16:51.642  1449  2548 W ActivityManager: Permission Denial: Accessing service com.google.android.music/.dial.DialMediaRouteProviderService from pid=3835, uid=10061 that is not exported from uid 10133
01-18 19:16:51.968  1449  1634 I ActivityManager: Start proc 23924:com.google.android.projection.gearhead:shared/u0a240 for broadcast {com.google.android.projection.gearhead/com.google.android.apps.auto.components.connectivity.impl.ConnectivityEventHandlerImpl$ConnectivityEventBroadcastReceiver}
01-18 19:16:51.968  1449  1634 D ActivityManager: handleProcessStartedLocked mDoneFinishBooting && app.pid != 0 ---> notifyProcessStart, app.processName = com.google.android.projection.gearhead:shared, app.info = ApplicationInfo{55201e3 com.google.android.projection.gearhead}, app.hostingType = broadcast, getHostingName() = ComponentInfo{com.google.android.projection.gearhead/com.google.android.apps.auto.components.connectivity.impl.ConnectivityEventHandlerImpl$ConnectivityEventBroadcastReceiver}, getIntentFlag() = 822083604, getIsPackageRunning() = false, app = ProcessRecord{91027e0 23924:com.google.android.projection.gearhead:shared/u0a240}, getExtraData() = Bundle[{BROADCAST_INTENT=Intent { act=android.hardware.usb.action.USB_STATE flg=0x31000010 (has extras) }, CALLER_PACKAGE=android}]
01-18 19:16:52.403  1449  3598 W ActivityManager: Background start not allowed: service Intent { cmp=com.google.android.apps.messaging/.shared.datamodel.action.execution.ActionExecutorImpl$EmptyService } to com.google.android.apps.messaging/.shared.datamodel.action.execution.ActionExecutorImpl$EmptyService from pid=23776 uid=10113 pkg=com.google.android.apps.messaging startFg?=false
01-18 19:16:52.408  1449  3598 W ActivityManager: Background start not allowed: service Intent { cmp=com.google.android.apps.messaging/.shared.datamodel.action.execution.ActionExecutorImpl$EmptyService } to com.google.android.apps.messaging/.shared.datamodel.action.execution.ActionExecutorImpl$EmptyService from pid=23776 uid=10113 pkg=com.google.android.apps.messaging startFg?=false
01-18 19:16:53.205  1449  3586 W ActivityManager: Unable to start service Intent { act=local_action cmp=com.google.android.gms/.car.InCallService2 } U=0: not found
01-18 19:16:53.267  1449  1634 I ActivityManager: Start proc 23988:com.android.settings/1000 for broadcast {com.android.settings/cust.settings.deviceinfo.MtpEnableSettingReceiver}
01-18 19:16:53.267  1449  1634 D ActivityManager: handleProcessStartedLocked mDoneFinishBooting && app.pid != 0 ---> notifyProcessStart, app.processName = com.android.settings, app.info = ApplicationInfo{4a9ead5 com.android.settings}, app.hostingType = broadcast, getHostingName() = ComponentInfo{com.android.settings/cust.settings.deviceinfo.MtpEnableSettingReceiver}, getIntentFlag() = 822083604, getIsPackageRunning() = false, app = ProcessRecord{7a412ea 23988:com.android.settings/1000}, getExtraData() = Bundle[{BROADCAST_INTENT=Intent { act=com.fihtdc.usb.dialog flg=0x31000010 (has extras) }, CALLER_PACKAGE=android}]
01-18 19:16:53.985  1449  1634 I ActivityManager: Start proc 24035:com.android.bluetooth/1002 for service {com.android.bluetooth/com.android.bluetooth.btservice.AdapterService}
