01-18 21:00:01.291  1449  3484 W ActivityManager: Permission Denial: Accessing service com.google.android.music/.dial.DialMediaRouteProviderService from pid=3835, uid=10061 that is not exported from uid 10133
01-18 21:00:20.586  1449  3611 W ActivityManager: Permission Denial: Accessing service com.google.android.music/.dial.DialMediaRouteProviderService from pid=3835, uid=10061 that is not exported from uid 10133
01-18 21:01:06.082  1449  9452 W ActivityManager: Permission Denial: Accessing service com.google.android.music/.dial.DialMediaRouteProviderService from pid=3835, uid=10061 that is not exported from uid 10133
01-18 21:01:18.862  1449  9443 W ActivityManager: Permission Denial: Accessing service com.google.android.music/.dial.DialMediaRouteProviderService from pid=3835, uid=10061 that is not exported from uid 10133
01-18 21:01:25.646  1449  1634 I ActivityManager: Start proc 3186:com.google.android.apps.nbu.files/u0a60 for service {com.google.android.apps.nbu.files/com.google.android.apps.nbu.files.junkdetection.JunkDetectionService}
01-18 21:01:25.646  1449  1634 D ActivityManager: handleProcessStartedLocked mDoneFinishBooting && app.pid != 0 ---> notifyProcessStart, app.processName = com.google.android.apps.nbu.files, app.info = ApplicationInfo{c7d4bf2 com.google.android.apps.nbu.files}, app.hostingType = service, getHostingName() = ComponentInfo{com.google.android.apps.nbu.files/com.google.android.apps.nbu.files.junkdetection.JunkDetectionService}, getIntentFlag() = 0, getIsPackageRunning() = false, app = ProcessRecord{da94243 3186:com.google.android.apps.nbu.files/u0a60}, getExtraData() = Bundle[{SERVICE_INTENT=Intent { cmp=com.google.android.apps.nbu.files/.junkdetection.JunkDetectionService }, CALLER_PACKAGE=android}]
01-18 21:01:31.049  1449  9443 W ActivityManager: Permission Denial: Accessing service com.google.android.music/.dial.DialMediaRouteProviderService from pid=3835, uid=10061 that is not exported from uid 10133
01-18 21:01:50.901  1449  9443 W ActivityManager: Permission Denial: Accessing service com.google.android.music/.dial.DialMediaRouteProviderService from pid=3835, uid=10061 that is not exported from uid 10133
01-18 21:02:04.303  1449  3633 W ActivityManager: Permission Denial: Accessing service com.google.android.music/.dial.DialMediaRouteProviderService from pid=3835, uid=10061 that is not exported from uid 10133
01-18 21:02:13.631  1449  1449 I ActivityManager: Killing 15816:com.android.vending/u0a76 (adj 995): empty for 1800s
01-18 21:02:19.381  1449  1522 W ActivityManager: Permission Denial: Accessing service com.google.android.music/.dial.DialMediaRouteProviderService from pid=3835, uid=10061 that is not exported from uid 10133
01-18 21:02:41.437  1449  8956 W ActivityManager: Permission Denial: Accessing service com.google.android.music/.dial.DialMediaRouteProviderService from pid=3835, uid=10061 that is not exported from uid 10133
01-18 21:02:50.224  1449  6960 W ActivityManager: Unable to start service Intent { cmp=com.google.android.apps.tachyon/.clientapi.ClientApiService } U=0: not found
01-18 21:02:50.257  1449  1634 I ActivityManager: Start proc 3550:com.android.chrome/u0a98 for service {com.android.chrome/org.chromium.chrome.browser.customtabs.CustomTabsConnectionService}
01-18 21:02:50.273  1449  1634 D ActivityManager: handleProcessStartedLocked mDoneFinishBooting && app.pid != 0 ---> notifyProcessStart, app.processName = com.android.chrome, app.info = ApplicationInfo{70351c5 com.android.chrome}, app.hostingType = service, getHostingName() = ComponentInfo{com.android.chrome/org.chromium.chrome.browser.customtabs.CustomTabsConnectionService}, getIntentFlag() = 0, getIsPackageRunning() = false, app = ProcessRecord{2b2071a 3550:com.android.chrome/u0a98}, getExtraData() = Bundle[{SERVICE_INTENT=Intent { act=android.support.customtabs.action.CustomTabsService pkg=com.android.chrome }, CALLER_PACKAGE=com.google.android.gms}]
01-18 21:02:50.618  1449  1634 I ActivityManager: Start proc 3600:com.google.android.tts/u0a108 for service {com.google.android.tts/com.google.android.tts.service.GoogleTTSService}
01-18 21:02:50.618  1449  1634 D ActivityManager: handleProcessStartedLocked mDoneFinishBooting && app.pid != 0 ---> notifyProcessStart, app.processName = com.google.android.tts, app.info = ApplicationInfo{a87b363 com.google.android.tts}, app.hostingType = service, getHostingName() = ComponentInfo{com.google.android.partnersetup/com.google.android.partnersetup.RlzAppProvider}, getIntentFlag() = 0, getIsPackageRunning() = false, app = ProcessRecord{601bb60 3600:com.google.android.tts/u0a108}, getExtraData() = null
01-18 21:02:50.644  1449  1634 I ActivityManager: Start proc 3620:com.google.android.partnersetup/u0a67 for content provider {com.google.android.partnersetup/com.google.android.partnersetup.RlzAppProvider}
01-18 21:02:50.645  1449  1634 D ActivityManager: handleProcessStartedLocked mDoneFinishBooting && app.pid != 0 ---> notifyProcessStart, app.processName = com.google.android.partnersetup, app.info = ApplicationInfo{9b822bf com.google.android.partnersetup}, app.hostingType = content provider, getHostingName() = ComponentInfo{com.google.android.partnersetup/com.google.android.partnersetup.RlzAppProvider}, getIntentFlag() = 0, getIsPackageRunning() = false, app = ProcessRecord{cb72d8c 3620:com.google.android.partnersetup/u0a67}, getExtraData() = null
01-18 21:02:50.854  1449  9443 I ActivityManager: Process com.Triplee.TripleeSocial (pid 26792) has died: cch+85 CEM 
01-18 21:02:51.000  1449  1634 I ActivityManager: Start proc 3706:com.google.process.gapps/u0a61 for content provider {com.google.android.gsf/com.google.android.gsf.settings.GoogleSettingsProvider}
01-18 21:02:51.000  1449  1634 D ActivityManager: handleProcessStartedLocked mDoneFinishBooting && app.pid != 0 ---> notifyProcessStart, app.processName = com.google.process.gapps, app.info = ApplicationInfo{5fa12e4 com.google.android.gsf}, app.hostingType = content provider, getHostingName() = ComponentInfo{com.google.android.gsf/com.google.android.gsf.settings.GoogleSettingsProvider}, getIntentFlag() = 0, getIsPackageRunning() = false, app = ProcessRecord{d93b34d 3706:com.google.process.gapps/u0a61}, getExtraData() = null
01-18 21:02:51.107  1449  1634 I ActivityManager: Start proc 3741:com.android.bluetooth/1002 for service {com.android.bluetooth/com.android.bluetooth.btservice.AdapterService}
01-18 21:02:51.108  1449  1634 D ActivityManager: handleProcessStartedLocked mDoneFinishBooting && app.pid != 0 ---> notifyProcessStart, app.processName = com.android.bluetooth, app.info = ApplicationInfo{fe2c703 com.android.bluetooth}, app.hostingType = service, getHostingName() = ComponentInfo{com.android.bluetooth/com.android.bluetooth.btservice.AdapterService}, getIntentFlag() = 0, getIsPackageRunning() = false, app = ProcessRecord{b83d680 3741:com.android.bluetooth/1002}, getExtraData() = Bundle[{SERVICE_INTENT=Intent { act=android.bluetooth.IBluetooth cmp=com.android.bluetooth/.btservice.AdapterService }, CALLER_PACKAGE=android}]
01-18 21:02:51.768  1449  1634 I ActivityManager: Start proc 3833:com.google.android.webview:sandboxed_process0:org.chromium.content.app.SandboxedProcessService0/u0i23 for  {com.google.android.googlequicksearchbox/org.chromium.content.app.SandboxedProcessService0}
01-18 21:02:51.768  1449  1634 D ActivityManager: handleProcessStartedLocked mDoneFinishBooting && app.pid != 0 ---> notifyProcessStart, app.processName = com.google.android.webview:sandboxed_process0:org.chromium.content.app.SandboxedProcessService0, app.info = ApplicationInfo{2f5a293 com.google.android.googlequicksearchbox}, app.hostingType = , getHostingName() = null, getIntentFlag() = 0, getIsPackageRunning() = false, app = ProcessRecord{ad132d0 3833:com.google.android.webview:sandboxed_process0:org.chromium.content.app.SandboxedProcessService0/u0a87i23}, getExtraData() = Bundle[{SERVICE_INTENT=Intent { cmp=com.google.android.googlequicksearchbox/org.chromium.content.app.SandboxedProcessService0 }, CALLER_PACKAGE=com.google.android.googlequicksearchbox}]
01-18 21:02:54.835  1449  1615 I ActivityManager: Killing 2752:com.hmdglobal.camera2/u0a52 (adj 905): remove task
01-18 21:02:54.899  1449  1615 W ActivityManager: setHasOverlayUi called on unknown pid: 2752
01-18 21:02:57.953  1449  2785 W ActivityManager: Unable to start service Intent { act=local_action cmp=com.google.android.gms/.car.InCallService2 } U=0: not found
01-18 21:02:58.039  1449  1634 I ActivityManager: Start proc 3960:com.google.android.contacts/u0a65 for service {com.google.android.contacts/com.google.android.apps.contacts.shortcut.ShortcutJobService}
01-18 21:02:58.040  1449  1634 D ActivityManager: handleProcessStartedLocked mDoneFinishBooting && app.pid != 0 ---> notifyProcessStart, app.processName = com.google.android.contacts, app.info = ApplicationInfo{e25873a com.google.android.contacts}, app.hostingType = service, getHostingName() = ComponentInfo{com.Triplee.TripleeSocial/com.onesignal.SyncJobService}, getIntentFlag() = 0, getIsPackageRunning() = false, app = ProcessRecord{60a6feb 3960:com.google.android.contacts/u0a65}, getExtraData() = Bundle[{SERVICE_INTENT=Intent { cmp=com.Triplee.TripleeSocial/com.onesignal.SyncJobService }, CALLER_PACKAGE=android}]
01-18 21:02:58.061  1449  1634 I ActivityManager: Start proc 3971:com.google.android.videos/u0a134 for service {com.google.android.videos/androidx.work.impl.background.systemjob.SystemJobService}
01-18 21:02:58.062  1449  1634 D ActivityManager: handleProcessStartedLocked mDoneFinishBooting && app.pid != 0 ---> notifyProcessStart, app.processName = com.google.android.videos, app.info = ApplicationInfo{41e1fc7 com.google.android.videos}, app.hostingType = service, getHostingName() = ComponentInfo{com.Triplee.TripleeSocial/com.onesignal.SyncJobService}, getIntentFlag() = 0, getIsPackageRunning() = false, app = ProcessRecord{96c59f4 3971:com.google.android.videos/u0a134}, getExtraData() = Bundle[{SERVICE_INTENT=Intent { cmp=com.Triplee.TripleeSocial/com.onesignal.SyncJobService }, CALLER_PACKAGE=android}]
01-18 21:02:58.089  1449  1634 I ActivityManager: Start proc 3990:com.Triplee.TripleeSocial/u0a563 for service {com.Triplee.TripleeSocial/com.onesignal.SyncJobService}
01-18 21:02:58.089  1449  1634 D ActivityManager: handleProcessStartedLocked mDoneFinishBooting && app.pid != 0 ---> notifyProcessStart, app.processName = com.Triplee.TripleeSocial, app.info = ApplicationInfo{71b5822 com.Triplee.TripleeSocial}, app.hostingType = service, getHostingName() = ComponentInfo{com.Triplee.TripleeSocial/com.onesignal.SyncJobService}, getIntentFlag() = 0, getIsPackageRunning() = false, app = ProcessRecord{aef2160 3990:com.Triplee.TripleeSocial/u0a563}, getExtraData() = Bundle[{SERVICE_INTENT=Intent { cmp=com.Triplee.TripleeSocial/com.onesignal.SyncJobService }, CALLER_PACKAGE=android}]
01-18 21:02:58.687  1449  9312 W ActivityManager: Unable to start service Intent { act=com.google.firebase.MESSAGING_EVENT pkg=com.google.android.googlequicksearchbox } U=0: not found
01-18 21:02:59.065  1449  2785 D ActivityManager: Package [com.google.android.gms] have process
01-18 21:02:59.100  1449  1634 I ActivityManager: Start proc 4092:com.google.android.gms.unstable/u0a61 for service {com.google.android.gms/com.google.android.gms.droidguard.DroidGuardService}
01-18 21:02:59.101  1449  1634 D ActivityManager: handleProcessStartedLocked mDoneFinishBooting && app.pid != 0 ---> notifyProcessStart, app.processName = com.google.android.gms.unstable, app.info = ApplicationInfo{99efdab com.google.android.gms}, app.hostingType = service, getHostingName() = ComponentInfo{com.google.android.gms/com.google.android.gms.droidguard.DroidGuardService}, getIntentFlag() = 0, getIsPackageRunning() = true, app = ProcessRecord{73e4c08 4092:com.google.android.gms.unstable/u0a61}, getExtraData() = Bundle[{SERVICE_INTENT=Intent { act=com.google.android.gms.droidguard.service.PING cmp=com.google.android.gms/.droidguard.DroidGuardService }, CALLER_PACKAGE=com.google.android.gms}]
01-18 21:02:59.503  1449  9312 I ActivityManager: Killing 21154:com.google.android.googlequicksearchbox:search/u0a87 (adj 0): remove task
01-18 21:02:59.511  1449  9312 I ActivityManager: Killing 3833:com.google.android.webview:sandboxed_process0:org.chromium.content.app.SandboxedProcessService0/u0a87i23 (adj 100): remove task
01-18 21:02:59.548  1449  9312 W ActivityManager: Scheduling restart of crashed service com.google.android.googlequicksearchbox/org.chromium.content.app.SandboxedProcessService0 in 1000ms
01-18 21:02:59.641  1449  1634 I ActivityManager: Start proc 4126:com.android.vending/u0a76 for service {com.android.vending/com.google.android.finsky.contentfilterui.ContentFiltersService}
01-18 21:02:59.652  1449  1634 D ActivityManager: handleProcessStartedLocked mDoneFinishBooting && app.pid != 0 ---> notifyProcessStart, app.processName = com.android.vending, app.info = ApplicationInfo{1c24451 com.android.vending}, app.hostingType = service, getHostingName() = ComponentInfo{com.android.vending/com.google.android.finsky.contentfilterui.ContentFiltersService}, getIntentFlag() = 0, getIsPackageRunning() = false, app = ProcessRecord{82df4b6 4126:com.android.vending/u0a76}, getExtraData() = Bundle[{SERVICE_INTENT=Intent { act=com.android.vending.contentfilters.IContentFiltersService.BIND pkg=com.android.vending }, CALLER_PACKAGE=com.google.android.videos}]
01-18 21:02:59.659  1449  1449 W ActivityManager: Exception when unbinding service com.google.android.googlequicksearchbox/com.google.android.apps.gsa.assist.GsaVoiceInteractionSessionService
01-18 21:02:59.659  1449  1449 W ActivityManager: android.os.DeadObjectException
01-18 21:02:59.659  1449  1449 W ActivityManager: 	at android.os.BinderProxy.transactNative(Native Method)
01-18 21:02:59.659  1449  1449 W ActivityManager: 	at android.os.BinderProxy.transact(BinderProxy.java:510)
01-18 21:02:59.659  1449  1449 W ActivityManager: 	at android.app.IApplicationThread$Stub$Proxy.scheduleUnbindService(IApplicationThread.java:1612)
01-18 21:02:59.659  1449  1449 W ActivityManager: 	at com.android.server.am.ActiveServices.removeConnectionLocked(ActiveServices.java:3381)
01-18 21:02:59.659  1449  1449 W ActivityManager: 	at com.android.server.am.ActiveServices.unbindServiceLocked(ActiveServices.java:2055)
01-18 21:02:59.659  1449  1449 W ActivityManager: 	at com.android.server.am.ActivityManagerService.unbindService(ActivityManagerService.java:14586)
01-18 21:02:59.659  1449  1449 W ActivityManager: 	at android.app.ContextImpl.unbindService(ContextImpl.java:1779)
01-18 21:02:59.659  1449  1449 W ActivityManager: 	at com.android.server.voiceinteraction.VoiceInteractionSessionConnection.cancelLocked(VoiceInteractionSessionConnection.java:401)
01-18 21:02:59.659  1449  1449 W ActivityManager: 	at com.android.server.voiceinteraction.VoiceInteractionManagerServiceImpl.finishLocked(VoiceInteractionManagerServiceImpl.java:342)
01-18 21:02:59.659  1449  1449 W ActivityManager: 	at com.android.server.voiceinteraction.VoiceInteractionManagerServiceImpl.sessionConnectionGone(VoiceInteractionManagerServiceImpl.java:471)
01-18 21:02:59.659  1449  1449 W ActivityManager: 	at com.android.server.voiceinteraction.VoiceInteractionSessionConnection.onServiceDisconnected(VoiceInteractionSessionConnection.java:470)
01-18 21:02:59.659  1449  1449 W ActivityManager: 	at android.app.LoadedApk$ServiceDispatcher.doDeath(LoadedApk.java:1967)
01-18 21:02:59.659  1449  1449 W ActivityManager: 	at android.app.LoadedApk$ServiceDispatcher$RunConnection.run(LoadedApk.java:1982)
01-18 21:02:59.659  1449  1449 W ActivityManager: 	at android.os.Handler.handleCallback(Handler.java:883)
01-18 21:02:59.659  1449  1449 W ActivityManager: 	at android.os.Handler.dispatchMessage(Handler.java:100)
01-18 21:02:59.659  1449  1449 W ActivityManager: 	at android.os.Looper.loop(Looper.java:214)
01-18 21:02:59.659  1449  1449 W ActivityManager: 	at com.android.server.SystemServer.run(SystemServer.java:564)
01-18 21:02:59.659  1449  1449 W ActivityManager: 	at com.android.server.SystemServer.main(SystemServer.java:360)
01-18 21:02:59.659  1449  1449 W ActivityManager: 	at java.lang.reflect.Method.invoke(Native Method)
01-18 21:02:59.659  1449  1449 W ActivityManager: 	at com.android.internal.os.RuntimeInit$MethodAndArgsCaller.run(RuntimeInit.java:492)
01-18 21:02:59.659  1449  1449 W ActivityManager: 	at com.android.internal.os.ZygoteInit.main(ZygoteInit.java:913)
01-18 21:02:59.685  1449  8956 W ActivityManager: Scheduling restart of crashed service com.google.android.googlequicksearchbox/com.google.android.apps.gsa.shared.util.keepalive.StandaloneKeepAlive$KeepAliveService in 1000ms
01-18 21:02:59.685  1449  8956 W ActivityManager: Scheduling restart of crashed service com.google.android.googlequicksearchbox/com.google.android.apps.gsa.nowoverlayservice.DrawerOverlayService in 10999ms
01-18 21:02:59.697  1449  1615 W ActivityManager: setHasOverlayUi called on unknown pid: 21154
01-18 21:02:59.917  1449  1634 I ActivityManager: Start proc 4156:com.google.android.googlequicksearchbox:search/u0a87 for service {com.google.android.googlequicksearchbox/com.google.android.apps.gsa.publicsearch.PublicSearchService}
01-18 21:02:59.919  1449  1634 D ActivityManager: handleProcessStartedLocked mDoneFinishBooting && app.pid != 0 ---> notifyProcessStart, app.processName = com.google.android.googlequicksearchbox:search, app.info = ApplicationInfo{5c29177 com.google.android.googlequicksearchbox}, app.hostingType = service, getHostingName() = ComponentInfo{com.google.android.googlequicksearchbox/com.google.android.apps.gsa.publicsearch.PublicSearchService}, getIntentFlag() = 0, getIsPackageRunning() = false, app = ProcessRecord{53461e4 4156:com.google.android.googlequicksearchbox:search/u0a87}, getExtraData() = Bundle[{SERVICE_INTENT=Intent { act=com.google.android.apps.gsa.publicsearch.IPublicSearchService pkg=com.google.android.googlequicksearchbox }, CALLER_PACKAGE=com.google.android.googlequicksearchbox}]
01-18 21:03:00.064  1449  7759 W ActivityManager: Unable to start service Intent { cmp=com.evenwell.faceplusrecognition/.FacePlusService } U=0: not found
--------- beginning of main
01-18 21:03:01.764  1449  3592 W ActivityManager: Permission Denial: Accessing service com.google.android.music/.dial.DialMediaRouteProviderService from pid=3835, uid=10061 that is not exported from uid 10133
01-18 21:03:11.822  1449  6861 D ActivityManager: Package [com.android.vending] have process
01-18 21:03:11.846  1449  1634 I ActivityManager: Start proc 4397:com.android.vending:download_service/u0a76 for service {com.android.vending/com.google.android.finsky.downloadservice.DownloadService}
01-18 21:03:11.847  1449  1634 D ActivityManager: handleProcessStartedLocked mDoneFinishBooting && app.pid != 0 ---> notifyProcessStart, app.processName = com.android.vending:download_service, app.info = ApplicationInfo{7a30a7b com.android.vending}, app.hostingType = service, getHostingName() = ComponentInfo{com.android.vending/com.google.android.finsky.downloadservice.DownloadService}, getIntentFlag() = 0, getIsPackageRunning() = true, app = ProcessRecord{3bf2098 4397:com.android.vending:download_service/u0a76}, getExtraData() = Bundle[{SERVICE_INTENT=Intent { act=com.google.android.finsky.BIND_DOWNLOAD_SERVICE pkg=com.android.vending }, CALLER_PACKAGE=com.android.vending}]
01-18 21:07:07.412  1449  6861 W ActivityManager: Unbind failed: could not find connection for android.os.BinderProxy@94b32b4
01-18 21:10:04.344  1449  3592 I ActivityManager: Killing 28225:com.google.android.as/u0a170 (adj 995): empty for 1843s
01-18 21:11:40.565  1449  9452 I ActivityManager: Process com.google.android.apps.nbu.files (pid 3186) has died: cch+75 CEM 
01-18 21:13:03.157  1449  1634 I ActivityManager: Start proc 4556:com.google.android.apps.maps/u0a112 for service {com.google.android.apps.maps/com.google.android.apps.gmm.base.logging.NotificationOptOutChangeLoggingService}
01-18 21:13:03.158  1449  1634 D ActivityManager: handleProcessStartedLocked mDoneFinishBooting && app.pid != 0 ---> notifyProcessStart, app.processName = com.google.android.apps.maps, app.info = ApplicationInfo{8f1c931 com.google.android.apps.maps}, app.hostingType = service, getHostingName() = ComponentInfo{com.google.android.apps.maps/com.google.android.apps.gmm.base.logging.NotificationOptOutChangeLoggingService}, getIntentFlag() = 0, getIsPackageRunning() = false, app = ProcessRecord{725c816 4556:com.google.android.apps.maps/u0a112}, getExtraData() = Bundle[{SERVICE_INTENT=Intent { act=com.google.android.gms.gcm.ACTION_TASK_READY cmp=com.google.android.apps.maps/com.google.android.apps.gmm.base.logging.NotificationOptOutChangeLoggingService }, CALLER_PACKAGE=com.google.android.gms}]
01-18 21:13:03.906  1449  1634 I ActivityManager: Start proc 4610:com.google.android.apps.wellbeing/u0a169 for service {com.google.android.apps.wellbeing/com.firebase.jobdispatcher.GooglePlayReceiver}
01-18 21:13:03.906  1449  1634 D ActivityManager: handleProcessStartedLocked mDoneFinishBooting && app.pid != 0 ---> notifyProcessStart, app.processName = com.google.android.apps.wellbeing, app.info = ApplicationInfo{6f274b2 com.google.android.apps.wellbeing}, app.hostingType = service, getHostingName() = ComponentInfo{com.google.android.apps.wellbeing/com.firebase.jobdispatcher.GooglePlayReceiver}, getIntentFlag() = 0, getIsPackageRunning() = false, app = ProcessRecord{8761c03 4610:com.google.android.apps.wellbeing/u0a169}, getExtraData() = Bundle[{SERVICE_INTENT=Intent { act=com.google.android.gms.gcm.ACTION_TASK_READY cmp=com.google.android.apps.wellbeing/com.firebase.jobdispatcher.GooglePlayReceiver }, CALLER_PACKAGE=com.google.android.gms}]
01-18 21:13:04.779  1449  1634 I ActivityManager: Start proc 4692:com.google.android.apps.nbu.files/u0a60 for service {com.google.android.apps.nbu.files/com.firebase.jobdispatcher.GooglePlayReceiver}
01-18 21:13:04.779  1449  1634 D ActivityManager: handleProcessStartedLocked mDoneFinishBooting && app.pid != 0 ---> notifyProcessStart, app.processName = com.google.android.apps.nbu.files, app.info = ApplicationInfo{30a01a6 com.google.android.apps.nbu.files}, app.hostingType = service, getHostingName() = ComponentInfo{com.google.android.apps.nbu.files/com.firebase.jobdispatcher.GooglePlayReceiver}, getIntentFlag() = 0, getIsPackageRunning() = false, app = ProcessRecord{42777e7 4692:com.google.android.apps.nbu.files/u0a60}, getExtraData() = Bundle[{SERVICE_INTENT=Intent { act=com.google.android.gms.gcm.ACTION_TASK_READY cmp=com.google.android.apps.nbu.files/com.firebase.jobdispatcher.GooglePlayReceiver }, CALLER_PACKAGE=com.google.android.gms}]
01-18 21:13:09.915  1449  3593 D ActivityManager: Package [com.android.vending] have process
01-18 21:13:09.932  1449  1634 I ActivityManager: Start proc 4757:com.android.vending:instant_app_installer/u0a76 for service {com.android.vending/com.google.android.finsky.instantapps.statussync.EnabledStatusSyncService}
01-18 21:13:09.933  1449  1634 D ActivityManager: handleProcessStartedLocked mDoneFinishBooting && app.pid != 0 ---> notifyProcessStart, app.processName = com.android.vending:instant_app_installer, app.info = ApplicationInfo{3b71a8 com.android.vending}, app.hostingType = service, getHostingName() = ComponentInfo{com.android.vending/com.google.android.finsky.instantapps.statussync.EnabledStatusSyncService}, getIntentFlag() = 0, getIsPackageRunning() = true, app = ProcessRecord{5e0c4c1 4757:com.android.vending:instant_app_installer/u0a76}, getExtraData() = Bundle[{SERVICE_INTENT=Intent { cmp=com.android.vending/com.google.android.finsky.instantapps.statussync.EnabledStatusSyncService }, CALLER_PACKAGE=android}]
01-18 21:14:24.358  1449  9452 W ActivityManager: Unable to start service Intent { act=local_action cmp=com.google.android.gms/.car.InCallService2 } U=0: not found
01-18 21:14:24.758  1449  3633 W ActivityManager: Permission Denial: Accessing service com.google.android.music/.dial.DialMediaRouteProviderService from pid=3835, uid=10061 that is not exported from uid 10133
01-18 21:16:31.152  1449  1522 W ActivityManager: Permission Denial: Accessing service com.google.android.music/.dial.DialMediaRouteProviderService from pid=3835, uid=10061 that is not exported from uid 10133
01-18 21:16:45.509  1449  1633 I ActivityManager: Force stopping com.mit.reality.hack appid=10635 user=-1: installPackageLI
01-18 21:16:45.510  1449  1653 I PackageManager: Update package com.mit.reality.hack code path from /data/app/com.mit.reality.hack-29XI8dovDJXZJp0qGOviMg== to /data/app/com.mit.reality.hack-HFm_dtofIm7qt0ogSV6zjg==; Retain data and using new
01-18 21:16:45.510  1449  1653 I PackageManager: Update package com.mit.reality.hack resource path from /data/app/com.mit.reality.hack-29XI8dovDJXZJp0qGOviMg== to /data/app/com.mit.reality.hack-HFm_dtofIm7qt0ogSV6zjg==; Retain data and using new
01-18 21:16:45.657  1449  1653 I PackageManager: Un-granting permission android.permission.MANAGE_DOCUMENTS from package com.google.android.youtube (protectionLevel=262146 flags=0x30dbbec5)
01-18 21:16:45.660  1449  1653 I PackageManager: Un-granting permission android.permission.MANAGE_USB from package com.google.android.googlequicksearchbox (protectionLevel=18 flags=0xb0dbbec5)
01-18 21:16:45.660  1449  1653 I PackageManager: Un-granting permission com.google.android.googleapps.permission.GOOGLE_AUTH from package com.android.providers.calendar (protectionLevel=2 flags=0x3088be45)
01-18 21:16:45.660  1449  1653 I PackageManager: Un-granting permission com.google.android.googleapps.permission.GOOGLE_AUTH.cl from package com.android.providers.calendar (protectionLevel=2 flags=0x3088be45)
01-18 21:16:45.662  1449  1653 I PackageManager: Un-granting permission com.google.android.setupwizard.READ_DEVICE_ORIGIN from package com.google.android.apps.messaging (protectionLevel=18 flags=0x38cbbec5)
01-18 21:16:45.663  1449  1653 I PackageManager: Un-granting permission android.permission.ACCESS_DOWNLOAD_MANAGER from package com.microsoft.office.officelens (protectionLevel=18 flags=0x30d83e44)
01-18 21:16:45.666  1449  1653 I PackageManager: Un-granting permission android.permission.SEND_DOWNLOAD_COMPLETED_INTENTS from package com.android.vending (protectionLevel=2 flags=0x38cabec5)
01-18 21:16:45.666  1449  1653 I PackageManager: Un-granting permission android.permission.WRITE_SETTINGS from package com.microsoft.skydrive (protectionLevel=1218 flags=0x30d83e44)
01-18 21:16:45.667  1449  1653 I PackageManager: Un-granting permission android.permission.REQUEST_INSTALL_PACKAGES from package com.microsoft.skydrive (protectionLevel=66 flags=0x30d83e44)
01-18 21:16:45.667  1449  1653 I PackageManager: Un-granting permission android.permission.SYSTEM_ALERT_WINDOW from package com.rnunitydemo (protectionLevel=1250 flags=0x3888be46)
01-18 21:16:45.670  1449  1653 I PackageManager: Un-granting permission android.permission.REQUEST_INSTALL_PACKAGES from package com.instagram.android (protectionLevel=66 flags=0x30c83e64)
01-18 21:16:45.671  1449  1653 I PackageManager: Un-granting permission com.google.android.providers.gsf.permission.WRITE_GSERVICES from package com.google.android.as (protectionLevel=18 flags=0x30c8be44)
01-18 21:16:45.672  1449  1653 I PackageManager: Un-granting permission android.permission.REQUEST_INSTALL_PACKAGES from package com.google.android.gm (protectionLevel=66 flags=0x38cbbec5)
01-18 21:16:45.673  1449  1653 I PackageManager: Un-granting permission android.permission.REQUEST_INSTALL_PACKAGES from package com.moodle.moodlemobile (protectionLevel=66 flags=0x38c8be44)
01-18 21:16:45.676  1449  1653 I PackageManager: Un-granting permission android.permission.WRITE_SETTINGS from package com.google.android.music (protectionLevel=1218 flags=0x38cbbe64)
01-18 21:16:45.676  1449  1653 I PackageManager: Un-granting permission android.permission.BIND_JOB_SERVICE from package com.google.android.music (protectionLevel=2 flags=0x38cbbe64)
01-18 21:16:45.678  1449  1653 I PackageManager: Un-granting permission android.permission.LOCATION_HARDWARE from package com.google.android.apps.wellbeing (protectionLevel=18 flags=0x20cbbec5)
01-18 21:16:45.678  1449  1653 I PackageManager: Un-granting permission android.permission.WRITE_SECURE_SETTINGS from package com.google.android.dialer (protectionLevel=50 flags=0x20cbbec5)
01-18 21:16:45.680  1449  1653 I PackageManager: Un-granting permission android.permission.REQUEST_INSTALL_PACKAGES from package com.google.android.apps.nbu.files (protectionLevel=66 flags=0x30c83ec5)
01-18 21:16:45.681  1449  1653 I PackageManager: Un-granting permission android.permission.REQUEST_INSTALL_PACKAGES from package com.google.android.apps.docs (protectionLevel=66 flags=0x38cbbec5)
01-18 21:16:45.682  1449  1653 I PackageManager: Un-granting permission android.permission.REQUEST_INSTALL_PACKAGES from package com.oculus.twilight (protectionLevel=66 flags=0x30c83e44)
01-18 21:16:45.683  1449  1653 I PackageManager: Un-granting permission com.google.android.gm.permission.READ_GMAIL from package com.google.android.contacts (protectionLevel=2 flags=0x30cbbec5)
01-18 21:16:45.683  1449  1653 I PackageManager: Un-granting permission com.google.android.googleapps.permission.GOOGLE_AUTH from package com.google.android.contacts (protectionLevel=2 flags=0x30cbbec5)
01-18 21:16:45.683  1449  1653 I PackageManager: Un-granting permission android.permission.INTERACT_ACROSS_USERS from package com.google.android.syncadapters.contacts (protectionLevel=50 flags=0x20883e45)
01-18 21:16:45.684  1449  1653 I PackageManager: Un-granting permission android.permission.REQUEST_INSTALL_PACKAGES from package com.android.chrome (protectionLevel=66 flags=0xa0cbbec5)
01-18 21:16:45.685  1449  1653 I PackageManager: Un-granting permission android.permission.CAPTURE_VIDEO_OUTPUT from package com.google.android.gms (protectionLevel=2 flags=0xa0cabec5)
01-18 21:16:45.686  1449  1653 I PackageManager: Un-granting permission android.permission.MANAGE_DEVICE_ADMINS from package com.google.android.gms (protectionLevel=2 flags=0xa0cabec5)
01-18 21:16:45.686  1449  1653 I PackageManager: Un-granting permission android.permission.MANAGE_ACTIVITY_STACKS from package com.google.android.gms (protectionLevel=2 flags=0xa0cabec5)
01-18 21:16:45.686  1449  1653 I PackageManager: Un-granting permission android.permission.CAPTURE_SECURE_VIDEO_OUTPUT from package com.google.android.gms (protectionLevel=2 flags=0xa0cabec5)
01-18 21:16:45.690  1449  1653 I PackageManager: Un-granting permission com.google.android.googleapps.permission.GOOGLE_AUTH from package com.google.android.videos (protectionLevel=2 flags=0x30dbbe44)
01-18 21:16:45.692  1449  1653 I PackageManager: Un-granting permission android.permission.WRITE_MEDIA_STORAGE from package com.google.android.apps.photos (protectionLevel=18 flags=0x38d9bec5)
01-18 21:16:45.692  1449  1653 I PackageManager: Un-granting permission android.permission.WRITE_SETTINGS from package com.glgjing.stark (protectionLevel=1218 flags=0x3088be44)
01-18 21:16:45.692  1449  1653 I PackageManager: Un-granting permission android.permission.SYSTEM_ALERT_WINDOW from package com.glgjing.stark (protectionLevel=1250 flags=0x3088be44)
01-18 21:16:45.692  1449  1653 I PackageManager: Un-granting permission android.permission.PACKAGE_USAGE_STATS from package com.glgjing.stark (protectionLevel=114 flags=0x3088be44)
01-18 21:16:45.696  1449  1653 I PackageManager: Un-granting permission android.permission.PACKAGE_USAGE_STATS from package com.hmdglobal.support (protectionLevel=114 flags=0x30c8bec5)
01-18 21:16:45.697  1449  1653 I PackageManager: Un-granting permission android.permission.DUMP from package com.google.android.apps.turbo (protectionLevel=50 flags=0x30cbbec5)
01-18 21:16:45.698  1449  1653 I PackageManager: Un-granting permission android.permission.READ_WALLPAPER_INTERNAL from package com.google.android.apps.wallpaper (protectionLevel=18 flags=0x38cbbec5)
01-18 21:16:47.052  1449  1653 I PackageManager: [SW3]StatsLog PKG_ADM__ADM__MODIFY, isSystemApp:false
01-18 21:16:47.081  1449  1653 I ActivityManager: Force stopping com.mit.reality.hack appid=10635 user=0: pkg removed
01-18 21:16:47.186  1449  1634 I ActivityManager: Start proc 5106:com.android.keychain/1000 for service {com.android.keychain/com.android.keychain.KeyChainService}
01-18 21:16:47.187  1449  1634 D ActivityManager: handleProcessStartedLocked mDoneFinishBooting && app.pid != 0 ---> notifyProcessStart, app.processName = com.android.keychain, app.info = ApplicationInfo{2351099 com.android.keychain}, app.hostingType = service, getHostingName() = ComponentInfo{com.android.keychain/com.android.keychain.KeyChainService}, getIntentFlag() = 0, getIsPackageRunning() = false, app = ProcessRecord{7a9b37a 5106:com.android.keychain/1000}, getExtraData() = Bundle[{SERVICE_INTENT=Intent { act=android.intent.action.PACKAGE_REMOVED cmp=com.android.keychain/.KeyChainService }, CALLER_PACKAGE=android}]
01-18 21:16:47.263  1449  1523 W ActivityManager: Permission Denial: Accessing service com.google.android.music/.dial.DialMediaRouteProviderService from pid=3835, uid=10061 that is not exported from uid 10133
01-18 21:16:47.267  1449  8956 W ActivityManager: Permission Denial: Accessing service com.google.android.music/.dial.DialMediaRouteProviderService from pid=3835, uid=10061 that is not exported from uid 10133
01-18 21:16:47.270  1449  1523 W ActivityManager: Permission Denial: Accessing service com.google.android.music/.dial.DialMediaRouteProviderService from pid=3835, uid=10061 that is not exported from uid 10133
01-18 21:16:47.278  1449  3633 D ActivityManager: Package [com.google.android.gms] have process
01-18 21:16:47.318  1449  1634 I ActivityManager: Start proc 5137:com.google.android.gms.ui/u0a61 for service {com.google.android.gms/com.google.android.gms.chimera.UiIntentOperationService}
01-18 21:16:47.319  1449  1634 D ActivityManager: handleProcessStartedLocked mDoneFinishBooting && app.pid != 0 ---> notifyProcessStart, app.processName = com.google.android.gms.ui, app.info = ApplicationInfo{ac6d759 com.google.android.gms}, app.hostingType = service, getHostingName() = ComponentInfo{com.google.android.gms/com.google.android.gms.chimera.UiIntentOperationService}, getIntentFlag() = 0, getIsPackageRunning() = true, app = ProcessRecord{41cff1e 5137:com.google.android.gms.ui/u0a61}, getExtraData() = Bundle[{SERVICE_INTENT=Intent { act=com.google.android.gms.autofill.sharedpreferences.SLAVE cat=[targeted_intent_op_prefix:.autofill.sharedpreferences.RemoteIntentOperation] cmp=com.google.android.gms/.chimera.UiIntentOperationService }, CALLER_PACKAGE=com.google.android.gms}]
01-18 21:17:09.513  1449  2549 I ActivityManager: Killing 32265:com.android.providers.calendar/u0a49 (adj 995): empty #31
01-18 21:17:28.611  1449  1634 I ActivityManager: Start proc 5230:com.microsoft.skydrive/u0a213 for service {com.microsoft.skydrive/com.microsoft.skydrive.jobs.UpdateMetadataForOfflineFilesJob}
01-18 21:17:28.611  1449  1634 D ActivityManager: handleProcessStartedLocked mDoneFinishBooting && app.pid != 0 ---> notifyProcessStart, app.processName = com.microsoft.skydrive, app.info = ApplicationInfo{ea7825e com.microsoft.skydrive}, app.hostingType = service, getHostingName() = ComponentInfo{com.hmdglobal.support/androidx.work.impl.background.systemjob.SystemJobService}, getIntentFlag() = 0, getIsPackageRunning() = false, app = ProcessRecord{cf1ef35 5230:com.microsoft.skydrive/u0a213}, getExtraData() = Bundle[{SERVICE_INTENT=Intent { cmp=com.hmdglobal.support/androidx.work.impl.background.systemjob.SystemJobService }, CALLER_PACKAGE=android}]
01-18 21:17:28.632  1449  1449 D ActivityManager: Package [com.google.android.apps.turbo] have process
01-18 21:17:28.650  1449  1634 I ActivityManager: Start proc 5243:com.hmdglobal.support/u0a71 for service {com.hmdglobal.support/androidx.work.impl.background.systemjob.SystemJobService}
01-18 21:17:28.650  1449  1634 D ActivityManager: handleProcessStartedLocked mDoneFinishBooting && app.pid != 0 ---> notifyProcessStart, app.processName = com.hmdglobal.support, app.info = ApplicationInfo{9b36388 com.hmdglobal.support}, app.hostingType = service, getHostingName() = ComponentInfo{com.google.android.apps.turbo/com.google.android.libraries.smartbattery.appusage.library.InferAppBucketsJob}, getIntentFlag() = 0, getIsPackageRunning() = true, app = ProcessRecord{ce50121 5243:com.hmdglobal.support/u0a71}, getExtraData() = Bundle[{SERVICE_INTENT=Intent { cmp=com.google.android.apps.turbo/com.google.android.libraries.smartbattery.appusage.library.InferAppBucketsJob }, CALLER_PACKAGE=android}]
01-18 21:17:28.699  1449  1634 I ActivityManager: Start proc 5285:com.google.android.apps.turbo:aab/u0a173 for service {com.google.android.apps.turbo/com.google.android.libraries.smartbattery.appusage.library.InferAppBucketsJob}
01-18 21:17:28.699  1449  1634 D ActivityManager: handleProcessStartedLocked mDoneFinishBooting && app.pid != 0 ---> notifyProcessStart, app.processName = com.google.android.apps.turbo:aab, app.info = ApplicationInfo{57fcd1b com.google.android.apps.turbo}, app.hostingType = service, getHostingName() = ComponentInfo{com.google.android.apps.turbo/com.google.android.libraries.smartbattery.appusage.library.InferAppBucketsJob}, getIntentFlag() = 0, getIsPackageRunning() = true, app = ProcessRecord{5cabeb8 5285:com.google.android.apps.turbo:aab/u0a173}, getExtraData() = Bundle[{SERVICE_INTENT=Intent { cmp=com.google.android.apps.turbo/com.google.android.libraries.smartbattery.appusage.library.InferAppBucketsJob }, CALLER_PACKAGE=android}]
01-18 21:17:29.823  1449  1634 I ActivityManager: Start proc 5434:com.google.android.webview:webview_service/u0a126 for service {com.google.android.webview/org.chromium.android_webview.services.VariationsSeedServer}
01-18 21:17:29.824  1449  1634 D ActivityManager: handleProcessStartedLocked mDoneFinishBooting && app.pid != 0 ---> notifyProcessStart, app.processName = com.google.android.webview:webview_service, app.info = ApplicationInfo{9515b1c com.google.android.webview}, app.hostingType = service, getHostingName() = ComponentInfo{com.google.android.webview/org.chromium.android_webview.services.VariationsSeedServer}, getIntentFlag() = 0, getIsPackageRunning() = false, app = ProcessRecord{50e8325 5434:com.google.android.webview:webview_service/u0a126}, getExtraData() = Bundle[{SERVICE_INTENT=Intent { cmp=com.google.android.webview/org.chromium.android_webview.services.VariationsSeedServer }, CALLER_PACKAGE=com.hmdglobal.support}]
01-18 21:17:29.855  1449  8956 D ActivityManager: Package [com.hmdglobal.support] have process
01-18 21:17:29.885  1449  1634 I ActivityManager: Start proc 5461:com.google.android.webview:sandboxed_process0:org.chromium.content.app.SandboxedProcessService0/u0i24 for  {com.hmdglobal.support/org.chromium.content.app.SandboxedProcessService0}
01-18 21:17:29.885  1449  1634 D ActivityManager: handleProcessStartedLocked mDoneFinishBooting && app.pid != 0 ---> notifyProcessStart, app.processName = com.google.android.webview:sandboxed_process0:org.chromium.content.app.SandboxedProcessService0, app.info = ApplicationInfo{f02777f com.hmdglobal.support}, app.hostingType = , getHostingName() = null, getIntentFlag() = 0, getIsPackageRunning() = true, app = ProcessRecord{fafc34c 5461:com.google.android.webview:sandboxed_process0:org.chromium.content.app.SandboxedProcessService0/u0a71i24}, getExtraData() = Bundle[{SERVICE_INTENT=Intent { cmp=com.hmdglobal.support/org.chromium.content.app.SandboxedProcessService0 }, CALLER_PACKAGE=com.hmdglobal.support}]
01-18 21:17:30.368  1449  8956 W ActivityManager: Background start not allowed: service Intent { cmp=com.microsoft.skydrive/com.microsoft.odsp.task.TaskService } to com.microsoft.skydrive/com.microsoft.odsp.task.TaskService from pid=5230 uid=10213 pkg=com.microsoft.skydrive startFg?=false
01-18 21:17:30.609  1449  9452 I ActivityManager: Killing 32562:com.google.android.calendar/u0a94 (adj 995): empty #31
01-18 21:17:30.650  1449  3634 I ActivityManager: Killing 31947:com.google.android.apps.messaging/u0a113 (adj 995): empty #31
01-18 21:17:30.652  1449  3634 I ActivityManager: Killing 32583:com.google.android.youtube/u0a128 (adj 995): empty #32
01-18 21:17:33.573  1449  3632 I ActivityManager: Killing 27328:com.google.ar.core/u0a191 (adj 995): empty #31
01-18 21:17:59.596  1449  1615 D ActivityManager: Package [com.mit.reality.hack] have process
01-18 21:17:59.612  1449  1634 I ActivityManager: Start proc 5618:com.mit.reality.hack/u0a635 for activity {com.mit.reality.hack/com.unity3d.player.UnityPlayerActivity}
01-18 21:17:59.612  1449  1634 D ActivityManager: handleProcessStartedLocked mDoneFinishBooting && app.pid != 0 ---> notifyProcessStart, app.processName = com.mit.reality.hack, app.info = ApplicationInfo{e8b9464 com.mit.reality.hack}, app.hostingType = activity, getHostingName() = ComponentInfo{com.mit.reality.hack/com.unity3d.player.UnityPlayerActivity}, getIntentFlag() = 0, getIsPackageRunning() = true, app = ProcessRecord{1fcd6cd 5618:com.mit.reality.hack/u0a635}, getExtraData() = null
01-18 21:18:04.300  1449  1634 I ActivityManager: Start proc 5701:com.google.ar.core/u0a191 for content provider {com.google.ar.core/com.google.ar.core.services.ArCoreContentProvider}
01-18 21:18:04.301  1449  1634 D ActivityManager: handleProcessStartedLocked mDoneFinishBooting && app.pid != 0 ---> notifyProcessStart, app.processName = com.google.ar.core, app.info = ApplicationInfo{97692bb com.google.ar.core}, app.hostingType = content provider, getHostingName() = ComponentInfo{com.google.ar.core/com.google.ar.core.services.ArCoreContentProvider}, getIntentFlag() = 0, getIsPackageRunning() = false, app = ProcessRecord{fd3a3d8 5701:com.google.ar.core/u0a191}, getExtraData() = null
01-18 21:18:06.573  1449  3632 I ActivityManager: Process com.android.bluetooth (pid 3741) has died: fore SVC 
01-18 21:18:07.078  1449  3598 I ActivityManager: Process com.qualcomm.qti.workloadclassifier (pid 28661) has died: cch+99 SVC 
01-18 21:18:07.081  1449  3598 W ActivityManager: Scheduling restart of crashed service com.qualcomm.qti.workloadclassifier/.WLCService in 1000ms
01-18 21:18:08.140  1449  1634 I ActivityManager: Start proc 5829:com.qualcomm.qti.workloadclassifier/1000 for service {com.qualcomm.qti.workloadclassifier/com.qualcomm.qti.workloadclassifier.WLCService}
01-18 21:18:08.140  1449  1634 D ActivityManager: handleProcessStartedLocked mDoneFinishBooting && app.pid != 0 ---> notifyProcessStart, app.processName = com.qualcomm.qti.workloadclassifier, app.info = ApplicationInfo{e89bfcb com.qualcomm.qti.workloadclassifier}, app.hostingType = service, getHostingName() = ComponentInfo{com.qualcomm.qti.workloadclassifier/com.qualcomm.qti.workloadclassifier.WLCService}, getIntentFlag() = 0, getIsPackageRunning() = false, app = ProcessRecord{73ce898 5829:com.qualcomm.qti.workloadclassifier/1000}, getExtraData() = Bundle[{SERVICE_INTENT=Intent { cmp=com.qualcomm.qti.workloadclassifier/.WLCService }, CALLER_PACKAGE=com.qualcomm.qti.workloadclassifier}]
01-18 21:19:17.717  1449  3632 I ActivityManager: Process com.evenwell.AprUploadService (pid 28055) has died: cch+95 CEM 
01-18 21:19:17.761  1449  3632 I ActivityManager: Process com.evenwell.batteryprotect (pid 29078) has died: cch+95 SVC 
01-18 21:19:17.769  1449  3632 W ActivityManager: Scheduling restart of crashed service com.evenwell.batteryprotect/.DetectBatteryService in 1000ms
01-18 21:19:17.787  1449  5810 I ActivityManager: Process com.hmdglobal.datago (pid 29054) has died: cch+95 SVC 
01-18 21:19:17.794  1449  5810 W ActivityManager: Scheduling restart of crashed service com.hmdglobal.datago/.DataGoService in 10975ms
01-18 21:19:17.802  1449  2548 I ActivityManager: Process android.process.acore (pid 32529) has died: cch+85 CEM 
01-18 21:19:17.899  1449  5962 I ActivityManager: Process com.android.chrome (pid 3550) has died: cch+95 CEM 
01-18 21:19:17.927  1449  2548 I ActivityManager: Process com.google.android.contacts (pid 3960) has died: cch+85 CEM 
01-18 21:19:17.955  1449  3633 I ActivityManager: Process com.google.android.tts (pid 3600) has died: cch+85 CEM 
01-18 21:19:18.009  1449  6007 I ActivityManager: Process com.evenwell.stbmonitor (pid 28025) has died: cch+85 CEM 
01-18 21:19:18.053  1449  2785 I ActivityManager: Process com.google.android.apps.maps (pid 4556) has died: cch+75 CEM 
01-18 21:19:18.073  1449  9738 I ActivityManager: Process com.google.android.videos (pid 3971) has died: cch+75 CEM 
01-18 21:19:18.093  1449  3593 I ActivityManager: Process com.android.vending:download_service (pid 4397) has died: cch+75 CEM 
01-18 21:19:18.120  1449  3586 I ActivityManager: Process com.google.android.apps.nbu.files (pid 4692) has died: cch+65 CEM 
01-18 21:19:18.144  1449  3586 I ActivityManager: Process com.android.vending:instant_app_installer (pid 4757) has died: cch+65 CEM 
01-18 21:19:18.171  1449  9738 I ActivityManager: Process com.google.android.apps.wellbeing (pid 4610) has died: cch+65 CEM 
01-18 21:19:18.206  1449  6861 I ActivityManager: Process com.google.android.gms.unstable (pid 4092) has died: cch+85 CEM 
01-18 21:19:18.311  1449  3586 I ActivityManager: Process com.mit.reality.hack (pid 5618) has died: cch+5 CEM 
01-18 21:19:18.334  1449  1634 I ActivityManager: Start proc 6011:com.android.bluetooth/1002 for service {com.android.bluetooth/com.android.bluetooth.btservice.AdapterService}
01-18 21:19:18.334  1449  1634 D ActivityManager: handleProcessStartedLocked mDoneFinishBooting && app.pid != 0 ---> notifyProcessStart, app.processName = com.android.bluetooth, app.info = ApplicationInfo{2fae22a com.android.bluetooth}, app.hostingType = service, getHostingName() = ComponentInfo{com.android.bluetooth/com.android.bluetooth.btservice.AdapterService}, getIntentFlag() = 0, getIsPackageRunning() = false, app = ProcessRecord{c37481b 6011:com.android.bluetooth/1002}, getExtraData() = Bundle[{SERVICE_INTENT=Intent { act=android.bluetooth.IBluetooth cmp=com.android.bluetooth/.btservice.AdapterService }, CALLER_PACKAGE=android}]
01-18 21:19:18.336  1449  1615 W ActivityManager: setHasOverlayUi called on unknown pid: 5618
01-18 21:19:18.787  1449  1634 I ActivityManager: Start proc 6050:com.evenwell.batteryprotect/1000 for service {com.evenwell.batteryprotect/com.evenwell.batteryprotect.DetectBatteryService}
01-18 21:19:18.788  1449  1634 D ActivityManager: handleProcessStartedLocked mDoneFinishBooting && app.pid != 0 ---> notifyProcessStart, app.processName = com.evenwell.batteryprotect, app.info = ApplicationInfo{a19b81e com.evenwell.batteryprotect}, app.hostingType = service, getHostingName() = ComponentInfo{com.evenwell.batteryprotect/com.evenwell.batteryprotect.DetectBatteryService}, getIntentFlag() = 0, getIsPackageRunning() = false, app = ProcessRecord{92eb8d5 6050:com.evenwell.batteryprotect/1000}, getExtraData() = Bundle[{SERVICE_INTENT=Intent { cmp=com.evenwell.batteryprotect/.DetectBatteryService }, CALLER_PACKAGE=com.evenwell.batteryprotect}]
01-18 21:19:19.783  1449  5810 W ActivityManager: Unable to start service Intent { cmp=com.evenwell.faceplusrecognition/.FacePlusService } U=0: not found
01-18 21:19:21.927  1449  3611 W ActivityManager: Permission Denial: Accessing service com.google.android.music/.dial.DialMediaRouteProviderService from pid=3835, uid=10061 that is not exported from uid 10133
01-18 21:19:24.751  1449  3593 I ActivityManager: Process com.android.bluetooth (pid 6011) has died: fore SVC 
01-18 21:19:28.818  1449  1634 I ActivityManager: Start proc 6154:com.hmdglobal.datago/u0a174 for service {com.hmdglobal.datago/com.hmdglobal.datago.DataGoService}
01-18 21:19:28.818  1449  1634 D ActivityManager: handleProcessStartedLocked mDoneFinishBooting && app.pid != 0 ---> notifyProcessStart, app.processName = com.hmdglobal.datago, app.info = ApplicationInfo{bc56278 com.hmdglobal.datago}, app.hostingType = service, getHostingName() = ComponentInfo{com.hmdglobal.datago/com.hmdglobal.datago.DataGoService}, getIntentFlag() = 0, getIsPackageRunning() = false, app = ProcessRecord{55fe4b0 6154:com.hmdglobal.datago/u0a174}, getExtraData() = Bundle[{SERVICE_INTENT=Intent { cmp=com.hmdglobal.datago/.DataGoService }, CALLER_PACKAGE=com.hmdglobal.datago}]
01-18 21:19:57.310  1449  1634 I ActivityManager: Start proc 6184:com.evenwell.stbmonitor/1000 for broadcast {com.evenwell.stbmonitor/com.fihtdc.stbmonitor.queue.STBMonitorReceiver}
01-18 21:19:57.310  1449  1634 D ActivityManager: handleProcessStartedLocked mDoneFinishBooting && app.pid != 0 ---> notifyProcessStart, app.processName = com.evenwell.stbmonitor, app.info = ApplicationInfo{b9285a8 com.evenwell.stbmonitor}, app.hostingType = broadcast, getHostingName() = ComponentInfo{com.evenwell.stbmonitor/com.fihtdc.stbmonitor.queue.STBMonitorReceiver}, getIntentFlag() = 16777236, getIsPackageRunning() = false, app = ProcessRecord{a0c48c1 6184:com.evenwell.stbmonitor/1000}, getExtraData() = Bundle[{BROADCAST_INTENT=Intent { act=android.intent.action.DROPBOX_ENTRY_ADDED flg=0x1000010 (has extras) }, CALLER_PACKAGE=android}]
01-18 21:20:01.524  1449  1634 I ActivityManager: Start proc 6218:com.evenwell.AprUploadService/u0a47 for content provider {com.evenwell.AprUploadService/com.fihtdc.AprUploadService.provider.SettingProvider}
