01-18 19:16:53.985  1449  1634 D ActivityManager: handleProcessStartedLocked mDoneFinishBooting && app.pid != 0 ---> notifyProcessStart, app.processName = com.android.bluetooth, app.info = ApplicationInfo{4ebf21f com.android.bluetooth}, app.hostingType = service, getHostingName() = ComponentInfo{com.android.bluetooth/com.android.bluetooth.btservice.AdapterService}, getIntentFlag() = 0, getIsPackageRunning() = false, app = ProcessRecord{f35b96c 24035:com.android.bluetooth/1002}, getExtraData() = Bundle[{SERVICE_INTENT=Intent { act=android.bluetooth.IBluetooth cmp=com.android.bluetooth/.btservice.AdapterService }, CALLER_PACKAGE=android}]
01-18 19:16:54.859  1449  1634 I ActivityManager: Start proc 24086:com.google.android.partnersetup/u0a67 for service {com.google.android.partnersetup/com.google.android.partnersetup.InstalledAppJobService}
01-18 19:16:54.859  1449  1634 D ActivityManager: handleProcessStartedLocked mDoneFinishBooting && app.pid != 0 ---> notifyProcessStart, app.processName = com.google.android.partnersetup, app.info = ApplicationInfo{d9ebcf4 com.google.android.partnersetup}, app.hostingType = service, getHostingName() = ComponentInfo{com.google.android.partnersetup/com.google.android.partnersetup.InstalledAppJobService}, getIntentFlag() = 0, getIsPackageRunning() = false, app = ProcessRecord{2e0fc1d 24086:com.google.android.partnersetup/u0a67}, getExtraData() = Bundle[{SERVICE_INTENT=Intent { cmp=com.google.android.partnersetup/.InstalledAppJobService }, CALLER_PACKAGE=android}]
01-18 19:16:54.860  1449  3586 W ActivityManager: Background start not allowed: service Intent { cmp=com.google.android.apps.messaging/.shared.datamodel.action.execution.ActionExecutorImpl$EmptyService } to com.google.android.apps.messaging/.shared.datamodel.action.execution.ActionExecutorImpl$EmptyService from pid=23776 uid=10113 pkg=com.google.android.apps.messaging startFg?=false
01-18 19:16:54.880  1449  3592 W ActivityManager: Background start not allowed: service Intent { cmp=com.google.android.apps.messaging/.shared.datamodel.action.execution.ActionExecutorImpl$EmptyService } to com.google.android.apps.messaging/.shared.datamodel.action.execution.ActionExecutorImpl$EmptyService from pid=23776 uid=10113 pkg=com.google.android.apps.messaging startFg?=false
01-18 19:16:54.882  1449  1634 I ActivityManager: Start proc 24103:com.Triplee.TripleeSocial/u0a563 for service {com.Triplee.TripleeSocial/com.onesignal.SyncJobService}
01-18 19:16:54.882  1449  1634 D ActivityManager: handleProcessStartedLocked mDoneFinishBooting && app.pid != 0 ---> notifyProcessStart, app.processName = com.Triplee.TripleeSocial, app.info = ApplicationInfo{71b5822 com.Triplee.TripleeSocial}, app.hostingType = service, getHostingName() = ComponentInfo{com.Triplee.TripleeSocial/com.onesignal.SyncJobService}, getIntentFlag() = 0, getIsPackageRunning() = false, app = ProcessRecord{e0008db 24103:com.Triplee.TripleeSocial/u0a563}, getExtraData() = Bundle[{SERVICE_INTENT=Intent { cmp=com.Triplee.TripleeSocial/com.onesignal.SyncJobService }, CALLER_PACKAGE=android}]
01-18 19:16:58.833  1449  9443 W ActivityManager: Background start not allowed: service Intent { cmp=com.google.android.apps.messaging/.shared.datamodel.action.execution.ActionExecutorImpl$EmptyService } to com.google.android.apps.messaging/.shared.datamodel.action.execution.ActionExecutorImpl$EmptyService from pid=23776 uid=10113 pkg=com.google.android.apps.messaging startFg?=false
01-18 19:17:02.555  1449  3598 I ActivityManager: Process com.evenwell.stbmonitor (pid 26800) has died: cch+85 CEM 
01-18 19:17:03.556  1449  1633 I ActivityManager: Force stopping com.mit.reality.hack appid=10635 user=-1: installPackageLI
01-18 19:17:03.557  1449  1653 I PackageManager: Update package com.mit.reality.hack code path from /data/app/com.mit.reality.hack-K8x68OWK5ur1C0HKlb-3MQ== to /data/app/com.mit.reality.hack-38QSZ-Hy26ukxLyNfF9hKQ==; Retain data and using new
01-18 19:17:03.557  1449  1653 I PackageManager: Update package com.mit.reality.hack resource path from /data/app/com.mit.reality.hack-K8x68OWK5ur1C0HKlb-3MQ== to /data/app/com.mit.reality.hack-38QSZ-Hy26ukxLyNfF9hKQ==; Retain data and using new
01-18 19:17:03.695  1449  1653 I PackageManager: Un-granting permission android.permission.MANAGE_DOCUMENTS from package com.google.android.youtube (protectionLevel=262146 flags=0x30dbbec5)
01-18 19:17:03.698  1449  1653 I PackageManager: Un-granting permission android.permission.MANAGE_USB from package com.google.android.googlequicksearchbox (protectionLevel=18 flags=0xb0dbbec5)
01-18 19:17:03.699  1449  1653 I PackageManager: Un-granting permission com.google.android.googleapps.permission.GOOGLE_AUTH from package com.android.providers.calendar (protectionLevel=2 flags=0x3088be45)
01-18 19:17:03.699  1449  1653 I PackageManager: Un-granting permission com.google.android.googleapps.permission.GOOGLE_AUTH.cl from package com.android.providers.calendar (protectionLevel=2 flags=0x3088be45)
01-18 19:17:03.701  1449  1653 I PackageManager: Un-granting permission com.google.android.setupwizard.READ_DEVICE_ORIGIN from package com.google.android.apps.messaging (protectionLevel=18 flags=0x38cbbec5)
01-18 19:17:03.703  1449  1653 I PackageManager: Un-granting permission android.permission.ACCESS_DOWNLOAD_MANAGER from package com.microsoft.office.officelens (protectionLevel=18 flags=0x30d83e44)
01-18 19:17:03.705  1449  1653 I PackageManager: Un-granting permission android.permission.SEND_DOWNLOAD_COMPLETED_INTENTS from package com.android.vending (protectionLevel=2 flags=0x38cabec5)
01-18 19:17:03.706  1449  1653 I PackageManager: Un-granting permission android.permission.WRITE_SETTINGS from package com.microsoft.skydrive (protectionLevel=1218 flags=0x30d83e44)
01-18 19:17:03.706  1449  1653 I PackageManager: Un-granting permission android.permission.REQUEST_INSTALL_PACKAGES from package com.microsoft.skydrive (protectionLevel=66 flags=0x30d83e44)
01-18 19:17:03.707  1449  1653 I PackageManager: Un-granting permission android.permission.SYSTEM_ALERT_WINDOW from package com.rnunitydemo (protectionLevel=1250 flags=0x3888be46)
01-18 19:17:03.710  1449  1653 I PackageManager: Un-granting permission android.permission.REQUEST_INSTALL_PACKAGES from package com.instagram.android (protectionLevel=66 flags=0x30c83e64)
01-18 19:17:03.711  1449  1653 I PackageManager: Un-granting permission com.google.android.providers.gsf.permission.WRITE_GSERVICES from package com.google.android.as (protectionLevel=18 flags=0x30c8be44)
01-18 19:17:03.711  1449  1653 I PackageManager: Un-granting permission android.permission.REQUEST_INSTALL_PACKAGES from package com.google.android.gm (protectionLevel=66 flags=0x38cbbec5)
01-18 19:17:03.713  1449  1653 I PackageManager: Un-granting permission android.permission.REQUEST_INSTALL_PACKAGES from package com.moodle.moodlemobile (protectionLevel=66 flags=0x38c8be44)
01-18 19:17:03.716  1449  1653 I PackageManager: Un-granting permission android.permission.WRITE_SETTINGS from package com.google.android.music (protectionLevel=1218 flags=0x38cbbe64)
01-18 19:17:03.716  1449  1653 I PackageManager: Un-granting permission android.permission.BIND_JOB_SERVICE from package com.google.android.music (protectionLevel=2 flags=0x38cbbe64)
01-18 19:17:03.717  1449  1653 I PackageManager: Un-granting permission android.permission.LOCATION_HARDWARE from package com.google.android.apps.wellbeing (protectionLevel=18 flags=0x20cbbec5)
01-18 19:17:03.717  1449  1653 I PackageManager: Un-granting permission android.permission.WRITE_SECURE_SETTINGS from package com.google.android.dialer (protectionLevel=50 flags=0x20cbbec5)
01-18 19:17:03.718  1449  1653 I PackageManager: Un-granting permission android.permission.REQUEST_INSTALL_PACKAGES from package com.google.android.apps.nbu.files (protectionLevel=66 flags=0x30c83ec5)
01-18 19:17:03.719  1449  1653 I PackageManager: Un-granting permission android.permission.REQUEST_INSTALL_PACKAGES from package com.google.android.apps.docs (protectionLevel=66 flags=0x38cbbec5)
01-18 19:17:03.720  1449  1653 I PackageManager: Un-granting permission android.permission.REQUEST_INSTALL_PACKAGES from package com.oculus.twilight (protectionLevel=66 flags=0x30c83e44)
01-18 19:17:03.721  1449  1653 I PackageManager: Un-granting permission com.google.android.gm.permission.READ_GMAIL from package com.google.android.contacts (protectionLevel=2 flags=0x30cbbec5)
01-18 19:17:03.721  1449  1653 I PackageManager: Un-granting permission com.google.android.googleapps.permission.GOOGLE_AUTH from package com.google.android.contacts (protectionLevel=2 flags=0x30cbbec5)
01-18 19:17:03.722  1449  1653 I PackageManager: Un-granting permission android.permission.INTERACT_ACROSS_USERS from package com.google.android.syncadapters.contacts (protectionLevel=50 flags=0x20883e45)
01-18 19:17:03.722  1449  1653 I PackageManager: Un-granting permission android.permission.REQUEST_INSTALL_PACKAGES from package com.android.chrome (protectionLevel=66 flags=0xa0cbbec5)
01-18 19:17:03.723  1449  1653 I PackageManager: Un-granting permission android.permission.CAPTURE_VIDEO_OUTPUT from package com.google.android.gms (protectionLevel=2 flags=0xa0cabec5)
01-18 19:17:03.724  1449  1653 I PackageManager: Un-granting permission android.permission.MANAGE_DEVICE_ADMINS from package com.google.android.gms (protectionLevel=2 flags=0xa0cabec5)
01-18 19:17:03.724  1449  1653 I PackageManager: Un-granting permission android.permission.MANAGE_ACTIVITY_STACKS from package com.google.android.gms (protectionLevel=2 flags=0xa0cabec5)
01-18 19:17:03.724  1449  1653 I PackageManager: Un-granting permission android.permission.CAPTURE_SECURE_VIDEO_OUTPUT from package com.google.android.gms (protectionLevel=2 flags=0xa0cabec5)
01-18 19:17:03.728  1449  1653 I PackageManager: Un-granting permission com.google.android.googleapps.permission.GOOGLE_AUTH from package com.google.android.videos (protectionLevel=2 flags=0x30dbbe44)
01-18 19:17:03.730  1449  1653 I PackageManager: Un-granting permission android.permission.WRITE_MEDIA_STORAGE from package com.google.android.apps.photos (protectionLevel=18 flags=0x38d9bec5)
01-18 19:17:03.731  1449  1653 I PackageManager: Un-granting permission android.permission.WRITE_SETTINGS from package com.glgjing.stark (protectionLevel=1218 flags=0x3088be44)
01-18 19:17:03.731  1449  1653 I PackageManager: Un-granting permission android.permission.SYSTEM_ALERT_WINDOW from package com.glgjing.stark (protectionLevel=1250 flags=0x3088be44)
01-18 19:17:03.731  1449  1653 I PackageManager: Un-granting permission android.permission.PACKAGE_USAGE_STATS from package com.glgjing.stark (protectionLevel=114 flags=0x3088be44)
01-18 19:17:03.734  1449  1653 I PackageManager: Un-granting permission android.permission.PACKAGE_USAGE_STATS from package com.hmdglobal.support (protectionLevel=114 flags=0x30c8bec5)
01-18 19:17:03.735  1449  1653 I PackageManager: Un-granting permission android.permission.DUMP from package com.google.android.apps.turbo (protectionLevel=50 flags=0x30cbbec5)
01-18 19:17:03.735  1449  1653 I PackageManager: Un-granting permission android.permission.READ_WALLPAPER_INTERNAL from package com.google.android.apps.wallpaper (protectionLevel=18 flags=0x38cbbec5)
01-18 19:17:04.505  1449  1653 I PackageManager: [SW3]StatsLog PKG_ADM__ADM__MODIFY, isSystemApp:false
01-18 19:17:04.600  1449  1653 I ActivityManager: Force stopping com.mit.reality.hack appid=10635 user=0: pkg removed
01-18 19:17:04.735  1449  9443 W ActivityManager: Permission Denial: Accessing service com.google.android.music/.dial.DialMediaRouteProviderService from pid=3835, uid=10061 that is not exported from uid 10133
01-18 19:17:04.784  1449  3593 W ActivityManager: Permission Denial: Accessing service com.google.android.music/.dial.DialMediaRouteProviderService from pid=3835, uid=10061 that is not exported from uid 10133
01-18 19:17:04.805  1449  3633 W ActivityManager: Permission Denial: Accessing service com.google.android.music/.dial.DialMediaRouteProviderService from pid=3835, uid=10061 that is not exported from uid 10133
01-18 19:17:04.857  1449  3593 D ActivityManager: Package [com.google.android.gms] have process
01-18 19:17:04.920  1449  1634 I ActivityManager: Start proc 24203:com.google.android.gms.ui/u0a61 for service {com.google.android.gms/com.google.android.gms.chimera.UiIntentOperationService}
01-18 19:17:04.920  1449  1634 D ActivityManager: handleProcessStartedLocked mDoneFinishBooting && app.pid != 0 ---> notifyProcessStart, app.processName = com.google.android.gms.ui, app.info = ApplicationInfo{c28181e com.google.android.gms}, app.hostingType = service, getHostingName() = ComponentInfo{com.google.android.gms/com.google.android.gms.chimera.UiIntentOperationService}, getIntentFlag() = 0, getIsPackageRunning() = true, app = ProcessRecord{99f98ff 24203:com.google.android.gms.ui/u0a61}, getExtraData() = Bundle[{SERVICE_INTENT=Intent { act=com.google.android.gms.autofill.sharedpreferences.SLAVE cat=[targeted_intent_op_prefix:.autofill.sharedpreferences.RemoteIntentOperation] cmp=com.google.android.gms/.chimera.UiIntentOperationService }, CALLER_PACKAGE=com.google.android.gms}]
01-18 19:17:14.858  1449  3611 I ActivityManager: Process com.google.android.apps.nbu.files (pid 22387) has died: cch+65 CEM 
01-18 19:17:15.359  1449  3611 W ActivityManager: Unable to start service Intent { cmp=com.evenwell.faceplusrecognition/.FacePlusService } U=0: not found
01-18 19:17:20.457  1449  3586 I ActivityManager: Process com.android.bluetooth (pid 24035) has died: fore SVC 
01-18 19:20:16.009  1449  3611 W ActivityManager: Permission Denial: Accessing service com.google.android.music/.dial.DialMediaRouteProviderService from pid=3835, uid=10061 that is not exported from uid 10133
01-18 19:20:19.500  1449  9738 W ActivityManager: Permission Denial: Accessing service com.google.android.music/.dial.DialMediaRouteProviderService from pid=3835, uid=10061 that is not exported from uid 10133
01-18 19:20:20.628  1449  1634 I ActivityManager: Start proc 24350:com.android.bluetooth/1002 for service {com.android.bluetooth/com.android.bluetooth.btservice.AdapterService}
01-18 19:20:20.629  1449  1634 D ActivityManager: handleProcessStartedLocked mDoneFinishBooting && app.pid != 0 ---> notifyProcessStart, app.processName = com.android.bluetooth, app.info = ApplicationInfo{20fe482 com.android.bluetooth}, app.hostingType = service, getHostingName() = ComponentInfo{com.android.bluetooth/com.android.bluetooth.btservice.AdapterService}, getIntentFlag() = 0, getIsPackageRunning() = false, app = ProcessRecord{6f01793 24350:com.android.bluetooth/1002}, getExtraData() = Bundle[{SERVICE_INTENT=Intent { act=android.bluetooth.IBluetooth cmp=com.android.bluetooth/.btservice.AdapterService }, CALLER_PACKAGE=android}]
01-18 19:20:22.200  1449  1615 D ActivityManager: Package [com.mit.reality.hack] have process
01-18 19:20:22.215  1449  1634 I ActivityManager: Start proc 24406:com.mit.reality.hack/u0a635 for activity {com.mit.reality.hack/com.unity3d.player.UnityPlayerActivity}
01-18 19:20:22.216  1449  1634 D ActivityManager: handleProcessStartedLocked mDoneFinishBooting && app.pid != 0 ---> notifyProcessStart, app.processName = com.mit.reality.hack, app.info = ApplicationInfo{7adda3e com.mit.reality.hack}, app.hostingType = activity, getHostingName() = ComponentInfo{com.mit.reality.hack/com.unity3d.player.UnityPlayerActivity}, getIntentFlag() = 0, getIsPackageRunning() = true, app = ProcessRecord{779009f 24406:com.mit.reality.hack/u0a635}, getExtraData() = null
01-18 19:20:28.050  1449  3611 I ActivityManager: Process com.google.android.youtube (pid 23230) has died: cch+85 CEM 
01-18 19:20:28.429  1449  3597 I ActivityManager: Process com.android.bluetooth (pid 24350) has died: fore SVC 
01-18 19:20:34.324  1449  1634 I ActivityManager: Start proc 24664:com.evenwell.stbmonitor/1000 for broadcast {com.evenwell.stbmonitor/com.fihtdc.stbmonitor.queue.STBMonitorReceiver}
01-18 19:20:34.324  1449  1634 D ActivityManager: handleProcessStartedLocked mDoneFinishBooting && app.pid != 0 ---> notifyProcessStart, app.processName = com.evenwell.stbmonitor, app.info = ApplicationInfo{4d07637 com.evenwell.stbmonitor}, app.hostingType = broadcast, getHostingName() = ComponentInfo{com.evenwell.stbmonitor/com.fihtdc.stbmonitor.queue.STBMonitorReceiver}, getIntentFlag() = 16777236, getIsPackageRunning() = false, app = ProcessRecord{65147a4 24664:com.evenwell.stbmonitor/1000}, getExtraData() = Bundle[{BROADCAST_INTENT=Intent { act=android.intent.action.DROPBOX_ENTRY_ADDED flg=0x1000010 (has extras) }, CALLER_PACKAGE=android}]
01-18 19:20:36.171  1449  3597 W ActivityManager: Unable to start service Intent { cmp=com.evenwell.faceplusrecognition/.FacePlusService } U=0: not found
01-18 19:22:18.001  1449  3484 W ActivityManager: Background start not allowed: service Intent { cmp=com.google.android.apps.messaging/.shared.datamodel.action.execution.ActionExecutorImpl$EmptyService } to com.google.android.apps.messaging/.shared.datamodel.action.execution.ActionExecutorImpl$EmptyService from pid=23776 uid=10113 pkg=com.google.android.apps.messaging startFg?=false
01-18 19:22:18.104  1449  1634 I ActivityManager: Start proc 24787:android.process.acore/u0a45 for content provider {com.android.providers.contacts/com.android.providers.contacts.ContactsProvider2}
01-18 19:22:18.105  1449  1634 D ActivityManager: handleProcessStartedLocked mDoneFinishBooting && app.pid != 0 ---> notifyProcessStart, app.processName = android.process.acore, app.info = ApplicationInfo{f1defae com.android.providers.contacts}, app.hostingType = content provider, getHostingName() = ComponentInfo{com.android.providers.contacts/com.android.providers.contacts.ContactsProvider2}, getIntentFlag() = 0, getIsPackageRunning() = false, app = ProcessRecord{d5a414f 24787:android.process.acore/u0a45}, getExtraData() = null
01-18 19:23:19.738  1449  2785 I ActivityManager: Process com.google.android.apps.turbo:aab (pid 23430) has died: cch+65 CEM 
01-18 19:25:26.691  1449  3597 W ActivityManager: Unbind failed: could not find connection for android.os.BinderProxy@8b40ed2
01-18 19:25:34.424  1449  3592 W ActivityManager: Permission Denial: Accessing service com.google.android.music/.dial.DialMediaRouteProviderService from pid=3835, uid=10061 that is not exported from uid 10133
01-18 19:25:41.048  1449  3484 W ActivityManager: Permission Denial: Accessing service com.google.android.music/.dial.DialMediaRouteProviderService from pid=3835, uid=10061 that is not exported from uid 10133
01-18 19:25:58.307  1449  6960 I ActivityManager: Process com.google.android.webview:webview_service (pid 23454) has died: cch+95 CEM 
01-18 19:25:58.757  1449  1634 I ActivityManager: Start proc 25031:com.android.bluetooth/1002 for service {com.android.bluetooth/com.android.bluetooth.btservice.AdapterService}
01-18 19:25:58.758  1449  1634 D ActivityManager: handleProcessStartedLocked mDoneFinishBooting && app.pid != 0 ---> notifyProcessStart, app.processName = com.android.bluetooth, app.info = ApplicationInfo{117702b com.android.bluetooth}, app.hostingType = service, getHostingName() = ComponentInfo{com.android.bluetooth/com.android.bluetooth.btservice.AdapterService}, getIntentFlag() = 0, getIsPackageRunning() = false, app = ProcessRecord{76a0c88 25031:com.android.bluetooth/1002}, getExtraData() = Bundle[{SERVICE_INTENT=Intent { act=android.bluetooth.IBluetooth cmp=com.android.bluetooth/.btservice.AdapterService }, CALLER_PACKAGE=android}]
01-18 19:25:58.781  1449  8956 I ActivityManager: Process com.mit.reality.hack (pid 24406) has died: cch+5 CEM 
01-18 19:25:58.798  1449  1615 W ActivityManager: setHasOverlayUi called on unknown pid: 24406
01-18 19:26:02.296  1449  1615 D ActivityManager: Package [com.mit.reality.hack] have process
01-18 19:26:02.311  1449  1634 I ActivityManager: Start proc 25089:com.mit.reality.hack/u0a635 for activity {com.mit.reality.hack/com.unity3d.player.UnityPlayerActivity}
01-18 19:26:02.311  1449  1634 D ActivityManager: handleProcessStartedLocked mDoneFinishBooting && app.pid != 0 ---> notifyProcessStart, app.processName = com.mit.reality.hack, app.info = ApplicationInfo{7adda3e com.mit.reality.hack}, app.hostingType = activity, getHostingName() = ComponentInfo{com.mit.reality.hack/com.unity3d.player.UnityPlayerActivity}, getIntentFlag() = 0, getIsPackageRunning() = true, app = ProcessRecord{73369f4 25089:com.mit.reality.hack/u0a635}, getExtraData() = null
01-18 19:26:08.446  1449  3632 I ActivityManager: Process com.android.bluetooth (pid 25031) has died: fore SVC 
01-18 19:28:04.628  1449  1634 I ActivityManager: Start proc 25575:com.android.bluetooth/1002 for service {com.android.bluetooth/com.android.bluetooth.btservice.AdapterService}
01-18 19:28:04.628  1449  1634 D ActivityManager: handleProcessStartedLocked mDoneFinishBooting && app.pid != 0 ---> notifyProcessStart, app.processName = com.android.bluetooth, app.info = ApplicationInfo{2a163f3 com.android.bluetooth}, app.hostingType = service, getHostingName() = ComponentInfo{com.android.bluetooth/com.android.bluetooth.btservice.AdapterService}, getIntentFlag() = 0, getIsPackageRunning() = false, app = ProcessRecord{c1dc8b0 25575:com.android.bluetooth/1002}, getExtraData() = Bundle[{SERVICE_INTENT=Intent { act=android.bluetooth.IBluetooth cmp=com.android.bluetooth/.btservice.AdapterService }, CALLER_PACKAGE=android}]
01-18 19:28:05.354  1449  1615 I ActivityManager: Killing 25089:com.mit.reality.hack/u0a635 (adj 905): remove task
01-18 19:28:05.481  1449  1615 W ActivityManager: setHasOverlayUi called on unknown pid: 25089
01-18 19:28:07.373  1449  1522 W ActivityManager: Unable to start service Intent { cmp=com.evenwell.faceplusrecognition/.FacePlusService } U=0: not found
01-18 19:28:12.487  1449  3632 I ActivityManager: Process com.android.bluetooth (pid 25575) has died: fore SVC 
01-18 19:28:55.231  1449  1523 W ActivityManager: Permission Denial: Accessing service com.google.android.music/.dial.DialMediaRouteProviderService from pid=3835, uid=10061 that is not exported from uid 10133
01-18 19:29:17.489  1449  2932 W ActivityManager: Permission Denial: Accessing service com.google.android.music/.dial.DialMediaRouteProviderService from pid=3835, uid=10061 that is not exported from uid 10133
01-18 19:29:46.701  1449  1523 W ActivityManager: Permission Denial: Accessing service com.google.android.music/.dial.DialMediaRouteProviderService from pid=3835, uid=10061 that is not exported from uid 10133
01-18 19:29:55.717  1449  6960 W ActivityManager: Unable to start service Intent { act=local_action cmp=com.google.android.gms/.car.InCallService2 } U=0: not found
01-18 19:29:55.742  1449  1634 I ActivityManager: Start proc 25787:com.google.android.contacts/u0a65 for service {com.google.android.contacts/com.google.android.apps.contacts.shortcut.ShortcutJobService}
01-18 19:29:55.742  1449  1634 D ActivityManager: handleProcessStartedLocked mDoneFinishBooting && app.pid != 0 ---> notifyProcessStart, app.processName = com.google.android.contacts, app.info = ApplicationInfo{e1237fe com.google.android.contacts}, app.hostingType = service, getHostingName() = ComponentInfo{com.google.android.contacts/com.google.android.apps.contacts.shortcut.ShortcutJobService}, getIntentFlag() = 0, getIsPackageRunning() = false, app = ProcessRecord{7456b5f 25787:com.google.android.contacts/u0a65}, getExtraData() = Bundle[{SERVICE_INTENT=Intent { cmp=com.google.android.contacts/com.google.android.apps.contacts.shortcut.ShortcutJobService }, CALLER_PACKAGE=android}]
01-18 19:29:56.444  1449  5810 W ActivityManager: Permission Denial: Accessing service com.google.android.music/.dial.DialMediaRouteProviderService from pid=3835, uid=10061 that is not exported from uid 10133
01-18 19:38:32.306  1449  1634 I ActivityManager: Start proc 25932:com.android.providers.calendar/u0a49 for content provider {com.android.providers.calendar/com.android.providers.calendar.CalendarProvider2}
01-18 19:38:32.306  1449  1634 D ActivityManager: handleProcessStartedLocked mDoneFinishBooting && app.pid != 0 ---> notifyProcessStart, app.processName = com.android.providers.calendar, app.info = ApplicationInfo{f3c03e6 com.android.providers.calendar}, app.hostingType = content provider, getHostingName() = ComponentInfo{com.android.providers.calendar/com.android.providers.calendar.CalendarProvider2}, getIntentFlag() = 0, getIsPackageRunning() = false, app = ProcessRecord{fa1ed27 25932:com.android.providers.calendar/u0a49}, getExtraData() = null
01-18 19:38:32.483  1449  3597 W ActivityManager: Unable to start service Intent { act=com.google.firebase.MESSAGING_EVENT pkg=com.google.android.googlequicksearchbox } U=0: not found
01-18 19:38:32.583  1449  3597 W ActivityManager: Unable to start service Intent { act=com.google.firebase.MESSAGING_EVENT pkg=com.google.android.googlequicksearchbox } U=0: not found
01-18 19:48:37.358  1449  1634 I ActivityManager: Start proc 26002:com.google.android.apps.maps/u0a112 for broadcast {com.google.android.apps.maps/com.google.android.apps.gmm.directions.commute.setup.service.CommuteSetupBroadcastReceiver}
01-18 19:48:37.358  1449  1634 D ActivityManager: handleProcessStartedLocked mDoneFinishBooting && app.pid != 0 ---> notifyProcessStart, app.processName = com.google.android.apps.maps, app.info = ApplicationInfo{cf255e0 com.google.android.apps.maps}, app.hostingType = broadcast, getHostingName() = ComponentInfo{com.google.android.apps.maps/com.google.android.apps.gmm.directions.commute.setup.service.CommuteSetupBroadcastReceiver}, getIntentFlag() = 20, getIsPackageRunning() = false, app = ProcessRecord{4990099 26002:com.google.android.apps.maps/u0a112}, getExtraData() = Bundle[{BROADCAST_INTENT=Intent { act=com.google.android.apps.gmm.directions.commute.setup.service.ALARM flg=0x14 cmp=com.google.android.apps.maps/com.google.android.apps.gmm.directions.commute.setup.service.CommuteSetupBroadcastReceiver (has extras) }, CALLER_PACKAGE=com.google.android.apps.maps}]
01-18 19:48:38.122  1449  1634 I ActivityManager: Start proc 26060:com.google.process.gapps/u0a61 for content provider {com.google.android.gsf/com.google.android.gsf.settings.GoogleSettingsProvider}
01-18 19:48:38.122  1449  1634 D ActivityManager: handleProcessStartedLocked mDoneFinishBooting && app.pid != 0 ---> notifyProcessStart, app.processName = com.google.process.gapps, app.info = ApplicationInfo{2062a71 com.google.android.gsf}, app.hostingType = content provider, getHostingName() = ComponentInfo{com.google.android.gsf/com.google.android.gsf.settings.GoogleSettingsProvider}, getIntentFlag() = 0, getIsPackageRunning() = false, app = ProcessRecord{1f4b056 26060:com.google.process.gapps/u0a61}, getExtraData() = null
01-18 19:48:39.423  1449  1634 I ActivityManager: Start proc 26107:com.google.android.calendar/u0a94 for service {com.google.android.calendar/com.firebase.jobdispatcher.GooglePlayReceiver}
01-18 19:48:39.423  1449  1634 D ActivityManager: handleProcessStartedLocked mDoneFinishBooting && app.pid != 0 ---> notifyProcessStart, app.processName = com.google.android.calendar, app.info = ApplicationInfo{1967736 com.google.android.calendar}, app.hostingType = service, getHostingName() = ComponentInfo{com.google.android.calendar/com.firebase.jobdispatcher.GooglePlayReceiver}, getIntentFlag() = 0, getIsPackageRunning() = false, app = ProcessRecord{f276637 26107:com.google.android.calendar/u0a94}, getExtraData() = Bundle[{SERVICE_INTENT=Intent { act=com.google.android.gms.gcm.ACTION_TASK_READY cmp=com.google.android.calendar/com.firebase.jobdispatcher.GooglePlayReceiver }, CALLER_PACKAGE=com.google.android.gms}]
01-18 19:48:40.599  1449  1634 I ActivityManager: Start proc 26158:com.google.android.gm/u0a105 for service {com.google.android.gm/com.google.android.gm.provider.MailSyncAdapterService}
01-18 19:48:40.599  1449  1634 D ActivityManager: handleProcessStartedLocked mDoneFinishBooting && app.pid != 0 ---> notifyProcessStart, app.processName = com.google.android.gm, app.info = ApplicationInfo{e63f4c7 com.google.android.gm}, app.hostingType = service, getHostingName() = ComponentInfo{com.google.android.gm/com.google.android.gm.provider.MailSyncAdapterService}, getIntentFlag() = 0, getIsPackageRunning() = false, app = ProcessRecord{e0e0af4 26158:com.google.android.gm/u0a105}, getExtraData() = Bundle[{SERVICE_INTENT=Intent { act=android.content.SyncAdapter cmp=com.google.android.gm/.provider.MailSyncAdapterService }, CALLER_PACKAGE=android}]
01-18 19:48:40.861  1449  6007 I ActivityManager: Process com.microsoft.skydrive (pid 23546) has died: cch+55 CEM 
01-18 19:48:40.952  1449  3597 I ActivityManager: Process com.google.android.apps.messaging (pid 23776) has died: cch+85 CEM 
01-18 19:48:41.171  1449  8956 I ActivityManager: Process com.hmdglobal.support (pid 23217) has died: cch+75 CEM 
01-18 19:48:41.191  1449  8956 I ActivityManager: Killing 23487:com.google.android.webview:sandboxed_process0:org.chromium.content.app.SandboxedProcessService0/u0a71i22 (adj 0): isolated not needed
01-18 20:03:43.534  1449  7548 I ActivityManager: Process com.android.keychain (pid 15916) has died: cch+85 CEM 
01-18 20:03:46.442  1449  1634 I ActivityManager: Start proc 26372:com.google.android.apps.nbu.files/u0a60 for service {com.google.android.apps.nbu.files/com.google.android.apps.nbu.files.junkdetection.JunkDetectionService}
01-18 20:03:46.442  1449  1634 D ActivityManager: handleProcessStartedLocked mDoneFinishBooting && app.pid != 0 ---> notifyProcessStart, app.processName = com.google.android.apps.nbu.files, app.info = ApplicationInfo{7bb3164 com.google.android.apps.nbu.files}, app.hostingType = service, getHostingName() = ComponentInfo{com.google.android.apps.nbu.files/com.google.android.apps.nbu.files.junkdetection.JunkDetectionService}, getIntentFlag() = 0, getIsPackageRunning() = false, app = ProcessRecord{b18afcd 26372:com.google.android.apps.nbu.files/u0a60}, getExtraData() = Bundle[{SERVICE_INTENT=Intent { cmp=com.google.android.apps.nbu.files/.junkdetection.JunkDetectionService }, CALLER_PACKAGE=android}]
01-18 20:03:46.678  1449  3635 I ActivityManager: Process com.google.android.partnersetup (pid 24086) has died: cch+95 CEM 
01-18 20:03:46.891  1449  3598 I ActivityManager: Process com.google.android.gms.ui (pid 24203) has died: cch+85 CEM 
01-18 20:03:46.965  1449  3484 I ActivityManager: Process com.google.ar.core (pid 18691) has died: cch+75 CEM 
01-18 20:08:03.901  1449  6007 W ActivityManager: Unbind failed: could not find connection for android.os.BinderProxy@48c6268
01-18 20:11:24.964  1449  3484 I ActivityManager: Process com.Triplee.TripleeSocial (pid 24103) has died: cch+85 CEM 
01-18 20:11:25.010  1449  2785 I ActivityManager: Process com.google.android.contacts (pid 25787) has died: cch+75 CEM 
01-18 20:17:24.353  1449  1522 W ActivityManager: Unable to start service Intent { act=local_action cmp=com.google.android.gms/.car.InCallService2 } U=0: not found
01-18 20:17:24.506  1449  3634 D ActivityManager: Package [com.google.android.gms] have process
01-18 20:17:24.537  1449  1634 I ActivityManager: Start proc 26536:com.google.android.gms.learning/u0a61 for service {com.google.android.gms/com.google.android.gms.learning.training.background.TrainingGcmTaskService}
01-18 20:17:24.537  1449  1634 D ActivityManager: handleProcessStartedLocked mDoneFinishBooting && app.pid != 0 ---> notifyProcessStart, app.processName = com.google.android.gms.learning, app.info = ApplicationInfo{acae062 com.google.android.gms}, app.hostingType = service, getHostingName() = ComponentInfo{com.google.android.gms/com.google.android.gms.learning.training.background.TrainingGcmTaskService}, getIntentFlag() = 0, getIsPackageRunning() = true, app = ProcessRecord{68b95f3 26536:com.google.android.gms.learning/u0a61}, getExtraData() = Bundle[{SERVICE_INTENT=Intent { act=com.google.android.gms.gcm.ACTION_TASK_READY cmp=com.google.android.gms/.learning.training.background.TrainingGcmTaskService }, CALLER_PACKAGE=com.google.android.gms}]
01-18 20:17:24.646  1449  6960 W ActivityManager: Unable to start service Intent { act=com.google.firebase.MESSAGING_EVENT pkg=com.google.android.googlequicksearchbox } U=0: not found
01-18 20:17:24.727  1449  5810 I ActivityManager: Process com.android.settings (pid 23988) has died: cch+75 CEM 
01-18 20:17:24.737  1449  1615 W ActivityManager: setHasOverlayUi called on unknown pid: 23988
01-18 20:17:24.857  1449  5810 W ActivityManager: Unable to start service Intent { act=com.google.firebase.MESSAGING_EVENT pkg=com.google.android.googlequicksearchbox } U=0: not found
01-18 20:17:25.041  1449  6861 W ActivityManager: Permission Denial: Accessing service com.google.android.music/.dial.DialMediaRouteProviderService from pid=3835, uid=10061 that is not exported from uid 10133
01-18 20:17:25.151  1449  3586 I ActivityManager: Process com.google.android.apps.maps (pid 26002) has died: cch+65 CEM 
01-18 20:17:25.451  1449  9443 I ActivityManager: Process com.google.process.gapps (pid 26060) has died: cch+55 CEM 
01-18 20:17:25.577  1449  9443 I ActivityManager: Process com.android.providers.calendar (pid 25932) has died: cch+55 CEM 
01-18 20:17:27.376  1449  1449 D ActivityManager: Package [com.google.android.apps.turbo] have process
01-18 20:17:27.401  1449  1634 I ActivityManager: Start proc 26603:com.google.android.apps.photos/u0a119 for service {com.google.android.apps.photos/androidx.work.impl.background.systemjob.SystemJobService}
01-18 20:17:27.401  1449  1634 D ActivityManager: handleProcessStartedLocked mDoneFinishBooting && app.pid != 0 ---> notifyProcessStart, app.processName = com.google.android.apps.photos, app.info = ApplicationInfo{c9d1283 com.google.android.apps.photos}, app.hostingType = service, getHostingName() = ComponentInfo{com.microsoft.skydrive/com.microsoft.skydrive.jobs.UpdateMetadataForOfflineFilesJob}, getIntentFlag() = 0, getIsPackageRunning() = false, app = ProcessRecord{ed6fc00 26603:com.google.android.apps.photos/u0a119}, getExtraData() = Bundle[{SERVICE_INTENT=Intent { cmp=com.microsoft.skydrive/.jobs.UpdateMetadataForOfflineFilesJob }, CALLER_PACKAGE=android}]
01-18 20:17:27.428  1449  1634 I ActivityManager: Start proc 26609:com.google.android.apps.turbo:aab/u0a173 for service {com.google.android.apps.turbo/com.google.android.libraries.smartbattery.appusage.library.EvaluateAppBucketsJob}
01-18 20:17:27.428  1449  1634 D ActivityManager: handleProcessStartedLocked mDoneFinishBooting && app.pid != 0 ---> notifyProcessStart, app.processName = com.google.android.apps.turbo:aab, app.info = ApplicationInfo{1afd82c com.google.android.apps.turbo}, app.hostingType = service, getHostingName() = ComponentInfo{com.microsoft.skydrive/com.microsoft.skydrive.jobs.UpdateMetadataForOfflineFilesJob}, getIntentFlag() = 0, getIsPackageRunning() = false, app = ProcessRecord{9c4a2f5 26609:com.google.android.apps.turbo:aab/u0a173}, getExtraData() = Bundle[{SERVICE_INTENT=Intent { cmp=com.microsoft.skydrive/.jobs.UpdateMetadataForOfflineFilesJob }, CALLER_PACKAGE=android}]
01-18 20:17:27.461  1449  1634 I ActivityManager: Start proc 26632:com.microsoft.skydrive/u0a213 for service {com.microsoft.skydrive/com.microsoft.skydrive.jobs.UpdateMetadataForOfflineFilesJob}
01-18 20:17:27.461  1449  1634 D ActivityManager: handleProcessStartedLocked mDoneFinishBooting && app.pid != 0 ---> notifyProcessStart, app.processName = com.microsoft.skydrive, app.info = ApplicationInfo{ea7825e com.microsoft.skydrive}, app.hostingType = service, getHostingName() = ComponentInfo{com.microsoft.skydrive/com.microsoft.skydrive.jobs.UpdateMetadataForOfflineFilesJob}, getIntentFlag() = 0, getIsPackageRunning() = false, app = ProcessRecord{26f5356 26632:com.microsoft.skydrive/u0a213}, getExtraData() = Bundle[{SERVICE_INTENT=Intent { cmp=com.microsoft.skydrive/.jobs.UpdateMetadataForOfflineFilesJob }, CALLER_PACKAGE=android}]
01-18 20:17:28.322  1449  1634 I ActivityManager: Start proc 26733:com.google.android.partnersetup/u0a67 for service {com.google.android.partnersetup/com.google.android.partnersetup.InstalledAppJobService}
01-18 20:17:28.322  1449  1634 D ActivityManager: handleProcessStartedLocked mDoneFinishBooting && app.pid != 0 ---> notifyProcessStart, app.processName = com.google.android.partnersetup, app.info = ApplicationInfo{86a5623 com.google.android.partnersetup}, app.hostingType = service, getHostingName() = ComponentInfo{com.google.android.partnersetup/com.google.android.partnersetup.InstalledAppJobService}, getIntentFlag() = 0, getIsPackageRunning() = false, app = ProcessRecord{d978720 26733:com.google.android.partnersetup/u0a67}, getExtraData() = Bundle[{SERVICE_INTENT=Intent { cmp=com.google.android.partnersetup/.InstalledAppJobService }, CALLER_PACKAGE=android}]
01-18 20:17:28.435  1449  1634 I ActivityManager: Start proc 26762:com.hmdglobal.camera2/u0a52 for content provider {com.hmdglobal.camera2/com.android.camera.SpeicalTypeProviders.DepthTypeDBProvider}
01-18 20:17:28.436  1449  1634 D ActivityManager: handleProcessStartedLocked mDoneFinishBooting && app.pid != 0 ---> notifyProcessStart, app.processName = com.hmdglobal.camera2, app.info = ApplicationInfo{63609ac com.hmdglobal.camera2}, app.hostingType = content provider, getHostingName() = ComponentInfo{com.hmdglobal.camera2/com.android.camera.SpeicalTypeProviders.DepthTypeDBProvider}, getIntentFlag() = 0, getIsPackageRunning() = false, app = ProcessRecord{2fcb675 26762:com.hmdglobal.camera2/u0a52}, getExtraData() = null
01-18 20:17:28.572  1449  1634 I ActivityManager: Start proc 26792:com.Triplee.TripleeSocial/u0a563 for service {com.Triplee.TripleeSocial/com.onesignal.SyncJobService}
01-18 20:17:28.573  1449  1634 D ActivityManager: handleProcessStartedLocked mDoneFinishBooting && app.pid != 0 ---> notifyProcessStart, app.processName = com.Triplee.TripleeSocial, app.info = ApplicationInfo{71b5822 com.Triplee.TripleeSocial}, app.hostingType = service, getHostingName() = ComponentInfo{com.Triplee.TripleeSocial/com.onesignal.SyncJobService}, getIntentFlag() = 0, getIsPackageRunning() = false, app = ProcessRecord{45da65b 26792:com.Triplee.TripleeSocial/u0a563}, getExtraData() = Bundle[{SERVICE_INTENT=Intent { cmp=com.Triplee.TripleeSocial/com.onesignal.SyncJobService }, CALLER_PACKAGE=android}]
01-18 20:17:28.648  1449  1634 I ActivityManager: Start proc 26815:com.google.android.contacts/u0a65 for service {com.google.android.contacts/com.google.android.apps.contacts.shortcut.ShortcutJobService}
01-18 20:17:28.649  1449  1634 D ActivityManager: handleProcessStartedLocked mDoneFinishBooting && app.pid != 0 ---> notifyProcessStart, app.processName = com.google.android.contacts, app.info = ApplicationInfo{1086035 com.google.android.contacts}, app.hostingType = service, getHostingName() = ComponentInfo{com.google.android.contacts/com.google.android.apps.contacts.shortcut.ShortcutJobService}, getIntentFlag() = 0, getIsPackageRunning() = false, app = ProcessRecord{bdf4cca 26815:com.google.android.contacts/u0a65}, getExtraData() = Bundle[{SERVICE_INTENT=Intent { cmp=com.google.android.contacts/com.google.android.apps.contacts.shortcut.ShortcutJobService }, CALLER_PACKAGE=android}]
01-18 20:17:28.848  1449  3586 W ActivityManager: Background start not allowed: service Intent { cmp=com.microsoft.skydrive/com.microsoft.odsp.task.TaskService } to com.microsoft.skydrive/com.microsoft.odsp.task.TaskService from pid=26632 uid=10213 pkg=com.microsoft.skydrive startFg?=false
01-18 20:17:30.583  1449  1634 I ActivityManager: Start proc 26945:com.android.providers.calendar/u0a49 for broadcast {com.android.providers.calendar/com.android.providers.calendar.CalendarProviderBroadcastReceiver}
01-18 20:17:30.584  1449  1634 D ActivityManager: handleProcessStartedLocked mDoneFinishBooting && app.pid != 0 ---> notifyProcessStart, app.processName = com.android.providers.calendar, app.info = ApplicationInfo{44b049e com.android.providers.calendar}, app.hostingType = broadcast, getHostingName() = ComponentInfo{com.android.providers.calendar/com.android.providers.calendar.CalendarProviderBroadcastReceiver}, getIntentFlag() = 20, getIsPackageRunning() = false, app = ProcessRecord{821257d 26945:com.android.providers.calendar/u0a49}, getExtraData() = Bundle[{BROADCAST_INTENT=Intent { act=com.android.providers.calendar.intent.CalendarProvider2 flg=0x14 cmp=com.android.providers.calendar/.CalendarProviderBroadcastReceiver (has extras) }, CALLER_PACKAGE=com.android.providers.calendar}]
01-18 20:17:41.177  1449  9738 W ActivityManager: Permission Denial: Accessing service com.google.android.music/.dial.DialMediaRouteProviderService from pid=3835, uid=10061 that is not exported from uid 10133
01-18 20:17:44.898  1449  1634 I ActivityManager: Start proc 27014:com.android.settings/1000 for broadcast {com.android.settings/cust.settings.deviceinfo.MtpEnableSettingReceiver}
01-18 20:17:44.899  1449  1634 D ActivityManager: handleProcessStartedLocked mDoneFinishBooting && app.pid != 0 ---> notifyProcessStart, app.processName = com.android.settings, app.info = ApplicationInfo{9a66cf3 com.android.settings}, app.hostingType = broadcast, getHostingName() = ComponentInfo{com.android.settings/cust.settings.deviceinfo.MtpEnableSettingReceiver}, getIntentFlag() = 822083604, getIsPackageRunning() = false, app = ProcessRecord{8009db0 27014:com.android.settings/1000}, getExtraData() = Bundle[{BROADCAST_INTENT=Intent { act=com.fihtdc.usb.dialog flg=0x31000010 (has extras) }, CALLER_PACKAGE=android}]
01-18 20:17:51.574  1449  9312 I ActivityManager: Process com.google.android.gm (pid 26158) has died: cch+65 CEM 
01-18 20:17:52.536  1449  1633 I ActivityManager: Force stopping com.mit.reality.hack appid=10635 user=-1: installPackageLI
01-18 20:17:52.536  1449  1653 I PackageManager: Update package com.mit.reality.hack code path from /data/app/com.mit.reality.hack-38QSZ-Hy26ukxLyNfF9hKQ== to /data/app/com.mit.reality.hack-29XI8dovDJXZJp0qGOviMg==; Retain data and using new
01-18 20:17:52.536  1449  1653 I PackageManager: Update package com.mit.reality.hack resource path from /data/app/com.mit.reality.hack-38QSZ-Hy26ukxLyNfF9hKQ== to /data/app/com.mit.reality.hack-29XI8dovDJXZJp0qGOviMg==; Retain data and using new
01-18 20:17:52.729  1449  1653 I PackageManager: Un-granting permission android.permission.MANAGE_DOCUMENTS from package com.google.android.youtube (protectionLevel=262146 flags=0x30dbbec5)
01-18 20:17:52.731  1449  1653 I PackageManager: Un-granting permission android.permission.MANAGE_USB from package com.google.android.googlequicksearchbox (protectionLevel=18 flags=0xb0dbbec5)
01-18 20:17:52.732  1449  1653 I PackageManager: Un-granting permission com.google.android.googleapps.permission.GOOGLE_AUTH from package com.android.providers.calendar (protectionLevel=2 flags=0x3088be45)
01-18 20:17:52.732  1449  1653 I PackageManager: Un-granting permission com.google.android.googleapps.permission.GOOGLE_AUTH.cl from package com.android.providers.calendar (protectionLevel=2 flags=0x3088be45)
01-18 20:17:52.734  1449  1653 I PackageManager: Un-granting permission com.google.android.setupwizard.READ_DEVICE_ORIGIN from package com.google.android.apps.messaging (protectionLevel=18 flags=0x38cbbec5)
01-18 20:17:52.735  1449  1653 I PackageManager: Un-granting permission android.permission.ACCESS_DOWNLOAD_MANAGER from package com.microsoft.office.officelens (protectionLevel=18 flags=0x30d83e44)
01-18 20:17:52.737  1449  1653 I PackageManager: Un-granting permission android.permission.SEND_DOWNLOAD_COMPLETED_INTENTS from package com.android.vending (protectionLevel=2 flags=0x38cabec5)
01-18 20:17:52.738  1449  1653 I PackageManager: Un-granting permission android.permission.WRITE_SETTINGS from package com.microsoft.skydrive (protectionLevel=1218 flags=0x30d83e44)
01-18 20:17:52.738  1449  1653 I PackageManager: Un-granting permission android.permission.REQUEST_INSTALL_PACKAGES from package com.microsoft.skydrive (protectionLevel=66 flags=0x30d83e44)
01-18 20:17:52.738  1449  1653 I PackageManager: Un-granting permission android.permission.SYSTEM_ALERT_WINDOW from package com.rnunitydemo (protectionLevel=1250 flags=0x3888be46)
01-18 20:17:52.741  1449  1653 I PackageManager: Un-granting permission android.permission.REQUEST_INSTALL_PACKAGES from package com.instagram.android (protectionLevel=66 flags=0x30c83e64)
01-18 20:17:52.743  1449  1653 I PackageManager: Un-granting permission com.google.android.providers.gsf.permission.WRITE_GSERVICES from package com.google.android.as (protectionLevel=18 flags=0x30c8be44)
01-18 20:17:52.743  1449  1653 I PackageManager: Un-granting permission android.permission.REQUEST_INSTALL_PACKAGES from package com.google.android.gm (protectionLevel=66 flags=0x38cbbec5)
01-18 20:17:52.745  1449  1653 I PackageManager: Un-granting permission android.permission.REQUEST_INSTALL_PACKAGES from package com.moodle.moodlemobile (protectionLevel=66 flags=0x38c8be44)
01-18 20:17:52.748  1449  1653 I PackageManager: Un-granting permission android.permission.WRITE_SETTINGS from package com.google.android.music (protectionLevel=1218 flags=0x38cbbe64)
01-18 20:17:52.748  1449  1653 I PackageManager: Un-granting permission android.permission.BIND_JOB_SERVICE from package com.google.android.music (protectionLevel=2 flags=0x38cbbe64)
01-18 20:17:52.749  1449  1653 I PackageManager: Un-granting permission android.permission.LOCATION_HARDWARE from package com.google.android.apps.wellbeing (protectionLevel=18 flags=0x20cbbec5)
01-18 20:17:52.749  1449  1653 I PackageManager: Un-granting permission android.permission.WRITE_SECURE_SETTINGS from package com.google.android.dialer (protectionLevel=50 flags=0x20cbbec5)
01-18 20:17:52.750  1449  1653 I PackageManager: Un-granting permission android.permission.REQUEST_INSTALL_PACKAGES from package com.google.android.apps.nbu.files (protectionLevel=66 flags=0x30c83ec5)
01-18 20:17:52.752  1449  1653 I PackageManager: Un-granting permission android.permission.REQUEST_INSTALL_PACKAGES from package com.google.android.apps.docs (protectionLevel=66 flags=0x38cbbec5)
01-18 20:17:52.752  1449  1653 I PackageManager: Un-granting permission android.permission.REQUEST_INSTALL_PACKAGES from package com.oculus.twilight (protectionLevel=66 flags=0x30c83e44)
01-18 20:17:52.753  1449  1653 I PackageManager: Un-granting permission com.google.android.gm.permission.READ_GMAIL from package com.google.android.contacts (protectionLevel=2 flags=0x30cbbec5)
01-18 20:17:52.753  1449  1653 I PackageManager: Un-granting permission com.google.android.googleapps.permission.GOOGLE_AUTH from package com.google.android.contacts (protectionLevel=2 flags=0x30cbbec5)
01-18 20:17:52.754  1449  1653 I PackageManager: Un-granting permission android.permission.INTERACT_ACROSS_USERS from package com.google.android.syncadapters.contacts (protectionLevel=50 flags=0x20883e45)
01-18 20:17:52.755  1449  1653 I PackageManager: Un-granting permission android.permission.REQUEST_INSTALL_PACKAGES from package com.android.chrome (protectionLevel=66 flags=0xa0cbbec5)
01-18 20:17:52.756  1449  1653 I PackageManager: Un-granting permission android.permission.CAPTURE_VIDEO_OUTPUT from package com.google.android.gms (protectionLevel=2 flags=0xa0cabec5)
01-18 20:17:52.756  1449  1653 I PackageManager: Un-granting permission android.permission.MANAGE_DEVICE_ADMINS from package com.google.android.gms (protectionLevel=2 flags=0xa0cabec5)
01-18 20:17:52.757  1449  1653 I PackageManager: Un-granting permission android.permission.MANAGE_ACTIVITY_STACKS from package com.google.android.gms (protectionLevel=2 flags=0xa0cabec5)
01-18 20:17:52.757  1449  1653 I PackageManager: Un-granting permission android.permission.CAPTURE_SECURE_VIDEO_OUTPUT from package com.google.android.gms (protectionLevel=2 flags=0xa0cabec5)
01-18 20:17:52.761  1449  1653 I PackageManager: Un-granting permission com.google.android.googleapps.permission.GOOGLE_AUTH from package com.google.android.videos (protectionLevel=2 flags=0x30dbbe44)
01-18 20:17:52.763  1449  1653 I PackageManager: Un-granting permission android.permission.WRITE_MEDIA_STORAGE from package com.google.android.apps.photos (protectionLevel=18 flags=0x38d9bec5)
01-18 20:17:52.764  1449  1653 I PackageManager: Un-granting permission android.permission.WRITE_SETTINGS from package com.glgjing.stark (protectionLevel=1218 flags=0x3088be44)
01-18 20:17:52.764  1449  1653 I PackageManager: Un-granting permission android.permission.SYSTEM_ALERT_WINDOW from package com.glgjing.stark (protectionLevel=1250 flags=0x3088be44)
01-18 20:17:52.764  1449  1653 I PackageManager: Un-granting permission android.permission.PACKAGE_USAGE_STATS from package com.glgjing.stark (protectionLevel=114 flags=0x3088be44)
01-18 20:17:52.768  1449  1653 I PackageManager: Un-granting permission android.permission.PACKAGE_USAGE_STATS from package com.hmdglobal.support (protectionLevel=114 flags=0x30c8bec5)
01-18 20:17:52.769  1449  1653 I PackageManager: Un-granting permission android.permission.DUMP from package com.google.android.apps.turbo (protectionLevel=50 flags=0x30cbbec5)
01-18 20:17:52.769  1449  1653 I PackageManager: Un-granting permission android.permission.READ_WALLPAPER_INTERNAL from package com.google.android.apps.wallpaper (protectionLevel=18 flags=0x38cbbec5)
01-18 20:17:53.403  1449  3586 I ActivityManager: Process com.google.android.calendar (pid 26107) has died: cch+65 CEM 
01-18 20:17:53.423  1449  3633 I ActivityManager: Process com.evenwell.stbmonitor (pid 24664) has died: cch+95 CEM 
01-18 20:17:53.468  1449  1634 I ActivityManager: Start proc 27096:com.android.bluetooth/1002 for service {com.android.bluetooth/com.android.bluetooth.btservice.AdapterService}
